<?xml version="1.0" encoding="ISO-8859-1" ?>
<link_info>
   <banner>TI ARM Clang Linker PC v1.3.1.LTS</banner>
   <copyright>Copyright (c) 1996-2018 Texas Instruments Incorporated</copyright>
   <link_time>0x645d02c4</link_time>
   <link_errors>0x0</link_errors>
   <output_file>demo_freerun.out</output_file>
   <entry_point>
      <name>_vectors</name>
      <address>0x0</address>
   </entry_point>
   <input_file_list>
      <input_file id="fl-1">
         <path>.\</path>
         <kind>object</kind>
         <file>demo_freerun.o</file>
         <name>demo_freerun.o</name>
      </input_file>
      <input_file id="fl-2">
         <path>.\syscfg\</path>
         <kind>object</kind>
         <file>ti_dpl_config.o</file>
         <name>ti_dpl_config.o</name>
      </input_file>
      <input_file id="fl-3">
         <path>.\syscfg\</path>
         <kind>object</kind>
         <file>ti_drivers_config.o</file>
         <name>ti_drivers_config.o</name>
      </input_file>
      <input_file id="fl-4">
         <path>.\syscfg\</path>
         <kind>object</kind>
         <file>ti_drivers_open_close.o</file>
         <name>ti_drivers_open_close.o</name>
      </input_file>
      <input_file id="fl-5">
         <path>.\syscfg\</path>
         <kind>object</kind>
         <file>ti_pinmux_config.o</file>
         <name>ti_pinmux_config.o</name>
      </input_file>
      <input_file id="fl-6">
         <path>.\syscfg\</path>
         <kind>object</kind>
         <file>ti_power_clock_config.o</file>
         <name>ti_power_clock_config.o</name>
      </input_file>
      <input_file id="fl-7">
         <path>.\syscfg\</path>
         <kind>object</kind>
         <file>ti_board_config.o</file>
         <name>ti_board_config.o</name>
      </input_file>
      <input_file id="fl-8">
         <path>.\syscfg\</path>
         <kind>object</kind>
         <file>ti_board_open_close.o</file>
         <name>ti_board_open_close.o</name>
      </input_file>
      <input_file id="fl-9">
         <path>.\syscfg\</path>
         <kind>object</kind>
         <file>ti_enet_config.o</file>
         <name>ti_enet_config.o</name>
      </input_file>
      <input_file id="fl-a">
         <path>.\syscfg\</path>
         <kind>object</kind>
         <file>ti_enet_open_close.o</file>
         <name>ti_enet_open_close.o</name>
      </input_file>
      <input_file id="fl-b">
         <path>.\</path>
         <kind>object</kind>
         <file>main.o</file>
         <name>main.o</name>
      </input_file>
      <input_file id="fl-19">
         <kind>object</kind>
         <file>&lt;internal&gt;</file>
         <name>&lt;internal&gt;</name>
      </input_file>
      <input_file id="fl-1a">
         <path>C:\ti\mcu_plus_sdk_am263x_08_03_01_05\source\kernel\nortos\lib\</path>
         <kind>archive</kind>
         <file>nortos.am263x.r5f.ti-arm-clang.debug.lib</file>
         <name>AddrTranslateP_null.obj</name>
      </input_file>
      <input_file id="fl-1b">
         <path>C:\ti\mcu_plus_sdk_am263x_08_03_01_05\source\kernel\nortos\lib\</path>
         <kind>archive</kind>
         <file>nortos.am263x.r5f.ti-arm-clang.debug.lib</file>
         <name>DebugP_uartLogWriter.obj</name>
      </input_file>
      <input_file id="fl-1c">
         <path>C:\ti\mcu_plus_sdk_am263x_08_03_01_05\source\kernel\nortos\lib\</path>
         <kind>archive</kind>
         <file>nortos.am263x.r5f.ti-arm-clang.debug.lib</file>
         <name>DebugP_log.obj</name>
      </input_file>
      <input_file id="fl-1d">
         <path>C:\ti\mcu_plus_sdk_am263x_08_03_01_05\source\kernel\nortos\lib\</path>
         <kind>archive</kind>
         <file>nortos.am263x.r5f.ti-arm-clang.debug.lib</file>
         <name>DebugP_nortos.obj</name>
      </input_file>
      <input_file id="fl-1e">
         <path>C:\ti\mcu_plus_sdk_am263x_08_03_01_05\source\kernel\nortos\lib\</path>
         <kind>archive</kind>
         <file>nortos.am263x.r5f.ti-arm-clang.debug.lib</file>
         <name>SemaphoreP_nortos.obj</name>
      </input_file>
      <input_file id="fl-1f">
         <path>C:\ti\mcu_plus_sdk_am263x_08_03_01_05\source\kernel\nortos\lib\</path>
         <kind>archive</kind>
         <file>nortos.am263x.r5f.ti-arm-clang.debug.lib</file>
         <name>ClockP_nortos.obj</name>
      </input_file>
      <input_file id="fl-20">
         <path>C:\ti\mcu_plus_sdk_am263x_08_03_01_05\source\kernel\nortos\lib\</path>
         <kind>archive</kind>
         <file>nortos.am263x.r5f.ti-arm-clang.debug.lib</file>
         <name>ClockP_nortos_r5.obj</name>
      </input_file>
      <input_file id="fl-21">
         <path>C:\ti\mcu_plus_sdk_am263x_08_03_01_05\source\kernel\nortos\lib\</path>
         <kind>archive</kind>
         <file>nortos.am263x.r5f.ti-arm-clang.debug.lib</file>
         <name>TimerP_rti.obj</name>
      </input_file>
      <input_file id="fl-22">
         <path>C:\ti\mcu_plus_sdk_am263x_08_03_01_05\source\kernel\nortos\lib\</path>
         <kind>archive</kind>
         <file>nortos.am263x.r5f.ti-arm-clang.debug.lib</file>
         <name>HwiP_armv7r_vim.obj</name>
      </input_file>
      <input_file id="fl-23">
         <path>C:\ti\mcu_plus_sdk_am263x_08_03_01_05\source\kernel\nortos\lib\</path>
         <kind>archive</kind>
         <file>nortos.am263x.r5f.ti-arm-clang.debug.lib</file>
         <name>HwiP_armv7r_handlers_nortos.obj</name>
      </input_file>
      <input_file id="fl-24">
         <path>C:\ti\mcu_plus_sdk_am263x_08_03_01_05\source\kernel\nortos\lib\</path>
         <kind>archive</kind>
         <file>nortos.am263x.r5f.ti-arm-clang.debug.lib</file>
         <name>MpuP_armv7r.obj</name>
      </input_file>
      <input_file id="fl-25">
         <path>C:\ti\mcu_plus_sdk_am263x_08_03_01_05\source\kernel\nortos\lib\</path>
         <kind>archive</kind>
         <file>nortos.am263x.r5f.ti-arm-clang.debug.lib</file>
         <name>CacheP_armv7r.obj</name>
      </input_file>
      <input_file id="fl-26">
         <path>C:\ti\mcu_plus_sdk_am263x_08_03_01_05\source\kernel\nortos\lib\</path>
         <kind>archive</kind>
         <file>nortos.am263x.r5f.ti-arm-clang.debug.lib</file>
         <name>printf.obj</name>
      </input_file>
      <input_file id="fl-27">
         <path>C:\ti\mcu_plus_sdk_am263x_08_03_01_05\source\kernel\nortos\lib\</path>
         <kind>archive</kind>
         <file>nortos.am263x.r5f.ti-arm-clang.debug.lib</file>
         <name>HwiP_armv7r_handlers_nortos_asm.obj</name>
      </input_file>
      <input_file id="fl-28">
         <path>C:\ti\mcu_plus_sdk_am263x_08_03_01_05\source\kernel\nortos\lib\</path>
         <kind>archive</kind>
         <file>nortos.am263x.r5f.ti-arm-clang.debug.lib</file>
         <name>HwiP_armv7r_vectors_nortos_asm.obj</name>
      </input_file>
      <input_file id="fl-29">
         <path>C:\ti\mcu_plus_sdk_am263x_08_03_01_05\source\kernel\nortos\lib\</path>
         <kind>archive</kind>
         <file>nortos.am263x.r5f.ti-arm-clang.debug.lib</file>
         <name>boot_armv7r_asm.obj</name>
      </input_file>
      <input_file id="fl-2a">
         <path>C:\ti\mcu_plus_sdk_am263x_08_03_01_05\source\kernel\nortos\lib\</path>
         <kind>archive</kind>
         <file>nortos.am263x.r5f.ti-arm-clang.debug.lib</file>
         <name>HwiP_armv7r_asm.obj</name>
      </input_file>
      <input_file id="fl-2b">
         <path>C:\ti\mcu_plus_sdk_am263x_08_03_01_05\source\kernel\nortos\lib\</path>
         <kind>archive</kind>
         <file>nortos.am263x.r5f.ti-arm-clang.debug.lib</file>
         <name>MpuP_armv7r_asm.obj</name>
      </input_file>
      <input_file id="fl-2c">
         <path>C:\ti\mcu_plus_sdk_am263x_08_03_01_05\source\kernel\nortos\lib\</path>
         <kind>archive</kind>
         <file>nortos.am263x.r5f.ti-arm-clang.debug.lib</file>
         <name>CacheP_armv7r_asm.obj</name>
      </input_file>
      <input_file id="fl-2d">
         <path>C:\ti\mcu_plus_sdk_am263x_08_03_01_05\source\kernel\nortos\lib\</path>
         <kind>archive</kind>
         <file>nortos.am263x.r5f.ti-arm-clang.debug.lib</file>
         <name>boot_armv7r.obj</name>
      </input_file>
      <input_file id="fl-2e">
         <path>C:\ti\mcu_plus_sdk_am263x_08_03_01_05\source\drivers\lib\</path>
         <kind>archive</kind>
         <file>drivers.am263x.r5f.ti-arm-clang.debug.lib</file>
         <name>adc.obj</name>
      </input_file>
      <input_file id="fl-2f">
         <path>C:\ti\mcu_plus_sdk_am263x_08_03_01_05\source\drivers\lib\</path>
         <kind>archive</kind>
         <file>drivers.am263x.r5f.ti-arm-clang.debug.lib</file>
         <name>eqep.obj</name>
      </input_file>
      <input_file id="fl-30">
         <path>C:\ti\mcu_plus_sdk_am263x_08_03_01_05\source\drivers\lib\</path>
         <kind>archive</kind>
         <file>drivers.am263x.r5f.ti-arm-clang.debug.lib</file>
         <name>etpwm.obj</name>
      </input_file>
      <input_file id="fl-31">
         <path>C:\ti\mcu_plus_sdk_am263x_08_03_01_05\source\drivers\lib\</path>
         <kind>archive</kind>
         <file>drivers.am263x.r5f.ti-arm-clang.debug.lib</file>
         <name>gpio.obj</name>
      </input_file>
      <input_file id="fl-32">
         <path>C:\ti\mcu_plus_sdk_am263x_08_03_01_05\source\drivers\lib\</path>
         <kind>archive</kind>
         <file>drivers.am263x.r5f.ti-arm-clang.debug.lib</file>
         <name>pinmux.obj</name>
      </input_file>
      <input_file id="fl-33">
         <path>C:\ti\mcu_plus_sdk_am263x_08_03_01_05\source\drivers\lib\</path>
         <kind>archive</kind>
         <file>drivers.am263x.r5f.ti-arm-clang.debug.lib</file>
         <name>soc.obj</name>
      </input_file>
      <input_file id="fl-34">
         <path>C:\ti\mcu_plus_sdk_am263x_08_03_01_05\source\drivers\lib\</path>
         <kind>archive</kind>
         <file>drivers.am263x.r5f.ti-arm-clang.debug.lib</file>
         <name>soc_rcm.obj</name>
      </input_file>
      <input_file id="fl-35">
         <path>C:\ti\mcu_plus_sdk_am263x_08_03_01_05\source\drivers\lib\</path>
         <kind>archive</kind>
         <file>drivers.am263x.r5f.ti-arm-clang.debug.lib</file>
         <name>uart_v0.obj</name>
      </input_file>
      <input_file id="fl-36">
         <path>C:\ti\mcu_plus_sdk_am263x_08_03_01_05\source\drivers\lib\</path>
         <kind>archive</kind>
         <file>drivers.am263x.r5f.ti-arm-clang.debug.lib</file>
         <name>uart_dma.obj</name>
      </input_file>
      <input_file id="fl-42">
         <path>C:\ti\ti_cgt_tiarmclang_1.3.1.LTS\lib\armv7r-ti-none-eabihf\c\</path>
         <kind>archive</kind>
         <file>libc.a</file>
         <name>fputc.c.obj</name>
      </input_file>
      <input_file id="fl-43">
         <path>C:\ti\ti_cgt_tiarmclang_1.3.1.LTS\lib\armv7r-ti-none-eabihf\c\</path>
         <kind>archive</kind>
         <file>libc.a</file>
         <name>_io_perm.c.obj</name>
      </input_file>
      <input_file id="fl-44">
         <path>C:\ti\ti_cgt_tiarmclang_1.3.1.LTS\lib\armv7r-ti-none-eabihf\c\</path>
         <kind>archive</kind>
         <file>libc.a</file>
         <name>setvbuf.c.obj</name>
      </input_file>
      <input_file id="fl-45">
         <path>C:\ti\ti_cgt_tiarmclang_1.3.1.LTS\lib\armv7r-ti-none-eabihf\c\</path>
         <kind>archive</kind>
         <file>libc.a</file>
         <name>exit.c.obj</name>
      </input_file>
      <input_file id="fl-46">
         <path>C:\ti\ti_cgt_tiarmclang_1.3.1.LTS\lib\armv7r-ti-none-eabihf\c\</path>
         <kind>archive</kind>
         <file>libc.a</file>
         <name>_lock.c.obj</name>
      </input_file>
      <input_file id="fl-47">
         <path>C:\ti\ti_cgt_tiarmclang_1.3.1.LTS\lib\armv7r-ti-none-eabihf\c\</path>
         <kind>archive</kind>
         <file>libc.a</file>
         <name>defs.c.obj</name>
      </input_file>
      <input_file id="fl-48">
         <path>C:\ti\ti_cgt_tiarmclang_1.3.1.LTS\lib\armv7r-ti-none-eabihf\c\</path>
         <kind>archive</kind>
         <file>libc.a</file>
         <name>memory.c.obj</name>
      </input_file>
      <input_file id="fl-49">
         <path>C:\ti\ti_cgt_tiarmclang_1.3.1.LTS\lib\armv7r-ti-none-eabihf\c\</path>
         <kind>archive</kind>
         <file>libc.a</file>
         <name>autoinit.c.obj</name>
      </input_file>
      <input_file id="fl-4a">
         <path>C:\ti\ti_cgt_tiarmclang_1.3.1.LTS\lib\armv7r-ti-none-eabihf\c\</path>
         <kind>archive</kind>
         <file>libc.a</file>
         <name>cpy_tbl.c.obj</name>
      </input_file>
      <input_file id="fl-4b">
         <path>C:\ti\ti_cgt_tiarmclang_1.3.1.LTS\lib\armv7r-ti-none-eabihf\c\</path>
         <kind>archive</kind>
         <file>libc.a</file>
         <name>fflush.c.obj</name>
      </input_file>
      <input_file id="fl-4c">
         <path>C:\ti\ti_cgt_tiarmclang_1.3.1.LTS\lib\armv7r-ti-none-eabihf\c\</path>
         <kind>archive</kind>
         <file>libc.a</file>
         <name>fopen.c.obj</name>
      </input_file>
      <input_file id="fl-4d">
         <path>C:\ti\ti_cgt_tiarmclang_1.3.1.LTS\lib\armv7r-ti-none-eabihf\c\</path>
         <kind>archive</kind>
         <file>libc.a</file>
         <name>fseek.c.obj</name>
      </input_file>
      <input_file id="fl-4e">
         <path>C:\ti\ti_cgt_tiarmclang_1.3.1.LTS\lib\armv7r-ti-none-eabihf\c\</path>
         <kind>archive</kind>
         <file>libc.a</file>
         <name>fclose.c.obj</name>
      </input_file>
      <input_file id="fl-87">
         <path>C:\ti\ti_cgt_tiarmclang_1.3.1.LTS\lib\armv7r-ti-none-eabihf\c\</path>
         <kind>archive</kind>
         <file>libsysbm.a</file>
         <name>write.c.obj</name>
      </input_file>
      <input_file id="fl-88">
         <path>C:\ti\ti_cgt_tiarmclang_1.3.1.LTS\lib\armv7r-ti-none-eabihf\c\</path>
         <kind>archive</kind>
         <file>libsysbm.a</file>
         <name>host_device.c.obj</name>
      </input_file>
      <input_file id="fl-89">
         <path>C:\ti\ti_cgt_tiarmclang_1.3.1.LTS\lib\armv7r-ti-none-eabihf\c\</path>
         <kind>archive</kind>
         <file>libsysbm.a</file>
         <name>remove.c.obj</name>
      </input_file>
      <input_file id="fl-8a">
         <path>C:\ti\ti_cgt_tiarmclang_1.3.1.LTS\lib\armv7r-ti-none-eabihf\c\</path>
         <kind>archive</kind>
         <file>libsysbm.a</file>
         <name>open.c.obj</name>
      </input_file>
      <input_file id="fl-8b">
         <path>C:\ti\ti_cgt_tiarmclang_1.3.1.LTS\lib\armv7r-ti-none-eabihf\c\</path>
         <kind>archive</kind>
         <file>libsysbm.a</file>
         <name>lseek.c.obj</name>
      </input_file>
      <input_file id="fl-8c">
         <path>C:\ti\ti_cgt_tiarmclang_1.3.1.LTS\lib\armv7r-ti-none-eabihf\c\</path>
         <kind>archive</kind>
         <file>libsysbm.a</file>
         <name>close.c.obj</name>
      </input_file>
      <input_file id="fl-8d">
         <path>C:\ti\ti_cgt_tiarmclang_1.3.1.LTS\lib\armv7r-ti-none-eabihf\c\</path>
         <kind>archive</kind>
         <file>libsysbm.a</file>
         <name>unlink.c.obj</name>
      </input_file>
      <input_file id="fl-8e">
         <path>C:\ti\ti_cgt_tiarmclang_1.3.1.LTS\lib\armv7r-ti-none-eabihf\c\</path>
         <kind>archive</kind>
         <file>libsysbm.a</file>
         <name>hostclose.c.obj</name>
      </input_file>
      <input_file id="fl-8f">
         <path>C:\ti\ti_cgt_tiarmclang_1.3.1.LTS\lib\armv7r-ti-none-eabihf\c\</path>
         <kind>archive</kind>
         <file>libsysbm.a</file>
         <name>hostlseek.c.obj</name>
      </input_file>
      <input_file id="fl-90">
         <path>C:\ti\ti_cgt_tiarmclang_1.3.1.LTS\lib\armv7r-ti-none-eabihf\c\</path>
         <kind>archive</kind>
         <file>libsysbm.a</file>
         <name>hostopen.c.obj</name>
      </input_file>
      <input_file id="fl-91">
         <path>C:\ti\ti_cgt_tiarmclang_1.3.1.LTS\lib\armv7r-ti-none-eabihf\c\</path>
         <kind>archive</kind>
         <file>libsysbm.a</file>
         <name>hostread.c.obj</name>
      </input_file>
      <input_file id="fl-92">
         <path>C:\ti\ti_cgt_tiarmclang_1.3.1.LTS\lib\armv7r-ti-none-eabihf\c\</path>
         <kind>archive</kind>
         <file>libsysbm.a</file>
         <name>hostrename.c.obj</name>
      </input_file>
      <input_file id="fl-93">
         <path>C:\ti\ti_cgt_tiarmclang_1.3.1.LTS\lib\armv7r-ti-none-eabihf\c\</path>
         <kind>archive</kind>
         <file>libsysbm.a</file>
         <name>hostunlink.c.obj</name>
      </input_file>
      <input_file id="fl-94">
         <path>C:\ti\ti_cgt_tiarmclang_1.3.1.LTS\lib\armv7r-ti-none-eabihf\c\</path>
         <kind>archive</kind>
         <file>libsysbm.a</file>
         <name>hostwrite.c.obj</name>
      </input_file>
      <input_file id="fl-95">
         <path>C:\ti\ti_cgt_tiarmclang_1.3.1.LTS\lib\armv7r-ti-none-eabihf\c\</path>
         <kind>archive</kind>
         <file>libsysbm.a</file>
         <name>trgmsg.c.obj</name>
      </input_file>
      <input_file id="fl-96">
         <path>C:\ti\ti_cgt_tiarmclang_1.3.1.LTS\lib\clang\12.0.1\lib\armv7r-ti-none-eabihf\</path>
         <kind>archive</kind>
         <file>libclang_rt.builtins.a</file>
         <name>udivsi3.S.obj</name>
      </input_file>
      <input_file id="fl-97">
         <path>C:\ti\ti_cgt_tiarmclang_1.3.1.LTS\lib\clang\12.0.1\lib\armv7r-ti-none-eabihf\</path>
         <kind>archive</kind>
         <file>libclang_rt.builtins.a</file>
         <name>aeabi_div0.c.obj</name>
      </input_file>
      <input_file id="fl-98">
         <path>C:\ti\ti_cgt_tiarmclang_1.3.1.LTS\lib\clang\12.0.1\lib\armv7r-ti-none-eabihf\</path>
         <kind>archive</kind>
         <file>libclang_rt.builtins.a</file>
         <name>aeabi_memcpy.S.obj</name>
      </input_file>
      <input_file id="fl-99">
         <path>C:\ti\ti_cgt_tiarmclang_1.3.1.LTS\lib\clang\12.0.1\lib\armv7r-ti-none-eabihf\</path>
         <kind>archive</kind>
         <file>libclang_rt.builtins.a</file>
         <name>aeabi_memset.S.obj</name>
      </input_file>
      <input_file id="fl-9a">
         <path>C:\ti\ti_cgt_tiarmclang_1.3.1.LTS\lib\clang\12.0.1\lib\armv7r-ti-none-eabihf\</path>
         <kind>archive</kind>
         <file>libclang_rt.builtins.a</file>
         <name>aeabi_uldivmod.S.obj</name>
      </input_file>
      <input_file id="fl-9b">
         <path>C:\ti\ti_cgt_tiarmclang_1.3.1.LTS\lib\clang\12.0.1\lib\armv7r-ti-none-eabihf\</path>
         <kind>archive</kind>
         <file>libclang_rt.builtins.a</file>
         <name>udivmoddi4.S.obj</name>
      </input_file>
      <input_file id="fl-9c">
         <path>C:\ti\ti_cgt_tiarmclang_1.3.1.LTS\lib\armv7r-ti-none-eabihf\c\</path>
         <kind>archive</kind>
         <file>libc.a</file>
         <name>getdevice.c.obj</name>
      </input_file>
      <input_file id="fl-9d">
         <path>C:\ti\ti_cgt_tiarmclang_1.3.1.LTS\lib\armv7r-ti-none-eabihf\c\</path>
         <kind>archive</kind>
         <file>libsysbm.a</file>
         <name>memcpy32.S.obj</name>
      </input_file>
      <input_file id="fl-9e">
         <path>C:\ti\ti_cgt_tiarmclang_1.3.1.LTS\lib\armv7r-ti-none-eabihf\c\</path>
         <kind>archive</kind>
         <file>libsysbm.a</file>
         <name>memset32.S.obj</name>
      </input_file>
      <input_file id="fl-9f">
         <path>C:\ti\mcu_plus_sdk_am263x_08_03_01_05\source\kernel\nortos\lib\</path>
         <kind>archive</kind>
         <file>nortos.am263x.r5f.ti-arm-clang.debug.lib</file>
         <name>CpuId_armv7r.obj</name>
      </input_file>
      <input_file id="fl-a0">
         <path>C:\ti\mcu_plus_sdk_am263x_08_03_01_05\source\kernel\nortos\lib\</path>
         <kind>archive</kind>
         <file>nortos.am263x.r5f.ti-arm-clang.debug.lib</file>
         <name>TaskP_nortos.obj</name>
      </input_file>
      <input_file id="fl-a1">
         <path>C:\ti\mcu_plus_sdk_am263x_08_03_01_05\source\kernel\nortos\lib\</path>
         <kind>archive</kind>
         <file>nortos.am263x.r5f.ti-arm-clang.debug.lib</file>
         <name>CpuId_armv7r_asm.obj</name>
      </input_file>
   </input_file_list>
   <object_component_list>
      <object_component id="oc-2a">
         <name>.vectors</name>
         <load_address>0x0</load_address>
         <run_address>0x0</run_address>
         <size>0x40</size>
         <input_file_ref idref="fl-28"/>
      </object_component>
      <object_component id="oc-5e">
         <name>.text.hwi</name>
         <load_address>0x7005b790</load_address>
         <run_address>0x7005b790</run_address>
         <size>0x5b8</size>
         <input_file_ref idref="fl-22"/>
      </object_component>
      <object_component id="oc-45">
         <name>.text.hwi</name>
         <load_address>0x7005bd50</load_address>
         <run_address>0x7005bd50</run_address>
         <size>0x3d8</size>
         <input_file_ref idref="fl-23"/>
      </object_component>
      <object_component id="oc-49">
         <name>.text.hwi</name>
         <load_address>0x7005c128</load_address>
         <run_address>0x7005c128</run_address>
         <size>0x78</size>
         <input_file_ref idref="fl-27"/>
      </object_component>
      <object_component id="oc-64">
         <name>.text.hwi</name>
         <load_address>0x7005c1a0</load_address>
         <run_address>0x7005c1a0</run_address>
         <size>0x70</size>
         <input_file_ref idref="fl-2a"/>
      </object_component>
      <object_component id="oc-9f">
         <name>.text.cache</name>
         <load_address>0x7005c210</load_address>
         <run_address>0x7005c210</run_address>
         <size>0x340</size>
         <input_file_ref idref="fl-2c"/>
      </object_component>
      <object_component id="oc-6c">
         <name>.text.cache</name>
         <load_address>0x7005c550</load_address>
         <run_address>0x7005c550</run_address>
         <size>0x148</size>
         <input_file_ref idref="fl-25"/>
      </object_component>
      <object_component id="oc-70">
         <name>.text.mpu</name>
         <load_address>0x7005c6a0</load_address>
         <run_address>0x7005c6a0</run_address>
         <size>0x256</size>
         <input_file_ref idref="fl-24"/>
      </object_component>
      <object_component id="oc-a8">
         <name>.text.mpu</name>
         <load_address>0x7005c8f8</load_address>
         <run_address>0x7005c8f8</run_address>
         <size>0x78</size>
         <input_file_ref idref="fl-2b"/>
      </object_component>
      <object_component id="oc-41">
         <name>.text.boot</name>
         <load_address>0x7005c970</load_address>
         <run_address>0x7005c970</run_address>
         <size>0xfc</size>
         <input_file_ref idref="fl-29"/>
      </object_component>
      <object_component id="oc-96">
         <name>.text.boot</name>
         <load_address>0x7005ca70</load_address>
         <run_address>0x7005ca70</run_address>
         <size>0x24</size>
         <input_file_ref idref="fl-1c"/>
      </object_component>
      <object_component id="oc-4e">
         <name>.text.boot</name>
         <load_address>0x7005caa0</load_address>
         <run_address>0x7005caa0</run_address>
         <size>0xc</size>
         <input_file_ref idref="fl-2"/>
      </object_component>
      <object_component id="oc-94">
         <name>.text:abort</name>
         <load_address>0x7005cab0</load_address>
         <run_address>0x7005cab0</run_address>
         <size>0x8</size>
         <input_file_ref idref="fl-45"/>
      </object_component>
      <object_component id="oc-151">
         <name>.text.Drivers_epwmOpen</name>
         <load_address>0x70040000</load_address>
         <run_address>0x70040000</run_address>
         <size>0xd88</size>
         <input_file_ref idref="fl-4"/>
      </object_component>
      <object_component id="oc-184">
         <name>.text._nop</name>
         <load_address>0x70040d88</load_address>
         <run_address>0x70040d88</run_address>
         <size>0x4</size>
         <input_file_ref idref="fl-46"/>
      </object_component>
      <object_component id="oc-307">
         <name>.text.fseek</name>
         <load_address>0x70040d8c</load_address>
         <run_address>0x70040d8c</run_address>
         <size>0x4</size>
         <input_file_ref idref="fl-4d"/>
      </object_component>
      <object_component id="oc-25d">
         <name>.text._vsnprintf</name>
         <load_address>0x70040d90</load_address>
         <run_address>0x70040d90</run_address>
         <size>0xa34</size>
         <input_file_ref idref="fl-26"/>
      </object_component>
      <object_component id="oc-30f">
         <name>.text.malloc</name>
         <load_address>0x700417c4</load_address>
         <run_address>0x700417c4</run_address>
         <size>0xc</size>
         <input_file_ref idref="fl-48"/>
      </object_component>
      <object_component id="oc-8b">
         <name>.text.demo_freerun_main</name>
         <load_address>0x700417d0</load_address>
         <run_address>0x700417d0</run_address>
         <size>0x5c0</size>
         <input_file_ref idref="fl-1"/>
      </object_component>
      <object_component id="oc-2ae">
         <name>.text.SOC_rcmGetClkSrcAndDivReg</name>
         <load_address>0x70041d90</load_address>
         <run_address>0x70041d90</run_address>
         <size>0x574</size>
         <input_file_ref idref="fl-34"/>
      </object_component>
      <object_component id="oc-324">
         <name>.text.remove</name>
         <load_address>0x70042304</load_address>
         <run_address>0x70042304</run_address>
         <size>0x4</size>
         <input_file_ref idref="fl-89"/>
      </object_component>
      <object_component id="oc-12a">
         <name>.text</name>
         <load_address>0x70042308</load_address>
         <run_address>0x70042308</run_address>
         <size>0x4</size>
         <input_file_ref idref="fl-98"/>
      </object_component>
      <object_component id="oc-271">
         <name>.text.SOC_rcmEnablePeripheralClock</name>
         <load_address>0x70042310</load_address>
         <run_address>0x70042310</run_address>
         <size>0x546</size>
         <input_file_ref idref="fl-34"/>
      </object_component>
      <object_component id="oc-29f">
         <name>.text._ftoa</name>
         <load_address>0x70042860</load_address>
         <run_address>0x70042860</run_address>
         <size>0x526</size>
         <input_file_ref idref="fl-26"/>
      </object_component>
      <object_component id="oc-2a0">
         <name>.text._etoa</name>
         <load_address>0x70042d90</load_address>
         <run_address>0x70042d90</run_address>
         <size>0x478</size>
         <input_file_ref idref="fl-26"/>
      </object_component>
      <object_component id="oc-150">
         <name>.text.Drivers_adcOpen</name>
         <load_address>0x70043210</load_address>
         <run_address>0x70043210</run_address>
         <size>0x3d4</size>
         <input_file_ref idref="fl-4"/>
      </object_component>
      <object_component id="oc-25a">
         <name>.text.UART_open</name>
         <load_address>0x700435f0</load_address>
         <run_address>0x700435f0</run_address>
         <size>0x286</size>
         <input_file_ref idref="fl-35"/>
      </object_component>
      <object_component id="oc-2b1">
         <name>.text.UART_fifoConfig</name>
         <load_address>0x70043880</load_address>
         <run_address>0x70043880</run_address>
         <size>0x242</size>
         <input_file_ref idref="fl-35"/>
      </object_component>
      <object_component id="oc-2c6">
         <name>.text._ntoa_format</name>
         <load_address>0x70043ad0</load_address>
         <run_address>0x70043ad0</run_address>
         <size>0x23e</size>
         <input_file_ref idref="fl-26"/>
      </object_component>
      <object_component id="oc-298">
         <name>.text.UART_masterIsr</name>
         <load_address>0x70043d10</load_address>
         <run_address>0x70043d10</run_address>
         <size>0x228</size>
         <input_file_ref idref="fl-35"/>
      </object_component>
      <object_component id="oc-18d">
         <name>.text.TimerP_setup</name>
         <load_address>0x70043f40</load_address>
         <run_address>0x70043f40</run_address>
         <size>0x1fa</size>
         <input_file_ref idref="fl-21"/>
      </object_component>
      <object_component id="oc-20f">
         <name>.text.EPWM_setADCTriggerSource</name>
         <load_address>0x70044140</load_address>
         <run_address>0x70044140</run_address>
         <size>0x1ee</size>
         <input_file_ref idref="fl-4"/>
      </object_component>
      <object_component id="oc-2f8">
         <name>.text.UART_write</name>
         <load_address>0x70044330</load_address>
         <run_address>0x70044330</run_address>
         <size>0x1ee</size>
         <input_file_ref idref="fl-35"/>
      </object_component>
      <object_component id="oc-30e">
         <name>.text.free</name>
         <load_address>0x70044520</load_address>
         <run_address>0x70044520</run_address>
         <size>0x1bc</size>
         <input_file_ref idref="fl-48"/>
      </object_component>
      <object_component id="oc-269">
         <name>.text.UART_close</name>
         <load_address>0x700446e0</load_address>
         <run_address>0x700446e0</run_address>
         <size>0x1b0</size>
         <input_file_ref idref="fl-35"/>
      </object_component>
      <object_component id="oc-316">
         <name>.text.aligned_alloc</name>
         <load_address>0x70044890</load_address>
         <run_address>0x70044890</run_address>
         <size>0x1b0</size>
         <input_file_ref idref="fl-48"/>
      </object_component>
      <object_component id="oc-291">
         <name>.text.UART_configInstance</name>
         <load_address>0x70044a40</load_address>
         <run_address>0x70044a40</run_address>
         <size>0x178</size>
         <input_file_ref idref="fl-35"/>
      </object_component>
      <object_component id="oc-133">
         <name>.text.ClockP_init</name>
         <load_address>0x70044bc0</load_address>
         <run_address>0x70044bc0</run_address>
         <size>0x172</size>
         <input_file_ref idref="fl-20"/>
      </object_component>
      <object_component id="oc-20a">
         <name>.text.EPWM_setInterruptSource</name>
         <load_address>0x70044d40</load_address>
         <run_address>0x70044d40</run_address>
         <size>0x166</size>
         <input_file_ref idref="fl-4"/>
      </object_component>
      <object_component id="oc-fc">
         <name>.text.App_gpioDirIntrISR</name>
         <load_address>0x70044eb0</load_address>
         <run_address>0x70044eb0</run_address>
         <size>0x160</size>
         <input_file_ref idref="fl-1"/>
      </object_component>
      <object_component id="oc-131">
         <name>.text.SOC_controlModuleUnlockMMR</name>
         <load_address>0x70045010</load_address>
         <run_address>0x70045010</run_address>
         <size>0x158</size>
         <input_file_ref idref="fl-33"/>
      </object_component>
      <object_component id="oc-2bf">
         <name>.text.UART_procLineStatusErr</name>
         <load_address>0x70045170</load_address>
         <run_address>0x70045170</run_address>
         <size>0x150</size>
         <input_file_ref idref="fl-35"/>
      </object_component>
      <object_component id="oc-308">
         <name>.text.setvbuf</name>
         <load_address>0x700452c0</load_address>
         <run_address>0x700452c0</run_address>
         <size>0x148</size>
         <input_file_ref idref="fl-44"/>
      </object_component>
      <object_component id="oc-29d">
         <name>.text._ntoa_long_long</name>
         <load_address>0x70045410</load_address>
         <run_address>0x70045410</run_address>
         <size>0x138</size>
         <input_file_ref idref="fl-26"/>
      </object_component>
      <object_component id="oc-2ac">
         <name>.text.SOC_rcmGetPeripheralClockFrequency</name>
         <load_address>0x70045550</load_address>
         <run_address>0x70045550</run_address>
         <size>0x130</size>
         <input_file_ref idref="fl-34"/>
      </object_component>
      <object_component id="oc-21b">
         <name>.text.EPWM_setXCMPActionQualifierAction</name>
         <load_address>0x70045680</load_address>
         <run_address>0x70045680</run_address>
         <size>0x12a</size>
         <input_file_ref idref="fl-4"/>
      </object_component>
      <object_component id="oc-132">
         <name>.text.SOC_controlModuleLockMMR</name>
         <load_address>0x700457b0</load_address>
         <run_address>0x700457b0</run_address>
         <size>0x126</size>
         <input_file_ref idref="fl-33"/>
      </object_component>
      <object_component id="oc-264">
         <name>.text</name>
         <load_address>0x700458d8</load_address>
         <run_address>0x700458d8</run_address>
         <size>0x118</size>
         <input_file_ref idref="fl-9b"/>
      </object_component>
      <object_component id="oc-2b3">
         <name>.text.UART_divisorLatchWrite</name>
         <load_address>0x700459f0</load_address>
         <run_address>0x700459f0</run_address>
         <size>0x116</size>
         <input_file_ref idref="fl-35"/>
      </object_component>
      <object_component id="oc-29e">
         <name>.text._ntoa_long</name>
         <load_address>0x70045b10</load_address>
         <run_address>0x70045b10</run_address>
         <size>0x114</size>
         <input_file_ref idref="fl-26"/>
      </object_component>
      <object_component id="oc-306">
         <name>.text.SOC_rcmADPLLJGetFOut</name>
         <load_address>0x70045c30</load_address>
         <run_address>0x70045c30</run_address>
         <size>0x10e</size>
         <input_file_ref idref="fl-34"/>
      </object_component>
      <object_component id="oc-23f">
         <name>.text.EQEP_setInputPolarity</name>
         <load_address>0x70045d40</load_address>
         <run_address>0x70045d40</run_address>
         <size>0x108</size>
         <input_file_ref idref="fl-2f"/>
      </object_component>
      <object_component id="oc-152">
         <name>.text.Drivers_eqepOpen</name>
         <load_address>0x70045e50</load_address>
         <run_address>0x70045e50</run_address>
         <size>0xfc</size>
         <input_file_ref idref="fl-4"/>
      </object_component>
      <object_component id="oc-1b7">
         <name>.text.ADC_setPPBTripLimits</name>
         <load_address>0x70045f50</load_address>
         <run_address>0x70045f50</run_address>
         <size>0xf2</size>
         <input_file_ref idref="fl-2e"/>
      </object_component>
      <object_component id="oc-10c">
         <name>.text.SemaphoreP_pend</name>
         <load_address>0x70046050</load_address>
         <run_address>0x70046050</run_address>
         <size>0xf0</size>
         <input_file_ref idref="fl-1e"/>
      </object_component>
      <object_component id="oc-2fb">
         <name>.text.SOC_rcmGetCoreFout</name>
         <load_address>0x70046140</load_address>
         <run_address>0x70046140</run_address>
         <size>0xea</size>
         <input_file_ref idref="fl-34"/>
      </object_component>
      <object_component id="oc-2fc">
         <name>.text.SOC_rcmGetPerFout</name>
         <load_address>0x70046230</load_address>
         <run_address>0x70046230</run_address>
         <size>0xea</size>
         <input_file_ref idref="fl-34"/>
      </object_component>
      <object_component id="oc-2f4">
         <name>.text.fputc</name>
         <load_address>0x7004631c</load_address>
         <run_address>0x7004631c</run_address>
         <size>0xe8</size>
         <input_file_ref idref="fl-42"/>
      </object_component>
      <object_component id="oc-2c1">
         <name>.text.UART_intrEnable</name>
         <load_address>0x70046410</load_address>
         <run_address>0x70046410</run_address>
         <size>0xde</size>
         <input_file_ref idref="fl-35"/>
      </object_component>
      <object_component id="oc-2a5">
         <name>.text.UART_intrDisable</name>
         <load_address>0x700464f0</load_address>
         <run_address>0x700464f0</run_address>
         <size>0xda</size>
         <input_file_ref idref="fl-35"/>
      </object_component>
      <object_component id="oc-fe">
         <name>.text.App_gpioBrakeIntrISR</name>
         <load_address>0x700465d0</load_address>
         <run_address>0x700465d0</run_address>
         <size>0xcc</size>
         <input_file_ref idref="fl-1"/>
      </object_component>
      <object_component id="oc-2a4">
         <name>.text.UART_flushTxFifo</name>
         <load_address>0x700466a0</load_address>
         <run_address>0x700466a0</run_address>
         <size>0xcc</size>
         <input_file_ref idref="fl-35"/>
      </object_component>
      <object_component id="oc-32d">
         <name>.text.getdevice</name>
         <load_address>0x7004676c</load_address>
         <run_address>0x7004676c</run_address>
         <size>0xcc</size>
         <input_file_ref idref="fl-9c"/>
      </object_component>
      <object_component id="oc-2d9">
         <name>.text.SOC_rcmGetPerHSDivOut</name>
         <load_address>0x70046840</load_address>
         <run_address>0x70046840</run_address>
         <size>0xc4</size>
         <input_file_ref idref="fl-34"/>
      </object_component>
      <object_component id="oc-257">
         <name>.text.SOC_xbarSelectInterruptXBarInputSource</name>
         <load_address>0x70046910</load_address>
         <run_address>0x70046910</run_address>
         <size>0xc4</size>
         <input_file_ref idref="fl-4"/>
      </object_component>
      <object_component id="oc-304">
         <name>.text.UART_writePolling</name>
         <load_address>0x700469e0</load_address>
         <run_address>0x700469e0</run_address>
         <size>0xc2</size>
         <input_file_ref idref="fl-35"/>
      </object_component>
      <object_component id="oc-1b9">
         <name>.text.ADC_setBurstModeConfig</name>
         <load_address>0x70046ab0</load_address>
         <run_address>0x70046ab0</run_address>
         <size>0xc0</size>
         <input_file_ref idref="fl-4"/>
      </object_component>
      <object_component id="oc-1fa">
         <name>.text.EPWM_setFallingEdgeDeadBandDelayInput</name>
         <load_address>0x70046b70</load_address>
         <run_address>0x70046b70</run_address>
         <size>0xc0</size>
         <input_file_ref idref="fl-4"/>
      </object_component>
      <object_component id="oc-2c8">
         <name>.text._out_rev</name>
         <load_address>0x70046c30</load_address>
         <run_address>0x70046c30</run_address>
         <size>0xc0</size>
         <input_file_ref idref="fl-26"/>
      </object_component>
      <object_component id="oc-267">
         <name>.text.ClockP_stop</name>
         <load_address>0x70046cf0</load_address>
         <run_address>0x70046cf0</run_address>
         <size>0xba</size>
         <input_file_ref idref="fl-1f"/>
      </object_component>
      <object_component id="oc-1cd">
         <name>.text.EPWM_setCounterCompareShadowLoadMode</name>
         <load_address>0x70046db0</load_address>
         <run_address>0x70046db0</run_address>
         <size>0xba</size>
         <input_file_ref idref="fl-4"/>
      </object_component>
      <object_component id="oc-138">
         <name>.text.TimerP_init</name>
         <load_address>0x70046e70</load_address>
         <run_address>0x70046e70</run_address>
         <size>0xba</size>
         <input_file_ref idref="fl-2"/>
      </object_component>
      <object_component id="oc-14b">
         <name>.text.UART_init</name>
         <load_address>0x70046f30</load_address>
         <run_address>0x70046f30</run_address>
         <size>0xba</size>
         <input_file_ref idref="fl-35"/>
      </object_component>
      <object_component id="oc-18f">
         <name>.text.ClockP_timerTickIsr</name>
         <load_address>0x70046ff0</load_address>
         <run_address>0x70046ff0</run_address>
         <size>0xb8</size>
         <input_file_ref idref="fl-1f"/>
      </object_component>
      <object_component id="oc-317">
         <name>.text.__TI_closefile</name>
         <load_address>0x700470a8</load_address>
         <run_address>0x700470a8</run_address>
         <size>0xb4</size>
         <input_file_ref idref="fl-4e"/>
      </object_component>
      <object_component id="oc-276">
         <name>.text.SOC_rcmSetPeripheralClock</name>
         <load_address>0x70047160</load_address>
         <run_address>0x70047160</run_address>
         <size>0xb0</size>
         <input_file_ref idref="fl-34"/>
      </object_component>
      <object_component id="oc-155">
         <name>.text.Drivers_uartOpen</name>
         <load_address>0x70047210</load_address>
         <run_address>0x70047210</run_address>
         <size>0xae</size>
         <input_file_ref idref="fl-4"/>
      </object_component>
      <object_component id="oc-30d">
         <name>.text.fseeko</name>
         <load_address>0x700472c0</load_address>
         <run_address>0x700472c0</run_address>
         <size>0xac</size>
         <input_file_ref idref="fl-4d"/>
      </object_component>
      <object_component id="oc-210">
         <name>.text.EPWM_setADCTriggerEventPrescale</name>
         <load_address>0x70047370</load_address>
         <run_address>0x70047370</run_address>
         <size>0xaa</size>
         <input_file_ref idref="fl-4"/>
      </object_component>
      <object_component id="oc-253">
         <name>.text.EQEP_setCompareConfig</name>
         <load_address>0x70047420</load_address>
         <run_address>0x70047420</run_address>
         <size>0xaa</size>
         <input_file_ref idref="fl-2f"/>
      </object_component>
      <object_component id="oc-312">
         <name>.text.UART_fifoWrite</name>
         <load_address>0x700474d0</load_address>
         <run_address>0x700474d0</run_address>
         <size>0xaa</size>
         <input_file_ref idref="fl-35"/>
      </object_component>
      <object_component id="oc-268">
         <name>.text.ClockP_addToList</name>
         <load_address>0x70047580</load_address>
         <run_address>0x70047580</run_address>
         <size>0xa8</size>
         <input_file_ref idref="fl-1f"/>
      </object_component>
      <object_component id="oc-17d">
         <name>.text.ClockP_destruct</name>
         <load_address>0x70047630</load_address>
         <run_address>0x70047630</run_address>
         <size>0xa8</size>
         <input_file_ref idref="fl-1f"/>
      </object_component>
      <object_component id="oc-321">
         <name>.text.split</name>
         <load_address>0x700476d8</load_address>
         <run_address>0x700476d8</run_address>
         <size>0xa4</size>
         <input_file_ref idref="fl-48"/>
      </object_component>
      <object_component id="oc-2d7">
         <name>.text.SOC_rcmGetCoreHSDivOut</name>
         <load_address>0x70047780</load_address>
         <run_address>0x70047780</run_address>
         <size>0xa2</size>
         <input_file_ref idref="fl-34"/>
      </object_component>
      <object_component id="oc-31f">
         <name>.text.HOSTrename</name>
         <load_address>0x70047824</load_address>
         <run_address>0x70047824</run_address>
         <size>0xa0</size>
         <input_file_ref idref="fl-92"/>
      </object_component>
      <object_component id="oc-31d">
         <name>.text.HOSTlseek</name>
         <load_address>0x700478c4</load_address>
         <run_address>0x700478c4</run_address>
         <size>0x98</size>
         <input_file_ref idref="fl-8f"/>
      </object_component>
      <object_component id="oc-2fd">
         <name>.text.__TI_wrt_ok</name>
         <load_address>0x7004795c</load_address>
         <run_address>0x7004795c</run_address>
         <size>0x98</size>
         <input_file_ref idref="fl-43"/>
      </object_component>
      <object_component id="oc-212">
         <name>.text.EPWM_setADCTriggerEventCountInitValue</name>
         <load_address>0x70047a00</load_address>
         <run_address>0x70047a00</run_address>
         <size>0x96</size>
         <input_file_ref idref="fl-4"/>
      </object_component>
      <object_component id="oc-bc">
         <name>.text.SOC_enableAdcReference</name>
         <load_address>0x70047aa0</load_address>
         <run_address>0x70047aa0</run_address>
         <size>0x96</size>
         <input_file_ref idref="fl-33"/>
      </object_component>
      <object_component id="oc-2ec">
         <name>.text.UART_subConfigTCRTLRModeEn</name>
         <load_address>0x70047b40</load_address>
         <run_address>0x70047b40</run_address>
         <size>0x96</size>
         <input_file_ref idref="fl-35"/>
      </object_component>
      <object_component id="oc-319">
         <name>.text.HOSTopen</name>
         <load_address>0x70047bd8</load_address>
         <run_address>0x70047bd8</run_address>
         <size>0x94</size>
         <input_file_ref idref="fl-90"/>
      </object_component>
      <object_component id="oc-303">
         <name>.text.UART_writeCancelNoCB</name>
         <load_address>0x70047c70</load_address>
         <run_address>0x70047c70</run_address>
         <size>0x92</size>
         <input_file_ref idref="fl-35"/>
      </object_component>
      <object_component id="oc-1a8">
         <name>.text.ADC_setupSOC</name>
         <load_address>0x70047d10</load_address>
         <run_address>0x70047d10</run_address>
         <size>0x8c</size>
         <input_file_ref idref="fl-4"/>
      </object_component>
      <object_component id="oc-1d5">
         <name>.text.EPWM_setActionQualifierAction</name>
         <load_address>0x70047da0</load_address>
         <run_address>0x70047da0</run_address>
         <size>0x8a</size>
         <input_file_ref idref="fl-4"/>
      </object_component>
      <object_component id="oc-1eb">
         <name>.text.EPWM_setValleyTriggerEdgeCounts</name>
         <load_address>0x70047e30</load_address>
         <run_address>0x70047e30</run_address>
         <size>0x8a</size>
         <input_file_ref idref="fl-4"/>
      </object_component>
      <object_component id="oc-169">
         <name>.text.ClockP_getTimeUsec</name>
         <load_address>0x70047ec0</load_address>
         <run_address>0x70047ec0</run_address>
         <size>0x88</size>
         <input_file_ref idref="fl-1f"/>
      </object_component>
      <object_component id="oc-2ee">
         <name>.text.UART_tcrTlrBitValRestore</name>
         <load_address>0x70047f50</load_address>
         <run_address>0x70047f50</run_address>
         <size>0x86</size>
         <input_file_ref idref="fl-35"/>
      </object_component>
      <object_component id="oc-31b">
         <name>.text.HOSTread</name>
         <load_address>0x70047fd8</load_address>
         <run_address>0x70047fd8</run_address>
         <size>0x84</size>
         <input_file_ref idref="fl-91"/>
      </object_component>
      <object_component id="oc-31c">
         <name>.text.HOSTwrite</name>
         <load_address>0x7004805c</load_address>
         <run_address>0x7004805c</run_address>
         <size>0x84</size>
         <input_file_ref idref="fl-94"/>
      </object_component>
      <object_component id="oc-30a">
         <name>.text.UART_dmaDisableChannel</name>
         <load_address>0x700480e0</load_address>
         <run_address>0x700480e0</run_address>
         <size>0x84</size>
         <input_file_ref idref="fl-36"/>
      </object_component>
      <object_component id="oc-323">
         <name>.text.close</name>
         <load_address>0x70048164</load_address>
         <run_address>0x70048164</run_address>
         <size>0x84</size>
         <input_file_ref idref="fl-8c"/>
      </object_component>
      <object_component id="oc-2a8">
         <name>.text.UART_dmaClose</name>
         <load_address>0x700481f0</load_address>
         <run_address>0x700481f0</run_address>
         <size>0x80</size>
         <input_file_ref idref="fl-36"/>
      </object_component>
      <object_component id="oc-2c0">
         <name>.text.UART_readData</name>
         <load_address>0x70048270</load_address>
         <run_address>0x70048270</run_address>
         <size>0x80</size>
         <input_file_ref idref="fl-35"/>
      </object_component>
      <object_component id="oc-2ff">
         <name>.text.__TI_doflush</name>
         <load_address>0x700482f0</load_address>
         <run_address>0x700482f0</run_address>
         <size>0x80</size>
         <input_file_ref idref="fl-4b"/>
      </object_component>
      <object_component id="oc-28f">
         <name>.text.UART_Params_init</name>
         <load_address>0x70048370</load_address>
         <run_address>0x70048370</run_address>
         <size>0x7a</size>
         <input_file_ref idref="fl-35"/>
      </object_component>
      <object_component id="oc-f9">
         <name>.text._DebugP_assert</name>
         <load_address>0x700483f0</load_address>
         <run_address>0x700483f0</run_address>
         <size>0x7a</size>
         <input_file_ref idref="fl-1c"/>
      </object_component>
      <object_component id="oc-20b">
         <name>.text.EPWM_setInterruptEventCount</name>
         <load_address>0x70048470</load_address>
         <run_address>0x70048470</run_address>
         <size>0x78</size>
         <input_file_ref idref="fl-4"/>
      </object_component>
      <object_component id="oc-1f9">
         <name>.text.EPWM_setRisingEdgeDeadBandDelayInput</name>
         <load_address>0x700484f0</load_address>
         <run_address>0x700484f0</run_address>
         <size>0x78</size>
         <input_file_ref idref="fl-4"/>
      </object_component>
      <object_component id="oc-22c">
         <name>.text.HRPWM_setHiResCounterCompareValue</name>
         <load_address>0x70048570</load_address>
         <run_address>0x70048570</run_address>
         <size>0x78</size>
         <input_file_ref idref="fl-4"/>
      </object_component>
      <object_component id="oc-17a">
         <name>.text.ClockP_construct</name>
         <load_address>0x700485f0</load_address>
         <run_address>0x700485f0</run_address>
         <size>0x74</size>
         <input_file_ref idref="fl-1f"/>
      </object_component>
      <object_component id="oc-1dd">
         <name>.text.EPWM_enableTripZoneInterrupt</name>
         <load_address>0x70048670</load_address>
         <run_address>0x70048670</run_address>
         <size>0x74</size>
         <input_file_ref idref="fl-4"/>
      </object_component>
      <object_component id="oc-1d0">
         <name>.text.EPWM_setActionQualifierShadowLoadMode</name>
         <load_address>0x700486f0</load_address>
         <run_address>0x700486f0</run_address>
         <size>0x74</size>
         <input_file_ref idref="fl-4"/>
      </object_component>
      <object_component id="oc-1ab">
         <name>.text.ClockP_usleep</name>
         <load_address>0x70048770</load_address>
         <run_address>0x70048770</run_address>
         <size>0x72</size>
         <input_file_ref idref="fl-1f"/>
      </object_component>
      <object_component id="oc-1c2">
         <name>.text.EPWM_disableGlobalLoadRegisters</name>
         <load_address>0x700487f0</load_address>
         <run_address>0x700487f0</run_address>
         <size>0x72</size>
         <input_file_ref idref="fl-4"/>
      </object_component>
      <object_component id="oc-1f6">
         <name>.text.EPWM_selectDigitalCompareCBCLatchClearEvent</name>
         <load_address>0x70048870</load_address>
         <run_address>0x70048870</run_address>
         <size>0x72</size>
         <input_file_ref idref="fl-4"/>
      </object_component>
      <object_component id="oc-1f5">
         <name>.text.EPWM_setDigitalCompareCBCLatchMode</name>
         <load_address>0x700488f0</load_address>
         <run_address>0x700488f0</run_address>
         <size>0x72</size>
         <input_file_ref idref="fl-4"/>
      </object_component>
      <object_component id="oc-1f3">
         <name>.text.EPWM_setDigitalCompareEventSyncMode</name>
         <load_address>0x70048970</load_address>
         <run_address>0x70048970</run_address>
         <size>0x72</size>
         <input_file_ref idref="fl-4"/>
      </object_component>
      <object_component id="oc-292">
         <name>.text.UART_dmaOpen</name>
         <load_address>0x700489f0</load_address>
         <run_address>0x700489f0</run_address>
         <size>0x70</size>
         <input_file_ref idref="fl-36"/>
      </object_component>
      <object_component id="oc-1f4">
         <name>.text.EPWM_setDigitalCompareEventSource</name>
         <load_address>0x70048a60</load_address>
         <run_address>0x70048a60</run_address>
         <size>0x6e</size>
         <input_file_ref idref="fl-4"/>
      </object_component>
      <object_component id="oc-31e">
         <name>.text.HOSTunlink</name>
         <load_address>0x70048ad0</load_address>
         <run_address>0x70048ad0</run_address>
         <size>0x6c</size>
         <input_file_ref idref="fl-93"/>
      </object_component>
      <object_component id="oc-32e">
         <name>.text.finddevice</name>
         <load_address>0x70048b3c</load_address>
         <run_address>0x70048b3c</run_address>
         <size>0x6c</size>
         <input_file_ref idref="fl-9c"/>
      </object_component>
      <object_component id="oc-c1">
         <name>.text.SOC_setEpwmTbClk</name>
         <load_address>0x70048bb0</load_address>
         <run_address>0x70048bb0</run_address>
         <size>0x6a</size>
         <input_file_ref idref="fl-33"/>
      </object_component>
      <object_component id="oc-1b2">
         <name>.text.ADC_disablePPBEvent</name>
         <load_address>0x70048c20</load_address>
         <run_address>0x70048c20</run_address>
         <size>0x68</size>
         <input_file_ref idref="fl-4"/>
      </object_component>
      <object_component id="oc-1b3">
         <name>.text.ADC_disablePPBEventInterrupt</name>
         <load_address>0x70048c90</load_address>
         <run_address>0x70048c90</run_address>
         <size>0x68</size>
         <input_file_ref idref="fl-4"/>
      </object_component>
      <object_component id="oc-2b2">
         <name>.text.UART_divisorValCompute</name>
         <load_address>0x70048d00</load_address>
         <run_address>0x70048d00</run_address>
         <size>0x68</size>
         <input_file_ref idref="fl-35"/>
      </object_component>
      <object_component id="oc-219">
         <name>.text.EPWM_setXCMPShadowRepeatBufxCount</name>
         <load_address>0x70048d70</load_address>
         <run_address>0x70048d70</run_address>
         <size>0x66</size>
         <input_file_ref idref="fl-4"/>
      </object_component>
      <object_component id="oc-21f">
         <name>.text.EPWM_configureDiodeEmulationTripSources</name>
         <load_address>0x70048de0</load_address>
         <run_address>0x70048de0</run_address>
         <size>0x62</size>
         <input_file_ref idref="fl-4"/>
      </object_component>
      <object_component id="oc-206">
         <name>.text.EPWM_setChopperDutyCycle</name>
         <load_address>0x70048e50</load_address>
         <run_address>0x70048e50</run_address>
         <size>0x62</size>
         <input_file_ref idref="fl-4"/>
      </object_component>
      <object_component id="oc-208">
         <name>.text.EPWM_setChopperFirstPulseWidth</name>
         <load_address>0x70048ec0</load_address>
         <run_address>0x70048ec0</run_address>
         <size>0x62</size>
         <input_file_ref idref="fl-4"/>
      </object_component>
      <object_component id="oc-207">
         <name>.text.EPWM_setChopperFreq</name>
         <load_address>0x70048f30</load_address>
         <run_address>0x70048f30</run_address>
         <size>0x62</size>
         <input_file_ref idref="fl-4"/>
      </object_component>
      <object_component id="oc-225">
         <name>.text.EPWM_setDiodeEmulationMonitorModeStep</name>
         <load_address>0x70048fa0</load_address>
         <run_address>0x70048fa0</run_address>
         <size>0x62</size>
         <input_file_ref idref="fl-4"/>
      </object_component>
      <object_component id="oc-239">
         <name>.text.EPWM_setGlobalLoadEventPrescale</name>
         <load_address>0x70049010</load_address>
         <run_address>0x70049010</run_address>
         <size>0x62</size>
         <input_file_ref idref="fl-4"/>
      </object_component>
      <object_component id="oc-233">
         <name>.text.HRPWM_setHiResFallingEdgeDelayOnly</name>
         <load_address>0x70049080</load_address>
         <run_address>0x70049080</run_address>
         <size>0x62</size>
         <input_file_ref idref="fl-4"/>
      </object_component>
      <object_component id="oc-2af">
         <name>.text.SOC_rcmInsert16</name>
         <load_address>0x700490f0</load_address>
         <run_address>0x700490f0</run_address>
         <size>0x62</size>
         <input_file_ref idref="fl-34"/>
      </object_component>
      <object_component id="oc-1fd">
         <name>.text.EPWM_setDeadBandOutputSwapMode</name>
         <load_address>0x70049160</load_address>
         <run_address>0x70049160</run_address>
         <size>0x60</size>
         <input_file_ref idref="fl-4"/>
      </object_component>
      <object_component id="oc-31a">
         <name>.text.HOSTclose</name>
         <load_address>0x700491c0</load_address>
         <run_address>0x700491c0</run_address>
         <size>0x60</size>
         <input_file_ref idref="fl-8e"/>
      </object_component>
      <object_component id="oc-2c2">
         <name>.text.UART_getChar</name>
         <load_address>0x70049220</load_address>
         <run_address>0x70049220</run_address>
         <size>0x60</size>
         <input_file_ref idref="fl-35"/>
      </object_component>
      <object_component id="oc-20d">
         <name>.text.EPWM_setInterruptEventCountInitValue</name>
         <load_address>0x70049280</load_address>
         <run_address>0x70049280</run_address>
         <size>0x5e</size>
         <input_file_ref idref="fl-4"/>
      </object_component>
      <object_component id="oc-231">
         <name>.text.HRPWM_setHiResRisingEdgeDelay</name>
         <load_address>0x700492e0</load_address>
         <run_address>0x700492e0</run_address>
         <size>0x5e</size>
         <input_file_ref idref="fl-4"/>
      </object_component>
      <object_component id="oc-2c3">
         <name>.text.UART_writeData</name>
         <load_address>0x70049340</load_address>
         <run_address>0x70049340</run_address>
         <size>0x5e</size>
         <input_file_ref idref="fl-35"/>
      </object_component>
      <object_component id="oc-1ef">
         <name>.text.EPWM_enableDigitalCompareTripCombinationInput</name>
         <load_address>0x700493a0</load_address>
         <run_address>0x700493a0</run_address>
         <size>0x5c</size>
         <input_file_ref idref="fl-4"/>
      </object_component>
      <object_component id="oc-1fc">
         <name>.text.EPWM_setDeadBandDelayMode</name>
         <load_address>0x70049400</load_address>
         <run_address>0x70049400</run_address>
         <size>0x5c</size>
         <input_file_ref idref="fl-4"/>
      </object_component>
      <object_component id="oc-13a">
         <name>.text.Module_clockSetFrequency</name>
         <load_address>0x70049460</load_address>
         <run_address>0x70049460</run_address>
         <size>0x5c</size>
         <input_file_ref idref="fl-6"/>
      </object_component>
      <object_component id="oc-79">
         <name>.text:__TI_auto_init_nobinit_nopinit</name>
         <load_address>0x700494bc</load_address>
         <run_address>0x700494bc</run_address>
         <size>0x5c</size>
         <input_file_ref idref="fl-49"/>
      </object_component>
      <object_component id="oc-1c9">
         <name>.text.EPWM_enableSyncOutPulseSource</name>
         <load_address>0x70049520</load_address>
         <run_address>0x70049520</run_address>
         <size>0x5a</size>
         <input_file_ref idref="fl-4"/>
      </object_component>
      <object_component id="oc-171">
         <name>.text.SemaphoreP_post</name>
         <load_address>0x70049580</load_address>
         <run_address>0x70049580</run_address>
         <size>0x5a</size>
         <input_file_ref idref="fl-1e"/>
      </object_component>
      <object_component id="oc-2b4">
         <name>.text.UART_regConfigModeEnable</name>
         <load_address>0x700495e0</load_address>
         <run_address>0x700495e0</run_address>
         <size>0x5a</size>
         <input_file_ref idref="fl-35"/>
      </object_component>
      <object_component id="oc-220">
         <name>.text.EPWM_selectDiodeEmulationPWMsignal</name>
         <load_address>0x70049640</load_address>
         <run_address>0x70049640</run_address>
         <size>0x58</size>
         <input_file_ref idref="fl-4"/>
      </object_component>
      <object_component id="oc-1d4">
         <name>.text.EPWM_setActionQualifierContSWForceAction</name>
         <load_address>0x700496a0</load_address>
         <run_address>0x700496a0</run_address>
         <size>0x58</size>
         <input_file_ref idref="fl-4"/>
      </object_component>
      <object_component id="oc-1d3">
         <name>.text.EPWM_setActionQualifierSWAction</name>
         <load_address>0x70049700</load_address>
         <run_address>0x70049700</run_address>
         <size>0x58</size>
         <input_file_ref idref="fl-4"/>
      </object_component>
      <object_component id="oc-229">
         <name>.text.HRPWM_setSyncPulseSource</name>
         <load_address>0x70049760</load_address>
         <run_address>0x70049760</run_address>
         <size>0x58</size>
         <input_file_ref idref="fl-4"/>
      </object_component>
      <object_component id="oc-2ad">
         <name>.text.SOC_rcmGetModuleClkDivVal</name>
         <load_address>0x700497c0</load_address>
         <run_address>0x700497c0</run_address>
         <size>0x58</size>
         <input_file_ref idref="fl-34"/>
      </object_component>
      <object_component id="oc-c2">
         <name>.text.SOC_setEpwmGroup</name>
         <load_address>0x70049820</load_address>
         <run_address>0x70049820</run_address>
         <size>0x58</size>
         <input_file_ref idref="fl-33"/>
      </object_component>
      <object_component id="oc-327">
         <name>.text.__TI_readmsg</name>
         <load_address>0x70049878</load_address>
         <run_address>0x70049878</run_address>
         <size>0x58</size>
         <input_file_ref idref="fl-95"/>
      </object_component>
      <object_component id="oc-326">
         <name>.text.__TI_writemsg</name>
         <load_address>0x700498d0</load_address>
         <run_address>0x700498d0</run_address>
         <size>0x58</size>
         <input_file_ref idref="fl-95"/>
      </object_component>
      <object_component id="oc-1ae">
         <name>.text.ADC_setInterruptSource</name>
         <load_address>0x70049930</load_address>
         <run_address>0x70049930</run_address>
         <size>0x56</size>
         <input_file_ref idref="fl-4"/>
      </object_component>
      <object_component id="oc-21d">
         <name>.text.EPWM_setDiodeEmulationMode</name>
         <load_address>0x70049990</load_address>
         <run_address>0x70049990</run_address>
         <size>0x56</size>
         <input_file_ref idref="fl-4"/>
      </object_component>
      <object_component id="oc-216">
         <name>.text.EPWM_setXCMPLoadMode</name>
         <load_address>0x700499f0</load_address>
         <run_address>0x700499f0</run_address>
         <size>0x56</size>
         <input_file_ref idref="fl-4"/>
      </object_component>
      <object_component id="oc-166">
         <name>.text.SemaphoreP_construct</name>
         <load_address>0x70049a50</load_address>
         <run_address>0x70049a50</run_address>
         <size>0x56</size>
         <input_file_ref idref="fl-1e"/>
      </object_component>
      <object_component id="oc-221">
         <name>.text.EPWM_selectDiodeEmulationTripSignal</name>
         <load_address>0x70049ab0</load_address>
         <run_address>0x70049ab0</run_address>
         <size>0x54</size>
         <input_file_ref idref="fl-4"/>
      </object_component>
      <object_component id="oc-1d7">
         <name>.text.EPWM_setTripZoneAdvAction</name>
         <load_address>0x70049b10</load_address>
         <run_address>0x70049b10</run_address>
         <size>0x54</size>
         <input_file_ref idref="fl-4"/>
      </object_component>
      <object_component id="oc-1d8">
         <name>.text.EPWM_setTripZoneAdvDigitalCompareActionA</name>
         <load_address>0x70049b70</load_address>
         <run_address>0x70049b70</run_address>
         <size>0x54</size>
         <input_file_ref idref="fl-4"/>
      </object_component>
      <object_component id="oc-1d9">
         <name>.text.EPWM_setTripZoneAdvDigitalCompareActionB</name>
         <load_address>0x70049bd0</load_address>
         <run_address>0x70049bd0</run_address>
         <size>0x54</size>
         <input_file_ref idref="fl-4"/>
      </object_component>
      <object_component id="oc-302">
         <name>.text.UART_writeInterruptDma</name>
         <load_address>0x70049c30</load_address>
         <run_address>0x70049c30</run_address>
         <size>0x54</size>
         <input_file_ref idref="fl-36"/>
      </object_component>
      <object_component id="oc-310">
         <name>.text.__TI_cleanup</name>
         <load_address>0x70049c84</load_address>
         <run_address>0x70049c84</run_address>
         <size>0x54</size>
         <input_file_ref idref="fl-4c"/>
      </object_component>
      <object_component id="oc-95">
         <name>.text.exit</name>
         <load_address>0x70049cd8</load_address>
         <run_address>0x70049cd8</run_address>
         <size>0x54</size>
         <input_file_ref idref="fl-45"/>
      </object_component>
      <object_component id="oc-17e">
         <name>.text.Drivers_uartClose</name>
         <load_address>0x70049d30</load_address>
         <run_address>0x70049d30</run_address>
         <size>0x50</size>
         <input_file_ref idref="fl-4"/>
      </object_component>
      <object_component id="oc-203">
         <name>.text.EPWM_setFallingEdgeDelayCount</name>
         <load_address>0x70049d80</load_address>
         <run_address>0x70049d80</run_address>
         <size>0x50</size>
         <input_file_ref idref="fl-4"/>
      </object_component>
      <object_component id="oc-200">
         <name>.text.EPWM_setRisingEdgeDelayCount</name>
         <load_address>0x70049dd0</load_address>
         <run_address>0x70049dd0</run_address>
         <size>0x50</size>
         <input_file_ref idref="fl-4"/>
      </object_component>
      <object_component id="oc-13e">
         <name>.text.Pinmux_config</name>
         <load_address>0x70049e20</load_address>
         <run_address>0x70049e20</run_address>
         <size>0x50</size>
         <input_file_ref idref="fl-32"/>
      </object_component>
      <object_component id="oc-e8">
         <name>.text.GPIO_setDirMode</name>
         <load_address>0x70049e70</load_address>
         <run_address>0x70049e70</run_address>
         <size>0x4e</size>
         <input_file_ref idref="fl-31"/>
      </object_component>
      <object_component id="oc-2f6">
         <name>.text.UART_getHandle</name>
         <load_address>0x70049ec0</load_address>
         <run_address>0x70049ec0</run_address>
         <size>0x4e</size>
         <input_file_ref idref="fl-35"/>
      </object_component>
      <object_component id="oc-1e0">
         <name>.text.EPWM_setDigitalCompareBlankingEvent</name>
         <load_address>0x70049f10</load_address>
         <run_address>0x70049f10</run_address>
         <size>0x4c</size>
         <input_file_ref idref="fl-4"/>
      </object_component>
      <object_component id="oc-1e5">
         <name>.text.EPWM_setDigitalCompareCounterShadowMode</name>
         <load_address>0x70049f60</load_address>
         <run_address>0x70049f60</run_address>
         <size>0x4c</size>
         <input_file_ref idref="fl-4"/>
      </object_component>
      <object_component id="oc-228">
         <name>.text.HRPWM_setHiResPhaseShift</name>
         <load_address>0x70049fb0</load_address>
         <run_address>0x70049fb0</run_address>
         <size>0x4c</size>
         <input_file_ref idref="fl-4"/>
      </object_component>
      <object_component id="oc-182">
         <name>.text.Module_clockDisable</name>
         <load_address>0x7004a000</load_address>
         <run_address>0x7004a000</run_address>
         <size>0x4c</size>
         <input_file_ref idref="fl-6"/>
      </object_component>
      <object_component id="oc-139">
         <name>.text.Module_clockEnable</name>
         <load_address>0x7004a050</load_address>
         <run_address>0x7004a050</run_address>
         <size>0x4c</size>
         <input_file_ref idref="fl-6"/>
      </object_component>
      <object_component id="oc-2ed">
         <name>.text.UART_fifoRegisterWrite</name>
         <load_address>0x7004a0a0</load_address>
         <run_address>0x7004a0a0</run_address>
         <size>0x4c</size>
         <input_file_ref idref="fl-35"/>
      </object_component>
      <object_component id="oc-20e">
         <name>.text.EPWM_disableADCTrigger</name>
         <load_address>0x7004a0f0</load_address>
         <run_address>0x7004a0f0</run_address>
         <size>0x4a</size>
         <input_file_ref idref="fl-4"/>
      </object_component>
      <object_component id="oc-10d">
         <name>.text.EPWM_setCounterCompareValue</name>
         <load_address>0x7004a140</load_address>
         <run_address>0x7004a140</run_address>
         <size>0x4a</size>
         <input_file_ref idref="fl-1"/>
      </object_component>
      <object_component id="oc-1cc">
         <name>.text.EPWM_setCounterCompareValue</name>
         <load_address>0x7004a190</load_address>
         <run_address>0x7004a190</run_address>
         <size>0x4a</size>
         <input_file_ref idref="fl-4"/>
      </object_component>
      <object_component id="oc-22f">
         <name>.text.HRPWM_setHiResTimeBasePeriod</name>
         <load_address>0x7004a1e0</load_address>
         <run_address>0x7004a1e0</run_address>
         <size>0x4a</size>
         <input_file_ref idref="fl-4"/>
      </object_component>
      <object_component id="oc-2be">
         <name>.text.UART_getIntrIdentityStatus</name>
         <load_address>0x7004a230</load_address>
         <run_address>0x7004a230</run_address>
         <size>0x4a</size>
         <input_file_ref idref="fl-35"/>
      </object_component>
      <object_component id="oc-2b5">
         <name>.text.UART_lineCharConfig</name>
         <load_address>0x7004a280</load_address>
         <run_address>0x7004a280</run_address>
         <size>0x4a</size>
         <input_file_ref idref="fl-35"/>
      </object_component>
      <object_component id="oc-1ad">
         <name>.text.ADC_enableInterrupt</name>
         <load_address>0x7004a2d0</load_address>
         <run_address>0x7004a2d0</run_address>
         <size>0x48</size>
         <input_file_ref idref="fl-4"/>
      </object_component>
      <object_component id="oc-b2">
         <name>.text.Dpl_init</name>
         <load_address>0x7004a320</load_address>
         <run_address>0x7004a320</run_address>
         <size>0x48</size>
         <input_file_ref idref="fl-2"/>
      </object_component>
      <object_component id="oc-1fb">
         <name>.text.EPWM_setDeadBandDelayPolarity</name>
         <load_address>0x7004a370</load_address>
         <run_address>0x7004a370</run_address>
         <size>0x48</size>
         <input_file_ref idref="fl-4"/>
      </object_component>
      <object_component id="oc-24e">
         <name>.text.EQEP_setSWPositionInit</name>
         <load_address>0x7004a3c0</load_address>
         <run_address>0x7004a3c0</run_address>
         <size>0x48</size>
         <input_file_ref idref="fl-4"/>
      </object_component>
      <object_component id="oc-235">
         <name>.text.HRPWM_setOutputSwapMode</name>
         <load_address>0x7004a410</load_address>
         <run_address>0x7004a410</run_address>
         <size>0x48</size>
         <input_file_ref idref="fl-4"/>
      </object_component>
      <object_component id="oc-32b">
         <name>.text.unlink</name>
         <load_address>0x7004a458</load_address>
         <run_address>0x7004a458</run_address>
         <size>0x48</size>
         <input_file_ref idref="fl-8d"/>
      </object_component>
      <object_component id="oc-1af">
         <name>.text.ADC_disableContinuousMode</name>
         <load_address>0x7004a4a0</load_address>
         <run_address>0x7004a4a0</run_address>
         <size>0x46</size>
         <input_file_ref idref="fl-4"/>
      </object_component>
      <object_component id="oc-114">
         <name>.text.ADC_disableInterrupt</name>
         <load_address>0x7004a4f0</load_address>
         <run_address>0x7004a4f0</run_address>
         <size>0x46</size>
         <input_file_ref idref="fl-1"/>
      </object_component>
      <object_component id="oc-1b0">
         <name>.text.ADC_disableInterrupt</name>
         <load_address>0x7004a540</load_address>
         <run_address>0x7004a540</run_address>
         <size>0x46</size>
         <input_file_ref idref="fl-4"/>
      </object_component>
      <object_component id="oc-255">
         <name>.text.EQEP_selectSource</name>
         <load_address>0x7004a590</load_address>
         <run_address>0x7004a590</run_address>
         <size>0x46</size>
         <input_file_ref idref="fl-4"/>
      </object_component>
      <object_component id="oc-2f1">
         <name>.text.UART_readLineStatus</name>
         <load_address>0x7004a5e0</load_address>
         <run_address>0x7004a5e0</run_address>
         <size>0x46</size>
         <input_file_ref idref="fl-35"/>
      </object_component>
      <object_component id="oc-1c6">
         <name>.text.EPWM_setCountModeAfterSync</name>
         <load_address>0x7004a630</load_address>
         <run_address>0x7004a630</run_address>
         <size>0x44</size>
         <input_file_ref idref="fl-4"/>
      </object_component>
      <object_component id="oc-173">
         <name>.text.GPIO_clearBankIntrStatus</name>
         <load_address>0x7004a680</load_address>
         <run_address>0x7004a680</run_address>
         <size>0x44</size>
         <input_file_ref idref="fl-1"/>
      </object_component>
      <object_component id="oc-172">
         <name>.text.GPIO_getBankIntrStatus</name>
         <load_address>0x7004a6d0</load_address>
         <run_address>0x7004a6d0</run_address>
         <size>0x44</size>
         <input_file_ref idref="fl-1"/>
      </object_component>
      <object_component id="oc-305">
         <name>.text.SOC_rcmExtract8</name>
         <load_address>0x7004a720</load_address>
         <run_address>0x7004a720</run_address>
         <size>0x44</size>
         <input_file_ref idref="fl-34"/>
      </object_component>
      <object_component id="oc-2e7">
         <name>.text.SOC_rcmMake16</name>
         <load_address>0x7004a770</load_address>
         <run_address>0x7004a770</run_address>
         <size>0x44</size>
         <input_file_ref idref="fl-34"/>
      </object_component>
      <object_component id="oc-f4">
         <name>.text.SemaphoreP_constructCounting</name>
         <load_address>0x7004a7c0</load_address>
         <run_address>0x7004a7c0</run_address>
         <size>0x44</size>
         <input_file_ref idref="fl-1e"/>
      </object_component>
      <object_component id="oc-e3">
         <name>.text._DebugP_logZone</name>
         <load_address>0x7004a810</load_address>
         <run_address>0x7004a810</run_address>
         <size>0x44</size>
         <input_file_ref idref="fl-1d"/>
      </object_component>
      <object_component id="oc-2a1">
         <name>.text._strnlen_s</name>
         <load_address>0x7004a860</load_address>
         <run_address>0x7004a860</run_address>
         <size>0x44</size>
         <input_file_ref idref="fl-26"/>
      </object_component>
      <object_component id="oc-1a9">
         <name>.text.ADC_setInterruptSOCTrigger</name>
         <load_address>0x7004a8b0</load_address>
         <run_address>0x7004a8b0</run_address>
         <size>0x42</size>
         <input_file_ref idref="fl-4"/>
      </object_component>
      <object_component id="oc-fa">
         <name>.text.App_epwmIntrISR</name>
         <load_address>0x7004a900</load_address>
         <run_address>0x7004a900</run_address>
         <size>0x42</size>
         <input_file_ref idref="fl-1"/>
      </object_component>
      <object_component id="oc-17b">
         <name>.text.ClockP_start</name>
         <load_address>0x7004a950</load_address>
         <run_address>0x7004a950</run_address>
         <size>0x42</size>
         <input_file_ref idref="fl-1f"/>
      </object_component>
      <object_component id="oc-1c3">
         <name>.text.EPWM_setPeriodLoadMode</name>
         <load_address>0x7004a9a0</load_address>
         <run_address>0x7004a9a0</run_address>
         <size>0x42</size>
         <input_file_ref idref="fl-4"/>
      </object_component>
      <object_component id="oc-290">
         <name>.text.UART_checkOpenParams</name>
         <load_address>0x7004a9f0</load_address>
         <run_address>0x7004a9f0</run_address>
         <size>0x42</size>
         <input_file_ref idref="fl-35"/>
      </object_component>
      <object_component id="oc-1b4">
         <name>.text.ADC_setPPBCalibrationOffset</name>
         <load_address>0x7004aa40</load_address>
         <run_address>0x7004aa40</run_address>
         <size>0x40</size>
         <input_file_ref idref="fl-4"/>
      </object_component>
      <object_component id="oc-315">
         <name>.text.free_list_insert</name>
         <load_address>0x7004aa80</load_address>
         <run_address>0x7004aa80</run_address>
         <size>0x40</size>
         <input_file_ref idref="fl-48"/>
      </object_component>
[...]
      </symbol>
      <symbol id="sm-50c">
         <name>MpuP_setRegionAsm</name>
         <value>0x7005c95c</value>
         <object_component_ref idref="oc-a8"/>
      </symbol>
      <symbol id="sm-52f">
         <name>CacheP_configForceWrThru</name>
         <value>0x7005c520</value>
         <object_component_ref idref="oc-9f"/>
      </symbol>
      <symbol id="sm-530">
         <name>CacheP_disableL1d</name>
         <value>0x7005c210</value>
         <object_component_ref idref="oc-9f"/>
      </symbol>
      <symbol id="sm-531">
         <name>CacheP_disableL1p</name>
         <value>0x7005c238</value>
         <object_component_ref idref="oc-9f"/>
      </symbol>
      <symbol id="sm-532">
         <name>CacheP_enableL1d</name>
         <value>0x7005c250</value>
         <object_component_ref idref="oc-9f"/>
      </symbol>
      <symbol id="sm-533">
         <name>CacheP_enableL1p</name>
         <value>0x7005c268</value>
         <object_component_ref idref="oc-9f"/>
      </symbol>
      <symbol id="sm-534">
         <name>CacheP_getCacheLevelInfo</name>
         <value>0x7005c514</value>
         <object_component_ref idref="oc-9f"/>
      </symbol>
      <symbol id="sm-535">
         <name>CacheP_getEnabled</name>
         <value>0x7005c4dc</value>
         <object_component_ref idref="oc-9f"/>
      </symbol>
      <symbol id="sm-536">
         <name>CacheP_invL1d</name>
         <value>0x7005c280</value>
         <object_component_ref idref="oc-9f"/>
      </symbol>
      <symbol id="sm-537">
         <name>CacheP_invL1dAll</name>
         <value>0x7005c2f4</value>
         <object_component_ref idref="oc-9f"/>
      </symbol>
      <symbol id="sm-538">
         <name>CacheP_invL1p</name>
         <value>0x7005c2b8</value>
         <object_component_ref idref="oc-9f"/>
      </symbol>
      <symbol id="sm-539">
         <name>CacheP_invL1pAll</name>
         <value>0x7005c2fc</value>
         <object_component_ref idref="oc-9f"/>
      </symbol>
      <symbol id="sm-53a">
         <name>CacheP_setDLFO</name>
         <value>0x7005c540</value>
         <object_component_ref idref="oc-9f"/>
      </symbol>
      <symbol id="sm-53b">
         <name>CacheP_wb</name>
         <value>0x7005c304</value>
         <object_component_ref idref="oc-9f"/>
      </symbol>
      <symbol id="sm-53c">
         <name>CacheP_wbAll</name>
         <value>0x7005c37c</value>
         <object_component_ref idref="oc-9f"/>
      </symbol>
      <symbol id="sm-53d">
         <name>CacheP_wbInv</name>
         <value>0x7005c340</value>
         <object_component_ref idref="oc-9f"/>
      </symbol>
      <symbol id="sm-53e">
         <name>CacheP_wbInvAll</name>
         <value>0x7005c424</value>
         <object_component_ref idref="oc-9f"/>
      </symbol>
      <symbol id="sm-53f">
         <name>CacheP_wbInvAllAsm</name>
         <value>0x7005c43c</value>
         <object_component_ref idref="oc-9f"/>
      </symbol>
      <symbol id="sm-547">
         <name>_system_pre_init</name>
         <value>0x7004c0d1</value>
         <object_component_ref idref="oc-53"/>
      </symbol>
      <symbol id="sm-562">
         <name>ADC_setMode</name>
         <value>0x7004ae81</value>
         <object_component_ref idref="oc-1a2"/>
      </symbol>
      <symbol id="sm-563">
         <name>ADC_setPPBTripLimits</name>
         <value>0x70045f51</value>
         <object_component_ref idref="oc-1b7"/>
      </symbol>
      <symbol id="sm-57a">
         <name>EQEP_setCompareConfig</name>
         <value>0x70047421</value>
         <object_component_ref idref="oc-253"/>
      </symbol>
      <symbol id="sm-57b">
         <name>EQEP_setInputPolarity</name>
         <value>0x70045d41</value>
         <object_component_ref idref="oc-23f"/>
      </symbol>
      <symbol id="sm-58a">
         <name>EPWM_setEmulationMode</name>
         <value>0x7004b861</value>
         <object_component_ref idref="oc-1bb"/>
      </symbol>
      <symbol id="sm-59b">
         <name>GPIO_bankIntrDisable</name>
         <value>0x7004c621</value>
         <object_component_ref idref="oc-174"/>
      </symbol>
      <symbol id="sm-59c">
         <name>GPIO_bankIntrEnable</name>
         <value>0x7004c641</value>
         <object_component_ref idref="oc-102"/>
      </symbol>
      <symbol id="sm-59d">
         <name>GPIO_pinOutValueRead</name>
         <value>0x7004af81</value>
         <object_component_ref idref="oc-f2"/>
      </symbol>
      <symbol id="sm-59e">
         <name>GPIO_pinRead</name>
         <value>0x7004afc1</value>
         <object_component_ref idref="oc-ee"/>
      </symbol>
      <symbol id="sm-59f">
         <name>GPIO_setDirMode</name>
         <value>0x70049e71</value>
         <object_component_ref idref="oc-e8"/>
      </symbol>
      <symbol id="sm-5b1">
         <name>Pinmux_config</name>
         <value>0x70049e21</value>
         <object_component_ref idref="oc-13e"/>
      </symbol>
      <symbol id="sm-5d2">
         <name>SOC_controlModuleLockMMR</name>
         <value>0x700457b1</value>
         <object_component_ref idref="oc-132"/>
      </symbol>
      <symbol id="sm-5d3">
         <name>SOC_controlModuleUnlockMMR</name>
         <value>0x70045011</value>
         <object_component_ref idref="oc-131"/>
      </symbol>
      <symbol id="sm-5d4">
         <name>SOC_enableAdcReference</name>
         <value>0x70047aa1</value>
         <object_component_ref idref="oc-bc"/>
      </symbol>
      <symbol id="sm-5d5">
         <name>SOC_moduleClockEnable</name>
         <value>0x7004c661</value>
         <object_component_ref idref="oc-195"/>
      </symbol>
      <symbol id="sm-5d6">
         <name>SOC_moduleSetClockFrequency</name>
         <value>0x7004ae01</value>
         <object_component_ref idref="oc-197"/>
      </symbol>
      <symbol id="sm-5d7">
         <name>SOC_setEpwmGroup</name>
         <value>0x70049821</value>
         <object_component_ref idref="oc-c2"/>
      </symbol>
      <symbol id="sm-5d8">
         <name>SOC_setEpwmTbClk</name>
         <value>0x70048bb1</value>
         <object_component_ref idref="oc-c1"/>
      </symbol>
      <symbol id="sm-64b">
         <name>SOC_rcmEnablePeripheralClock</name>
         <value>0x70042311</value>
         <object_component_ref idref="oc-271"/>
      </symbol>
      <symbol id="sm-64c">
         <name>SOC_rcmGetPeripheralClockFrequency</name>
         <value>0x70045551</value>
         <object_component_ref idref="oc-2ac"/>
      </symbol>
      <symbol id="sm-64d">
         <name>SOC_rcmSetPeripheralClock</name>
         <value>0x70047161</value>
         <object_component_ref idref="oc-276"/>
      </symbol>
      <symbol id="sm-64e">
         <name>gADPLLJConfigTbl</name>
         <value>0x7004e12c</value>
         <object_component_ref idref="oc-30c"/>
      </symbol>
      <symbol id="sm-64f">
         <name>gPeripheralClkSrcInfoMap</name>
         <value>0x7004e189</value>
         <object_component_ref idref="oc-2d5"/>
      </symbol>
      <symbol id="sm-650">
         <name>gXTALInfo</name>
         <value>0x7004e1b4</value>
         <object_component_ref idref="oc-2d6"/>
      </symbol>
      <symbol id="sm-705">
         <name>UART_close</name>
         <value>0x700446e1</value>
         <object_component_ref idref="oc-269"/>
      </symbol>
      <symbol id="sm-706">
         <name>UART_deinit</name>
         <value>0x7004b711</value>
         <object_component_ref idref="oc-11a"/>
      </symbol>
      <symbol id="sm-707">
         <name>UART_flushTxFifo</name>
         <value>0x700466a1</value>
         <object_component_ref idref="oc-2a4"/>
      </symbol>
      <symbol id="sm-708">
         <name>UART_getHandle</name>
         <value>0x70049ec1</value>
         <object_component_ref idref="oc-2f6"/>
      </symbol>
      <symbol id="sm-709">
         <name>UART_init</name>
         <value>0x70046f31</value>
         <object_component_ref idref="oc-14b"/>
      </symbol>
      <symbol id="sm-70a">
         <name>UART_open</name>
         <value>0x700435f1</value>
         <object_component_ref idref="oc-25a"/>
      </symbol>
      <symbol id="sm-70b">
         <name>UART_write</name>
         <value>0x70044331</value>
         <object_component_ref idref="oc-2f8"/>
      </symbol>
      <symbol id="sm-71e">
         <name>UART_dmaClose</name>
         <value>0x700481f1</value>
         <object_component_ref idref="oc-2a8"/>
      </symbol>
      <symbol id="sm-71f">
         <name>UART_dmaDisableChannel</name>
         <value>0x700480e1</value>
         <object_component_ref idref="oc-30a"/>
      </symbol>
      <symbol id="sm-720">
         <name>UART_dmaOpen</name>
         <value>0x700489f1</value>
         <object_component_ref idref="oc-292"/>
      </symbol>
      <symbol id="sm-721">
         <name>UART_writeInterruptDma</name>
         <value>0x70049c31</value>
         <object_component_ref idref="oc-302"/>
      </symbol>
      <symbol id="sm-729">
         <name>fputc</name>
         <value>0x7004631c</value>
         <object_component_ref idref="oc-2f4"/>
      </symbol>
      <symbol id="sm-72a">
         <name>putchar</name>
         <value>0x7004cd60</value>
         <object_component_ref idref="oc-2c4"/>
      </symbol>
      <symbol id="sm-72e">
         <name>__TI_wrt_ok</name>
         <value>0x7004795c</value>
         <object_component_ref idref="oc-2fd"/>
      </symbol>
      <symbol id="sm-733">
         <name>setvbuf</name>
         <value>0x700452c0</value>
         <object_component_ref idref="oc-308"/>
      </symbol>
      <symbol id="sm-73b">
         <name>C$$EXIT</name>
         <value>0x7005cab0</value>
         <object_component_ref idref="oc-94"/>
      </symbol>
      <symbol id="sm-73c">
         <name>__TI_cleanup_ptr</name>
         <value>0x7005cf60</value>
         <object_component_ref idref="oc-122"/>
      </symbol>
      <symbol id="sm-73d">
         <name>__TI_dtors_ptr</name>
         <value>0x7005cf64</value>
         <object_component_ref idref="oc-122"/>
      </symbol>
      <symbol id="sm-73e">
         <name>abort</name>
         <value>0x7005cab0</value>
         <object_component_ref idref="oc-94"/>
      </symbol>
      <symbol id="sm-73f">
         <name>exit</name>
         <value>0x70049cd8</value>
         <object_component_ref idref="oc-95"/>
      </symbol>
      <symbol id="sm-743">
         <name>_lock</name>
         <value>0x7005cf94</value>
         <object_component_ref idref="oc-121"/>
      </symbol>
      <symbol id="sm-744">
         <name>_nop</name>
         <value>0x70040d88</value>
         <object_component_ref idref="oc-184"/>
      </symbol>
      <symbol id="sm-745">
         <name>_unlock</name>
         <value>0x7005cf98</value>
         <object_component_ref idref="oc-123"/>
      </symbol>
      <symbol id="sm-747">
         <name>__TI_ft_end</name>
         <value>0x7005cf90</value>
         <object_component_ref idref="oc-318"/>
      </symbol>
      <symbol id="sm-748">
         <name>__TI_tmpnams</name>
         <value>0x7004f568</value>
      </symbol>
      <symbol id="sm-749">
         <name>_ftable</name>
         <value>0x7005cab8</value>
         <object_component_ref idref="oc-2f5"/>
      </symbol>
      <symbol id="sm-763">
         <name>_sys_memory</name>
         <value>0x7004f790</value>
         <object_component_ref idref="oc-40"/>
      </symbol>
      <symbol id="sm-764">
         <name>aligned_alloc</name>
         <value>0x70044890</value>
         <object_component_ref idref="oc-316"/>
      </symbol>
      <symbol id="sm-765">
         <name>free</name>
         <value>0x70044520</value>
         <object_component_ref idref="oc-30e"/>
      </symbol>
      <symbol id="sm-766">
         <name>malloc</name>
         <value>0x700417c4</value>
         <object_component_ref idref="oc-30f"/>
      </symbol>
      <symbol id="sm-767">
         <name>memalign</name>
         <value>0x70044890</value>
         <object_component_ref idref="oc-316"/>
      </symbol>
      <symbol id="sm-76c">
         <name>__TI_auto_init_nobinit_nopinit</name>
         <value>0x700494bc</value>
         <object_component_ref idref="oc-79"/>
      </symbol>
      <symbol id="sm-771">
         <name>__TI_doflush</name>
         <value>0x700482f0</value>
         <object_component_ref idref="oc-2ff"/>
      </symbol>
      <symbol id="sm-776">
         <name>__TI_cleanup</name>
         <value>0x70049c84</value>
         <object_component_ref idref="oc-310"/>
      </symbol>
      <symbol id="sm-77d">
         <name>fseek</name>
         <value>0x70040d8c</value>
         <object_component_ref idref="oc-307"/>
      </symbol>
      <symbol id="sm-77e">
         <name>fseeko</name>
         <value>0x700472c0</value>
         <object_component_ref idref="oc-30d"/>
      </symbol>
      <symbol id="sm-783">
         <name>__TI_closefile</name>
         <value>0x700470a8</value>
         <object_component_ref idref="oc-317"/>
      </symbol>
      <symbol id="sm-788">
         <name>write</name>
         <value>0x7004b228</value>
         <object_component_ref idref="oc-2fe"/>
      </symbol>
      <symbol id="sm-78a">
         <name>_device</name>
         <value>0x7005cc44</value>
         <object_component_ref idref="oc-311"/>
      </symbol>
      <symbol id="sm-78b">
         <name>_stream</name>
         <value>0x7005cd78</value>
         <object_component_ref idref="oc-309"/>
      </symbol>
      <symbol id="sm-78f">
         <name>remove</name>
         <value>0x70042304</value>
         <object_component_ref idref="oc-324"/>
      </symbol>
      <symbol id="sm-795">
         <name>lseek</name>
         <value>0x7004b1f4</value>
         <object_component_ref idref="oc-313"/>
      </symbol>
      <symbol id="sm-79a">
         <name>close</name>
         <value>0x70048164</value>
         <object_component_ref idref="oc-323"/>
      </symbol>
      <symbol id="sm-79f">
         <name>unlink</name>
         <value>0x7004a458</value>
         <object_component_ref idref="oc-32b"/>
      </symbol>
      <symbol id="sm-7a4">
         <name>HOSTclose</name>
         <value>0x700491c0</value>
         <object_component_ref idref="oc-31a"/>
      </symbol>
      <symbol id="sm-7a9">
         <name>HOSTlseek</name>
         <value>0x700478c4</value>
         <object_component_ref idref="oc-31d"/>
      </symbol>
      <symbol id="sm-7ae">
         <name>HOSTopen</name>
         <value>0x70047bd8</value>
         <object_component_ref idref="oc-319"/>
      </symbol>
      <symbol id="sm-7af">
         <name>parmbuf</name>
         <value>0x7004f758</value>
      </symbol>
      <symbol id="sm-7b4">
         <name>HOSTread</name>
         <value>0x70047fd8</value>
         <object_component_ref idref="oc-31b"/>
      </symbol>
      <symbol id="sm-7bf">
         <name>HOSTrename</name>
         <value>0x70047824</value>
         <object_component_ref idref="oc-31f"/>
      </symbol>
      <symbol id="sm-7c4">
         <name>HOSTunlink</name>
         <value>0x70048ad0</value>
         <object_component_ref idref="oc-31e"/>
      </symbol>
      <symbol id="sm-7c9">
         <name>HOSTwrite</name>
         <value>0x7004805c</value>
         <object_component_ref idref="oc-31c"/>
      </symbol>
      <symbol id="sm-7d1">
         <name>C$$IO$$</name>
         <value>0x7004991c</value>
         <object_component_ref idref="oc-326"/>
      </symbol>
      <symbol id="sm-7d2">
         <name>__CIOBUF_</name>
         <value>0x7004f448</value>
         <object_component_ref idref="oc-32c"/>
      </symbol>
      <symbol id="sm-7d3">
         <name>__TI_readmsg</name>
         <value>0x70049878</value>
         <object_component_ref idref="oc-327"/>
      </symbol>
      <symbol id="sm-7d4">
         <name>__TI_writemsg</name>
         <value>0x700498d0</value>
         <object_component_ref idref="oc-326"/>
      </symbol>
      <symbol id="sm-7d8">
         <name>__aeabi_ldiv0</name>
         <value>0x7004ce40</value>
         <object_component_ref idref="oc-2a3"/>
      </symbol>
      <symbol id="sm-7da">
         <name>__aeabi_memcpy</name>
         <value>0x70042308</value>
         <object_component_ref idref="oc-12a"/>
      </symbol>
      <symbol id="sm-7db">
         <name>__aeabi_memcpy4</name>
         <value>0x70042308</value>
         <object_component_ref idref="oc-12a"/>
      </symbol>
      <symbol id="sm-7dc">
         <name>__aeabi_memcpy8</name>
         <value>0x70042308</value>
         <object_component_ref idref="oc-12a"/>
      </symbol>
      <symbol id="sm-7de">
         <name>__aeabi_memclr</name>
         <value>0x7004c7a4</value>
         <object_component_ref idref="oc-76"/>
      </symbol>
      <symbol id="sm-7df">
         <name>__aeabi_memclr4</name>
         <value>0x7004c7a4</value>
         <object_component_ref idref="oc-76"/>
      </symbol>
      <symbol id="sm-7e0">
         <name>__aeabi_memclr8</name>
         <value>0x7004c7a4</value>
         <object_component_ref idref="oc-76"/>
      </symbol>
      <symbol id="sm-7e1">
         <name>__aeabi_memset</name>
         <value>0x7004c794</value>
         <object_component_ref idref="oc-76"/>
      </symbol>
      <symbol id="sm-7e2">
         <name>__aeabi_memset4</name>
         <value>0x7004c794</value>
         <object_component_ref idref="oc-76"/>
      </symbol>
      <symbol id="sm-7e3">
         <name>__aeabi_memset8</name>
         <value>0x7004c794</value>
         <object_component_ref idref="oc-76"/>
      </symbol>
      <symbol id="sm-7e5">
         <name>__aeabi_uldivmod</name>
         <value>0x7004c0f4</value>
         <object_component_ref idref="oc-16e"/>
      </symbol>
      <symbol id="sm-7e7">
         <name>__udivmoddi4</name>
         <value>0x700458d8</value>
         <object_component_ref idref="oc-264"/>
      </symbol>
      <symbol id="sm-7ef">
         <name>finddevice</name>
         <value>0x70048b3c</value>
         <object_component_ref idref="oc-32e"/>
      </symbol>
      <symbol id="sm-7f0">
         <name>getdevice</name>
         <value>0x7004676c</value>
         <object_component_ref idref="oc-32d"/>
      </symbol>
      <symbol id="sm-7f3">
         <name>TI_memcpy_small</name>
         <value>0x7004c778</value>
         <object_component_ref idref="oc-26b"/>
      </symbol>
      <symbol id="sm-7f6">
         <name>TI_memset_small</name>
         <value>0x7004c948</value>
         <object_component_ref idref="oc-128"/>
      </symbol>
      <symbol id="sm-7ff">
         <name>TaskP_yield</name>
         <value>0x7004ce81</value>
         <object_component_ref idref="oc-2cc"/>
      </symbol>
      <symbol id="sm-800">
         <name>_system_post_cinit</name>
         <value>0x0</value>
      </symbol>
      <symbol id="sm-801">
         <name>__TI_Handler_Table_Limit</name>
         <value>0x0</value>
      </symbol>
      <symbol id="sm-802">
         <name>__TI_Handler_Table_Base</name>
         <value>0x0</value>
      </symbol>
      <symbol id="sm-803">
         <name>__TI_CINIT_Base</name>
         <value>0x0</value>
      </symbol>
      <symbol id="sm-804">
         <name>__TI_CINIT_Limit</name>
         <value>0x0</value>
      </symbol>
   </symbol_table>
   <title>Link successful</title>
</link_info>
