<?xml version="1.0" encoding="ISO-8859-1" ?>
<link_info>
   <banner>TI ARM Clang Linker PC v2.1.0.LTS</banner>
   <copyright>Copyright (c) 1996-2018 Texas Instruments Incorporated</copyright>
   <link_time>0x645c16cb</link_time>
   <link_errors>0x0</link_errors>
   <output_file>demo_interrupt2.out</output_file>
   <entry_point>
      <name>_vectors</name>
      <address>0x0</address>
   </entry_point>
   <input_file_list>
      <input_file id="fl-1">
         <path>.\</path>
         <kind>object</kind>
         <file>board.o</file>
         <name>board.o</name>
      </input_file>
      <input_file id="fl-2">
         <path>.\</path>
         <kind>object</kind>
         <file>demo_interrupt.o</file>
         <name>demo_interrupt.o</name>
      </input_file>
      <input_file id="fl-3">
         <path>.\syscfg\</path>
         <kind>object</kind>
         <file>ti_dpl_config.o</file>
         <name>ti_dpl_config.o</name>
      </input_file>
      <input_file id="fl-4">
         <path>.\syscfg\</path>
         <kind>object</kind>
         <file>ti_drivers_config.o</file>
         <name>ti_drivers_config.o</name>
      </input_file>
      <input_file id="fl-5">
         <path>.\syscfg\</path>
         <kind>object</kind>
         <file>ti_drivers_open_close.o</file>
         <name>ti_drivers_open_close.o</name>
      </input_file>
      <input_file id="fl-6">
         <path>.\syscfg\</path>
         <kind>object</kind>
         <file>ti_pinmux_config.o</file>
         <name>ti_pinmux_config.o</name>
      </input_file>
      <input_file id="fl-7">
         <path>.\syscfg\</path>
         <kind>object</kind>
         <file>ti_power_clock_config.o</file>
         <name>ti_power_clock_config.o</name>
      </input_file>
      <input_file id="fl-8">
         <path>.\syscfg\</path>
         <kind>object</kind>
         <file>ti_board_config.o</file>
         <name>ti_board_config.o</name>
      </input_file>
      <input_file id="fl-9">
         <path>.\syscfg\</path>
         <kind>object</kind>
         <file>ti_board_open_close.o</file>
         <name>ti_board_open_close.o</name>
      </input_file>
      <input_file id="fl-a">
         <path>.\syscfg\</path>
         <kind>object</kind>
         <file>ti_enet_config.o</file>
         <name>ti_enet_config.o</name>
      </input_file>
      <input_file id="fl-b">
         <path>.\syscfg\</path>
         <kind>object</kind>
         <file>ti_enet_open_close.o</file>
         <name>ti_enet_open_close.o</name>
      </input_file>
      <input_file id="fl-c">
         <path>.\syscfg\</path>
         <kind>object</kind>
         <file>ti_enet_soc.o</file>
         <name>ti_enet_soc.o</name>
      </input_file>
      <input_file id="fl-d">
         <path>.\syscfg\</path>
         <kind>object</kind>
         <file>ti_enet_lwipif.o</file>
         <name>ti_enet_lwipif.o</name>
      </input_file>
      <input_file id="fl-e">
         <path>.\</path>
         <kind>object</kind>
         <file>main.o</file>
         <name>main.o</name>
      </input_file>
      <input_file id="fl-1d">
         <kind>object</kind>
         <file>&lt;internal&gt;</file>
         <name>&lt;internal&gt;</name>
      </input_file>
      <input_file id="fl-1e">
         <path>C:\ti\mcu_plus_sdk_am263x_08_05_00_24\source\kernel\nortos\lib\</path>
         <kind>archive</kind>
         <file>nortos.am263x.r5f.ti-arm-clang.debug.lib</file>
         <name>AddrTranslateP_null.obj</name>
      </input_file>
      <input_file id="fl-1f">
         <path>C:\ti\mcu_plus_sdk_am263x_08_05_00_24\source\kernel\nortos\lib\</path>
         <kind>archive</kind>
         <file>nortos.am263x.r5f.ti-arm-clang.debug.lib</file>
         <name>DebugP_uartLogWriter.obj</name>
      </input_file>
      <input_file id="fl-20">
         <path>C:\ti\mcu_plus_sdk_am263x_08_05_00_24\source\kernel\nortos\lib\</path>
         <kind>archive</kind>
         <file>nortos.am263x.r5f.ti-arm-clang.debug.lib</file>
         <name>DebugP_log.obj</name>
      </input_file>
      <input_file id="fl-21">
         <path>C:\ti\mcu_plus_sdk_am263x_08_05_00_24\source\kernel\nortos\lib\</path>
         <kind>archive</kind>
         <file>nortos.am263x.r5f.ti-arm-clang.debug.lib</file>
         <name>DebugP_nortos.obj</name>
      </input_file>
      <input_file id="fl-22">
         <path>C:\ti\mcu_plus_sdk_am263x_08_05_00_24\source\kernel\nortos\lib\</path>
         <kind>archive</kind>
         <file>nortos.am263x.r5f.ti-arm-clang.debug.lib</file>
         <name>ClockP_nortos.obj</name>
      </input_file>
      <input_file id="fl-23">
         <path>C:\ti\mcu_plus_sdk_am263x_08_05_00_24\source\kernel\nortos\lib\</path>
         <kind>archive</kind>
         <file>nortos.am263x.r5f.ti-arm-clang.debug.lib</file>
         <name>ClockP_nortos_r5.obj</name>
      </input_file>
      <input_file id="fl-24">
         <path>C:\ti\mcu_plus_sdk_am263x_08_05_00_24\source\kernel\nortos\lib\</path>
         <kind>archive</kind>
         <file>nortos.am263x.r5f.ti-arm-clang.debug.lib</file>
         <name>TimerP_rti.obj</name>
      </input_file>
      <input_file id="fl-25">
         <path>C:\ti\mcu_plus_sdk_am263x_08_05_00_24\source\kernel\nortos\lib\</path>
         <kind>archive</kind>
         <file>nortos.am263x.r5f.ti-arm-clang.debug.lib</file>
         <name>HwiP_armv7r_vim.obj</name>
      </input_file>
      <input_file id="fl-26">
         <path>C:\ti\mcu_plus_sdk_am263x_08_05_00_24\source\kernel\nortos\lib\</path>
         <kind>archive</kind>
         <file>nortos.am263x.r5f.ti-arm-clang.debug.lib</file>
         <name>HwiP_armv7r_handlers_nortos.obj</name>
      </input_file>
      <input_file id="fl-27">
         <path>C:\ti\mcu_plus_sdk_am263x_08_05_00_24\source\kernel\nortos\lib\</path>
         <kind>archive</kind>
         <file>nortos.am263x.r5f.ti-arm-clang.debug.lib</file>
         <name>MpuP_armv7r.obj</name>
      </input_file>
      <input_file id="fl-28">
         <path>C:\ti\mcu_plus_sdk_am263x_08_05_00_24\source\kernel\nortos\lib\</path>
         <kind>archive</kind>
         <file>nortos.am263x.r5f.ti-arm-clang.debug.lib</file>
         <name>CacheP_armv7r.obj</name>
      </input_file>
      <input_file id="fl-29">
         <path>C:\ti\mcu_plus_sdk_am263x_08_05_00_24\source\kernel\nortos\lib\</path>
         <kind>archive</kind>
         <file>nortos.am263x.r5f.ti-arm-clang.debug.lib</file>
         <name>printf.obj</name>
      </input_file>
      <input_file id="fl-2a">
         <path>C:\ti\mcu_plus_sdk_am263x_08_05_00_24\source\kernel\nortos\lib\</path>
         <kind>archive</kind>
         <file>nortos.am263x.r5f.ti-arm-clang.debug.lib</file>
         <name>PmuP_armv7r.obj</name>
      </input_file>
      <input_file id="fl-2b">
         <path>C:\ti\mcu_plus_sdk_am263x_08_05_00_24\source\kernel\nortos\lib\</path>
         <kind>archive</kind>
         <file>nortos.am263x.r5f.ti-arm-clang.debug.lib</file>
         <name>HwiP_armv7r_handlers_nortos_asm.obj</name>
      </input_file>
      <input_file id="fl-2c">
         <path>C:\ti\mcu_plus_sdk_am263x_08_05_00_24\source\kernel\nortos\lib\</path>
         <kind>archive</kind>
         <file>nortos.am263x.r5f.ti-arm-clang.debug.lib</file>
         <name>HwiP_armv7r_vectors_nortos_asm.obj</name>
      </input_file>
      <input_file id="fl-2d">
         <path>C:\ti\mcu_plus_sdk_am263x_08_05_00_24\source\kernel\nortos\lib\</path>
         <kind>archive</kind>
         <file>nortos.am263x.r5f.ti-arm-clang.debug.lib</file>
         <name>boot_armv7r_asm.obj</name>
      </input_file>
      <input_file id="fl-2e">
         <path>C:\ti\mcu_plus_sdk_am263x_08_05_00_24\source\kernel\nortos\lib\</path>
         <kind>archive</kind>
         <file>nortos.am263x.r5f.ti-arm-clang.debug.lib</file>
         <name>HwiP_armv7r_asm.obj</name>
      </input_file>
      <input_file id="fl-2f">
         <path>C:\ti\mcu_plus_sdk_am263x_08_05_00_24\source\kernel\nortos\lib\</path>
         <kind>archive</kind>
         <file>nortos.am263x.r5f.ti-arm-clang.debug.lib</file>
         <name>MpuP_armv7r_asm.obj</name>
      </input_file>
      <input_file id="fl-30">
         <path>C:\ti\mcu_plus_sdk_am263x_08_05_00_24\source\kernel\nortos\lib\</path>
         <kind>archive</kind>
         <file>nortos.am263x.r5f.ti-arm-clang.debug.lib</file>
         <name>CacheP_armv7r_asm.obj</name>
      </input_file>
      <input_file id="fl-31">
         <path>C:\ti\mcu_plus_sdk_am263x_08_05_00_24\source\kernel\nortos\lib\</path>
         <kind>archive</kind>
         <file>nortos.am263x.r5f.ti-arm-clang.debug.lib</file>
         <name>PmuP_armv7r_asm.obj</name>
      </input_file>
      <input_file id="fl-32">
         <path>C:\ti\mcu_plus_sdk_am263x_08_05_00_24\source\kernel\nortos\lib\</path>
         <kind>archive</kind>
         <file>nortos.am263x.r5f.ti-arm-clang.debug.lib</file>
         <name>boot_armv7r.obj</name>
      </input_file>
      <input_file id="fl-33">
         <path>C:\ti\mcu_plus_sdk_am263x_08_05_00_24\source\kernel\nortos\lib\</path>
         <kind>archive</kind>
         <file>nortos.am263x.r5f.ti-arm-clang.debug.lib</file>
         <name>SemaphoreP_nortos.obj</name>
      </input_file>
      <input_file id="fl-34">
         <path>C:\ti\mcu_plus_sdk_am263x_08_05_00_24\source\drivers\lib\</path>
         <kind>archive</kind>
         <file>drivers.am263x.r5f.ti-arm-clang.debug.lib</file>
         <name>gpio.obj</name>
      </input_file>
      <input_file id="fl-35">
         <path>C:\ti\mcu_plus_sdk_am263x_08_05_00_24\source\drivers\lib\</path>
         <kind>archive</kind>
         <file>drivers.am263x.r5f.ti-arm-clang.debug.lib</file>
         <name>pinmux.obj</name>
      </input_file>
      <input_file id="fl-36">
         <path>C:\ti\mcu_plus_sdk_am263x_08_05_00_24\source\drivers\lib\</path>
         <kind>archive</kind>
         <file>drivers.am263x.r5f.ti-arm-clang.debug.lib</file>
         <name>soc.obj</name>
      </input_file>
      <input_file id="fl-37">
         <path>C:\ti\mcu_plus_sdk_am263x_08_05_00_24\source\drivers\lib\</path>
         <kind>archive</kind>
         <file>drivers.am263x.r5f.ti-arm-clang.debug.lib</file>
         <name>soc_rcm.obj</name>
      </input_file>
      <input_file id="fl-38">
         <path>C:\ti\mcu_plus_sdk_am263x_08_05_00_24\source\drivers\lib\</path>
         <kind>archive</kind>
         <file>drivers.am263x.r5f.ti-arm-clang.debug.lib</file>
         <name>uart_v0.obj</name>
      </input_file>
      <input_file id="fl-39">
         <path>C:\ti\mcu_plus_sdk_am263x_08_05_00_24\source\drivers\lib\</path>
         <kind>archive</kind>
         <file>drivers.am263x.r5f.ti-arm-clang.debug.lib</file>
         <name>uart_dma.obj</name>
      </input_file>
      <input_file id="fl-45">
         <path>C:\ti\ccs1200\ccs\tools\compiler\ti-cgt-armllvm_2.1.0.LTS\lib\armv7r-ti-none-eabihf\c\</path>
         <kind>archive</kind>
         <file>libc.a</file>
         <name>fputc.c.obj</name>
      </input_file>
      <input_file id="fl-46">
         <path>C:\ti\ccs1200\ccs\tools\compiler\ti-cgt-armllvm_2.1.0.LTS\lib\armv7r-ti-none-eabihf\c\</path>
         <kind>archive</kind>
         <file>libc.a</file>
         <name>_io_perm.c.obj</name>
      </input_file>
      <input_file id="fl-47">
         <path>C:\ti\ccs1200\ccs\tools\compiler\ti-cgt-armllvm_2.1.0.LTS\lib\armv7r-ti-none-eabihf\c\</path>
         <kind>archive</kind>
         <file>libc.a</file>
         <name>setvbuf.c.obj</name>
      </input_file>
      <input_file id="fl-48">
         <path>C:\ti\ccs1200\ccs\tools\compiler\ti-cgt-armllvm_2.1.0.LTS\lib\armv7r-ti-none-eabihf\c\</path>
         <kind>archive</kind>
         <file>libc.a</file>
         <name>exit.c.obj</name>
      </input_file>
      <input_file id="fl-49">
         <path>C:\ti\ccs1200\ccs\tools\compiler\ti-cgt-armllvm_2.1.0.LTS\lib\armv7r-ti-none-eabihf\c\</path>
         <kind>archive</kind>
         <file>libc.a</file>
         <name>_lock.c.obj</name>
      </input_file>
      <input_file id="fl-4a">
         <path>C:\ti\ccs1200\ccs\tools\compiler\ti-cgt-armllvm_2.1.0.LTS\lib\armv7r-ti-none-eabihf\c\</path>
         <kind>archive</kind>
         <file>libc.a</file>
         <name>defs.c.obj</name>
      </input_file>
      <input_file id="fl-4b">
         <path>C:\ti\ccs1200\ccs\tools\compiler\ti-cgt-armllvm_2.1.0.LTS\lib\armv7r-ti-none-eabihf\c\</path>
         <kind>archive</kind>
         <file>libc.a</file>
         <name>memory.c.obj</name>
      </input_file>
      <input_file id="fl-4c">
         <path>C:\ti\ccs1200\ccs\tools\compiler\ti-cgt-armllvm_2.1.0.LTS\lib\armv7r-ti-none-eabihf\c\</path>
         <kind>archive</kind>
         <file>libc.a</file>
         <name>autoinit.c.obj</name>
      </input_file>
      <input_file id="fl-4d">
         <path>C:\ti\ccs1200\ccs\tools\compiler\ti-cgt-armllvm_2.1.0.LTS\lib\armv7r-ti-none-eabihf\c\</path>
         <kind>archive</kind>
         <file>libc.a</file>
         <name>cpy_tbl.c.obj</name>
      </input_file>
      <input_file id="fl-4e">
         <path>C:\ti\ccs1200\ccs\tools\compiler\ti-cgt-armllvm_2.1.0.LTS\lib\armv7r-ti-none-eabihf\c\</path>
         <kind>archive</kind>
         <file>libc.a</file>
         <name>fflush.c.obj</name>
      </input_file>
      <input_file id="fl-4f">
         <path>C:\ti\ccs1200\ccs\tools\compiler\ti-cgt-armllvm_2.1.0.LTS\lib\armv7r-ti-none-eabihf\c\</path>
         <kind>archive</kind>
         <file>libc.a</file>
         <name>fopen.c.obj</name>
      </input_file>
      <input_file id="fl-50">
         <path>C:\ti\ccs1200\ccs\tools\compiler\ti-cgt-armllvm_2.1.0.LTS\lib\armv7r-ti-none-eabihf\c\</path>
         <kind>archive</kind>
         <file>libc.a</file>
         <name>fseek.c.obj</name>
      </input_file>
      <input_file id="fl-51">
         <path>C:\ti\ccs1200\ccs\tools\compiler\ti-cgt-armllvm_2.1.0.LTS\lib\armv7r-ti-none-eabihf\c\</path>
         <kind>archive</kind>
         <file>libc.a</file>
         <name>fclose.c.obj</name>
      </input_file>
      <input_file id="fl-5d">
         <path>C:\ti\ccs1200\ccs\tools\compiler\ti-cgt-armllvm_2.1.0.LTS\lib\armv7r-ti-none-eabihf\c\</path>
         <kind>archive</kind>
         <file>libsysbm.a</file>
         <name>write.c.obj</name>
      </input_file>
      <input_file id="fl-5e">
         <path>C:\ti\ccs1200\ccs\tools\compiler\ti-cgt-armllvm_2.1.0.LTS\lib\armv7r-ti-none-eabihf\c\</path>
         <kind>archive</kind>
         <file>libsysbm.a</file>
         <name>host_device.c.obj</name>
      </input_file>
      <input_file id="fl-5f">
         <path>C:\ti\ccs1200\ccs\tools\compiler\ti-cgt-armllvm_2.1.0.LTS\lib\armv7r-ti-none-eabihf\c\</path>
         <kind>archive</kind>
         <file>libsysbm.a</file>
         <name>remove.c.obj</name>
      </input_file>
      <input_file id="fl-60">
         <path>C:\ti\ccs1200\ccs\tools\compiler\ti-cgt-armllvm_2.1.0.LTS\lib\armv7r-ti-none-eabihf\c\</path>
         <kind>archive</kind>
         <file>libsysbm.a</file>
         <name>open.c.obj</name>
      </input_file>
      <input_file id="fl-61">
         <path>C:\ti\ccs1200\ccs\tools\compiler\ti-cgt-armllvm_2.1.0.LTS\lib\armv7r-ti-none-eabihf\c\</path>
         <kind>archive</kind>
         <file>libsysbm.a</file>
         <name>lseek.c.obj</name>
      </input_file>
      <input_file id="fl-62">
         <path>C:\ti\ccs1200\ccs\tools\compiler\ti-cgt-armllvm_2.1.0.LTS\lib\armv7r-ti-none-eabihf\c\</path>
         <kind>archive</kind>
         <file>libsysbm.a</file>
         <name>close.c.obj</name>
      </input_file>
      <input_file id="fl-63">
         <path>C:\ti\ccs1200\ccs\tools\compiler\ti-cgt-armllvm_2.1.0.LTS\lib\armv7r-ti-none-eabihf\c\</path>
         <kind>archive</kind>
         <file>libsysbm.a</file>
         <name>unlink.c.obj</name>
      </input_file>
      <input_file id="fl-64">
         <path>C:\ti\ccs1200\ccs\tools\compiler\ti-cgt-armllvm_2.1.0.LTS\lib\armv7r-ti-none-eabihf\c\</path>
         <kind>archive</kind>
         <file>libsysbm.a</file>
         <name>hostclose.c.obj</name>
      </input_file>
      <input_file id="fl-65">
         <path>C:\ti\ccs1200\ccs\tools\compiler\ti-cgt-armllvm_2.1.0.LTS\lib\armv7r-ti-none-eabihf\c\</path>
         <kind>archive</kind>
         <file>libsysbm.a</file>
         <name>hostlseek.c.obj</name>
      </input_file>
      <input_file id="fl-66">
         <path>C:\ti\ccs1200\ccs\tools\compiler\ti-cgt-armllvm_2.1.0.LTS\lib\armv7r-ti-none-eabihf\c\</path>
         <kind>archive</kind>
         <file>libsysbm.a</file>
         <name>hostopen.c.obj</name>
      </input_file>
      <input_file id="fl-67">
         <path>C:\ti\ccs1200\ccs\tools\compiler\ti-cgt-armllvm_2.1.0.LTS\lib\armv7r-ti-none-eabihf\c\</path>
         <kind>archive</kind>
         <file>libsysbm.a</file>
         <name>hostread.c.obj</name>
      </input_file>
      <input_file id="fl-68">
         <path>C:\ti\ccs1200\ccs\tools\compiler\ti-cgt-armllvm_2.1.0.LTS\lib\armv7r-ti-none-eabihf\c\</path>
         <kind>archive</kind>
         <file>libsysbm.a</file>
         <name>hostrename.c.obj</name>
      </input_file>
      <input_file id="fl-69">
         <path>C:\ti\ccs1200\ccs\tools\compiler\ti-cgt-armllvm_2.1.0.LTS\lib\armv7r-ti-none-eabihf\c\</path>
         <kind>archive</kind>
         <file>libsysbm.a</file>
         <name>hostunlink.c.obj</name>
      </input_file>
      <input_file id="fl-6a">
         <path>C:\ti\ccs1200\ccs\tools\compiler\ti-cgt-armllvm_2.1.0.LTS\lib\armv7r-ti-none-eabihf\c\</path>
         <kind>archive</kind>
         <file>libsysbm.a</file>
         <name>hostwrite.c.obj</name>
      </input_file>
      <input_file id="fl-6b">
         <path>C:\ti\ccs1200\ccs\tools\compiler\ti-cgt-armllvm_2.1.0.LTS\lib\armv7r-ti-none-eabihf\c\</path>
         <kind>archive</kind>
         <file>libsysbm.a</file>
         <name>trgmsg.c.obj</name>
      </input_file>
      <input_file id="fl-99">
         <path>C:\ti\ccs1200\ccs\tools\compiler\ti-cgt-armllvm_2.1.0.LTS\lib\armv7r-ti-none-eabihf\c\</path>
         <kind>archive</kind>
         <file>libc.a</file>
         <name>getdevice.c.obj</name>
      </input_file>
      <input_file id="fl-9a">
         <path>C:\ti\ccs1200\ccs\tools\compiler\ti-cgt-armllvm_2.1.0.LTS\lib\clang\14.0.5\lib\armv7r-ti-none-eabihf\</path>
         <kind>archive</kind>
         <file>libclang_rt.builtins.a</file>
         <name>udivsi3.S.obj</name>
      </input_file>
      <input_file id="fl-9b">
         <path>C:\ti\ccs1200\ccs\tools\compiler\ti-cgt-armllvm_2.1.0.LTS\lib\clang\14.0.5\lib\armv7r-ti-none-eabihf\</path>
         <kind>archive</kind>
         <file>libclang_rt.builtins.a</file>
         <name>aeabi_div0.c.obj</name>
      </input_file>
      <input_file id="fl-9c">
         <path>C:\ti\ccs1200\ccs\tools\compiler\ti-cgt-armllvm_2.1.0.LTS\lib\clang\14.0.5\lib\armv7r-ti-none-eabihf\</path>
         <kind>archive</kind>
         <file>libclang_rt.builtins.a</file>
         <name>aeabi_memcpy.S.obj</name>
      </input_file>
      <input_file id="fl-9d">
         <path>C:\ti\ccs1200\ccs\tools\compiler\ti-cgt-armllvm_2.1.0.LTS\lib\clang\14.0.5\lib\armv7r-ti-none-eabihf\</path>
         <kind>archive</kind>
         <file>libclang_rt.builtins.a</file>
         <name>aeabi_memset.S.obj</name>
      </input_file>
      <input_file id="fl-9e">
         <path>C:\ti\ccs1200\ccs\tools\compiler\ti-cgt-armllvm_2.1.0.LTS\lib\clang\14.0.5\lib\armv7r-ti-none-eabihf\</path>
         <kind>archive</kind>
         <file>libclang_rt.builtins.a</file>
         <name>aeabi_uldivmod.S.obj</name>
      </input_file>
      <input_file id="fl-9f">
         <path>C:\ti\ccs1200\ccs\tools\compiler\ti-cgt-armllvm_2.1.0.LTS\lib\clang\14.0.5\lib\armv7r-ti-none-eabihf\</path>
         <kind>archive</kind>
         <file>libclang_rt.builtins.a</file>
         <name>udivmoddi4.S.obj</name>
      </input_file>
      <input_file id="fl-a0">
         <path>C:\ti\ccs1200\ccs\tools\compiler\ti-cgt-armllvm_2.1.0.LTS\lib\armv7r-ti-none-eabihf\c\</path>
         <kind>archive</kind>
         <file>libsysbm.a</file>
         <name>memcpy32.S.obj</name>
      </input_file>
      <input_file id="fl-a1">
         <path>C:\ti\ccs1200\ccs\tools\compiler\ti-cgt-armllvm_2.1.0.LTS\lib\armv7r-ti-none-eabihf\c\</path>
         <kind>archive</kind>
         <file>libsysbm.a</file>
         <name>memset32.S.obj</name>
      </input_file>
      <input_file id="fl-a2">
         <path>C:\ti\mcu_plus_sdk_am263x_08_05_00_24\source\kernel\nortos\lib\</path>
         <kind>archive</kind>
         <file>nortos.am263x.r5f.ti-arm-clang.debug.lib</file>
         <name>CpuId_armv7r.obj</name>
      </input_file>
      <input_file id="fl-a3">
         <path>C:\ti\mcu_plus_sdk_am263x_08_05_00_24\source\kernel\nortos\lib\</path>
         <kind>archive</kind>
         <file>nortos.am263x.r5f.ti-arm-clang.debug.lib</file>
         <name>TaskP_nortos.obj</name>
      </input_file>
      <input_file id="fl-a4">
         <path>C:\ti\mcu_plus_sdk_am263x_08_05_00_24\source\kernel\nortos\lib\</path>
         <kind>archive</kind>
         <file>nortos.am263x.r5f.ti-arm-clang.debug.lib</file>
         <name>CpuId_armv7r_asm.obj</name>
      </input_file>
   </input_file_list>
   <object_component_list>
      <object_component id="oc-2a">
         <name>.vectors</name>
         <load_address>0x0</load_address>
         <run_address>0x0</run_address>
         <size>0x40</size>
         <input_file_ref idref="fl-2c"/>
      </object_component>
      <object_component id="oc-64">
         <name>.text.hwi</name>
         <load_address>0x70055b60</load_address>
         <run_address>0x70055b60</run_address>
         <size>0x5b8</size>
         <input_file_ref idref="fl-25"/>
      </object_component>
      <object_component id="oc-46">
         <name>.text.hwi</name>
         <load_address>0x70056120</load_address>
         <run_address>0x70056120</run_address>
         <size>0x3d8</size>
         <input_file_ref idref="fl-26"/>
      </object_component>
      <object_component id="oc-4a">
         <name>.text.hwi</name>
         <load_address>0x700564f8</load_address>
         <run_address>0x700564f8</run_address>
         <size>0x78</size>
         <input_file_ref idref="fl-2b"/>
      </object_component>
      <object_component id="oc-6a">
         <name>.text.hwi</name>
         <load_address>0x70056570</load_address>
         <run_address>0x70056570</run_address>
         <size>0x70</size>
         <input_file_ref idref="fl-2e"/>
      </object_component>
      <object_component id="oc-b6">
         <name>.text.cache</name>
         <load_address>0x700565e0</load_address>
         <run_address>0x700565e0</run_address>
         <size>0x340</size>
         <input_file_ref idref="fl-30"/>
      </object_component>
      <object_component id="oc-76">
         <name>.text.cache</name>
         <load_address>0x70056920</load_address>
         <run_address>0x70056920</run_address>
         <size>0x158</size>
         <input_file_ref idref="fl-28"/>
      </object_component>
      <object_component id="oc-72">
         <name>.text.mpu</name>
         <load_address>0x70056a80</load_address>
         <run_address>0x70056a80</run_address>
         <size>0x246</size>
         <input_file_ref idref="fl-27"/>
      </object_component>
      <object_component id="oc-b2">
         <name>.text.mpu</name>
         <load_address>0x70056cc8</load_address>
         <run_address>0x70056cc8</run_address>
         <size>0x78</size>
         <input_file_ref idref="fl-2f"/>
      </object_component>
      <object_component id="oc-42">
         <name>.text.boot</name>
         <load_address>0x70056d40</load_address>
         <run_address>0x70056d40</run_address>
         <size>0xfc</size>
         <input_file_ref idref="fl-2d"/>
      </object_component>
      <object_component id="oc-a9">
         <name>.text.boot</name>
         <load_address>0x70056e40</load_address>
         <run_address>0x70056e40</run_address>
         <size>0x24</size>
         <input_file_ref idref="fl-20"/>
      </object_component>
      <object_component id="oc-54">
         <name>.text.boot</name>
         <load_address>0x70056e70</load_address>
         <run_address>0x70056e70</run_address>
         <size>0xc</size>
         <input_file_ref idref="fl-3"/>
      </object_component>
      <object_component id="oc-a2">
         <name>.text:abort</name>
         <load_address>0x70056e80</load_address>
         <run_address>0x70056e80</run_address>
         <size>0x8</size>
         <input_file_ref idref="fl-48"/>
      </object_component>
      <object_component id="oc-1c0">
         <name>.text._vsnprintf</name>
         <load_address>0x7004d4c0</load_address>
         <run_address>0x7004d4c0</run_address>
         <size>0xa34</size>
         <input_file_ref idref="fl-29"/>
      </object_component>
      <object_component id="oc-298">
         <name>.text.malloc</name>
         <load_address>0x7004def4</load_address>
         <run_address>0x7004def4</run_address>
         <size>0xc</size>
         <input_file_ref idref="fl-4b"/>
      </object_component>
      <object_component id="oc-20e">
         <name>.text.SOC_rcmGetClkSrcAndDivReg</name>
         <load_address>0x7004df00</load_address>
         <run_address>0x7004df00</run_address>
         <size>0x56e</size>
         <input_file_ref idref="fl-37"/>
      </object_component>
      <object_component id="oc-1e1">
         <name>.text.SOC_rcmEnablePeripheralClock</name>
         <load_address>0x7004e470</load_address>
         <run_address>0x7004e470</run_address>
         <size>0x546</size>
         <input_file_ref idref="fl-37"/>
      </object_component>
      <object_component id="oc-188">
         <name>.text._nop</name>
         <load_address>0x7004e9b8</load_address>
         <run_address>0x7004e9b8</run_address>
         <size>0x4</size>
         <input_file_ref idref="fl-49"/>
      </object_component>
      <object_component id="oc-27e">
         <name>.text.fseek</name>
         <load_address>0x7004e9bc</load_address>
         <run_address>0x7004e9bc</run_address>
         <size>0x4</size>
         <input_file_ref idref="fl-50"/>
      </object_component>
      <object_component id="oc-1f8">
         <name>.text._ftoa</name>
         <load_address>0x7004e9c0</load_address>
         <run_address>0x7004e9c0</run_address>
         <size>0x51e</size>
         <input_file_ref idref="fl-29"/>
      </object_component>
      <object_component id="oc-1f9">
         <name>.text._etoa</name>
         <load_address>0x7004eee0</load_address>
         <run_address>0x7004eee0</run_address>
         <size>0x478</size>
         <input_file_ref idref="fl-29"/>
      </object_component>
      <object_component id="oc-2df">
         <name>.text.remove</name>
         <load_address>0x7004f358</load_address>
         <run_address>0x7004f358</run_address>
         <size>0x4</size>
         <input_file_ref idref="fl-5f"/>
      </object_component>
      <object_component id="oc-12d">
         <name>.text</name>
         <load_address>0x7004f35c</load_address>
         <run_address>0x7004f35c</run_address>
         <size>0x4</size>
         <input_file_ref idref="fl-9c"/>
      </object_component>
      <object_component id="oc-1bd">
         <name>.text.UART_open</name>
         <load_address>0x7004f360</load_address>
         <run_address>0x7004f360</run_address>
         <size>0x286</size>
         <input_file_ref idref="fl-38"/>
      </object_component>
      <object_component id="oc-212">
         <name>.text.UART_fifoConfig</name>
         <load_address>0x7004f5f0</load_address>
         <run_address>0x7004f5f0</run_address>
         <size>0x242</size>
         <input_file_ref idref="fl-38"/>
      </object_component>
      <object_component id="oc-22c">
         <name>.text._ntoa_format</name>
         <load_address>0x7004f840</load_address>
         <run_address>0x7004f840</run_address>
         <size>0x23e</size>
         <input_file_ref idref="fl-29"/>
      </object_component>
      <object_component id="oc-1f0">
         <name>.text.UART_masterIsr</name>
         <load_address>0x7004fa80</load_address>
         <run_address>0x7004fa80</run_address>
         <size>0x228</size>
         <input_file_ref idref="fl-38"/>
      </object_component>
      <object_component id="oc-19c">
         <name>.text.TimerP_setup</name>
         <load_address>0x7004fcb0</load_address>
         <run_address>0x7004fcb0</run_address>
         <size>0x1fa</size>
         <input_file_ref idref="fl-24"/>
      </object_component>
      <object_component id="oc-261">
         <name>.text.UART_write</name>
         <load_address>0x7004feb0</load_address>
         <run_address>0x7004feb0</run_address>
         <size>0x1ee</size>
         <input_file_ref idref="fl-38"/>
      </object_component>
      <object_component id="oc-2ad">
         <name>.text.aligned_alloc</name>
         <load_address>0x700500a0</load_address>
         <run_address>0x700500a0</run_address>
         <size>0x1b8</size>
         <input_file_ref idref="fl-4b"/>
      </object_component>
      <object_component id="oc-296">
         <name>.text.free</name>
         <load_address>0x70050258</load_address>
         <run_address>0x70050258</run_address>
         <size>0x1b8</size>
         <input_file_ref idref="fl-4b"/>
      </object_component>
      <object_component id="oc-1c7">
         <name>.text.UART_close</name>
         <load_address>0x70050410</load_address>
         <run_address>0x70050410</run_address>
         <size>0x1b0</size>
         <input_file_ref idref="fl-38"/>
      </object_component>
      <object_component id="oc-99">
         <name>.text.demo_interrupt_main</name>
         <load_address>0x700505c0</load_address>
         <run_address>0x700505c0</run_address>
         <size>0x1ac</size>
         <input_file_ref idref="fl-2"/>
      </object_component>
      <object_component id="oc-1ea">
         <name>.text.UART_configInstance</name>
         <load_address>0x70050770</load_address>
         <run_address>0x70050770</run_address>
         <size>0x178</size>
         <input_file_ref idref="fl-38"/>
      </object_component>
      <object_component id="oc-13c">
         <name>.text.ClockP_init</name>
         <load_address>0x700508f0</load_address>
         <run_address>0x700508f0</run_address>
         <size>0x172</size>
         <input_file_ref idref="fl-23"/>
      </object_component>
      <object_component id="oc-13a">
         <name>.text.SOC_controlModuleUnlockMMR</name>
         <load_address>0x70050a70</load_address>
         <run_address>0x70050a70</run_address>
         <size>0x158</size>
         <input_file_ref idref="fl-36"/>
      </object_component>
      <object_component id="oc-220">
         <name>.text.UART_procLineStatusErr</name>
         <load_address>0x70050bd0</load_address>
         <run_address>0x70050bd0</run_address>
         <size>0x150</size>
         <input_file_ref idref="fl-38"/>
      </object_component>
      <object_component id="oc-283">
         <name>.text.setvbuf</name>
         <load_address>0x70050d20</load_address>
         <run_address>0x70050d20</run_address>
         <size>0x144</size>
         <input_file_ref idref="fl-47"/>
      </object_component>
      <object_component id="oc-1f6">
         <name>.text._ntoa_long_long</name>
         <load_address>0x70050e70</load_address>
         <run_address>0x70050e70</run_address>
         <size>0x138</size>
         <input_file_ref idref="fl-29"/>
      </object_component>
      <object_component id="oc-20c">
         <name>.text.SOC_rcmGetPeripheralClockFrequency</name>
         <load_address>0x70050fb0</load_address>
         <run_address>0x70050fb0</run_address>
         <size>0x130</size>
         <input_file_ref idref="fl-37"/>
      </object_component>
      <object_component id="oc-13b">
         <name>.text.SOC_controlModuleLockMMR</name>
         <load_address>0x700510e0</load_address>
         <run_address>0x700510e0</run_address>
         <size>0x126</size>
         <input_file_ref idref="fl-36"/>
      </object_component>
      <object_component id="oc-1a7">
         <name>.text</name>
         <load_address>0x70051208</load_address>
         <run_address>0x70051208</run_address>
         <size>0x118</size>
         <input_file_ref idref="fl-9f"/>
      </object_component>
      <object_component id="oc-214">
         <name>.text.UART_divisorLatchWrite</name>
         <load_address>0x70051320</load_address>
         <run_address>0x70051320</run_address>
         <size>0x116</size>
         <input_file_ref idref="fl-38"/>
      </object_component>
      <object_component id="oc-1f7">
         <name>.text._ntoa_long</name>
         <load_address>0x70051440</load_address>
         <run_address>0x70051440</run_address>
         <size>0x114</size>
         <input_file_ref idref="fl-29"/>
      </object_component>
      <object_component id="oc-23e">
         <name>.text.SOC_rcmADPLLJGetFOut</name>
         <load_address>0x70051560</load_address>
         <run_address>0x70051560</run_address>
         <size>0x10e</size>
         <input_file_ref idref="fl-37"/>
      </object_component>
      <object_component id="oc-1c6">
         <name>.text.SemaphoreP_pend</name>
         <load_address>0x70051670</load_address>
         <run_address>0x70051670</run_address>
         <size>0xf0</size>
         <input_file_ref idref="fl-33"/>
      </object_component>
      <object_component id="oc-207">
         <name>.text.SOC_rcmGetCoreFout</name>
         <load_address>0x70051760</load_address>
         <run_address>0x70051760</run_address>
         <size>0xea</size>
         <input_file_ref idref="fl-37"/>
      </object_component>
      <object_component id="oc-265">
         <name>.text.SOC_rcmGetPerFout</name>
         <load_address>0x70051850</load_address>
         <run_address>0x70051850</run_address>
         <size>0xea</size>
         <input_file_ref idref="fl-37"/>
      </object_component>
      <object_component id="oc-25a">
         <name>.text.fputc</name>
         <load_address>0x7005193c</load_address>
         <run_address>0x7005193c</run_address>
         <size>0xe8</size>
         <input_file_ref idref="fl-45"/>
      </object_component>
      <object_component id="oc-101">
         <name>.text.GPIO_setTrigType</name>
         <load_address>0x70051a30</load_address>
         <run_address>0x70051a30</run_address>
         <size>0xe0</size>
         <input_file_ref idref="fl-34"/>
      </object_component>
      <object_component id="oc-222">
         <name>.text.UART_intrEnable</name>
         <load_address>0x70051b10</load_address>
         <run_address>0x70051b10</run_address>
         <size>0xde</size>
         <input_file_ref idref="fl-38"/>
      </object_component>
      <object_component id="oc-202">
         <name>.text.UART_intrDisable</name>
         <load_address>0x70051bf0</load_address>
         <run_address>0x70051bf0</run_address>
         <size>0xda</size>
         <input_file_ref idref="fl-38"/>
      </object_component>
      <object_component id="oc-201">
         <name>.text.UART_flushTxFifo</name>
         <load_address>0x70051cd0</load_address>
         <run_address>0x70051cd0</run_address>
         <size>0xcc</size>
         <input_file_ref idref="fl-38"/>
      </object_component>
      <object_component id="oc-310">
         <name>.text.getdevice</name>
         <load_address>0x70051d9c</load_address>
         <run_address>0x70051d9c</run_address>
         <size>0xc8</size>
         <input_file_ref idref="fl-99"/>
      </object_component>
      <object_component id="oc-240">
         <name>.text.SOC_rcmGetPerHSDivOut</name>
         <load_address>0x70051e70</load_address>
         <run_address>0x70051e70</run_address>
         <size>0xc4</size>
         <input_file_ref idref="fl-37"/>
      </object_component>
      <object_component id="oc-27d">
         <name>.text.UART_writePolling</name>
         <load_address>0x70051f40</load_address>
         <run_address>0x70051f40</run_address>
         <size>0xc2</size>
         <input_file_ref idref="fl-38"/>
      </object_component>
      <object_component id="oc-22e">
         <name>.text._out_rev</name>
         <load_address>0x70052010</load_address>
         <run_address>0x70052010</run_address>
         <size>0xc0</size>
         <input_file_ref idref="fl-29"/>
      </object_component>
      <object_component id="oc-231">
         <name>.text.ClockP_stop</name>
         <load_address>0x700520d0</load_address>
         <run_address>0x700520d0</run_address>
         <size>0xba</size>
         <input_file_ref idref="fl-22"/>
      </object_component>
      <object_component id="oc-15f">
         <name>.text.UART_init</name>
         <load_address>0x70052190</load_address>
         <run_address>0x70052190</run_address>
         <size>0xba</size>
         <input_file_ref idref="fl-38"/>
      </object_component>
      <object_component id="oc-19e">
         <name>.text.ClockP_timerTickIsr</name>
         <load_address>0x70052250</load_address>
         <run_address>0x70052250</run_address>
         <size>0xb8</size>
         <input_file_ref idref="fl-22"/>
      </object_component>
      <object_component id="oc-2ae">
         <name>.text.__TI_closefile</name>
         <load_address>0x70052308</load_address>
         <run_address>0x70052308</run_address>
         <size>0xb4</size>
         <input_file_ref idref="fl-51"/>
      </object_component>
      <object_component id="oc-292">
         <name>.text.fseeko</name>
         <load_address>0x700523bc</load_address>
         <run_address>0x700523bc</run_address>
         <size>0xb4</size>
         <input_file_ref idref="fl-50"/>
      </object_component>
      <object_component id="oc-1e2">
         <name>.text.SOC_rcmSetPeripheralClock</name>
         <load_address>0x70052470</load_address>
         <run_address>0x70052470</run_address>
         <size>0xb0</size>
         <input_file_ref idref="fl-37"/>
      </object_component>
      <object_component id="oc-161">
         <name>.text.Drivers_uartOpen</name>
         <load_address>0x70052520</load_address>
         <run_address>0x70052520</run_address>
         <size>0xac</size>
         <input_file_ref idref="fl-5"/>
      </object_component>
      <object_component id="oc-2a6">
         <name>.text.UART_fifoWrite</name>
         <load_address>0x700525d0</load_address>
         <run_address>0x700525d0</run_address>
         <size>0xaa</size>
         <input_file_ref idref="fl-38"/>
      </object_component>
      <object_component id="oc-1d5">
         <name>.text.ClockP_addToList</name>
         <load_address>0x70052680</load_address>
         <run_address>0x70052680</run_address>
         <size>0xa8</size>
         <input_file_ref idref="fl-22"/>
      </object_component>
      <object_component id="oc-200">
         <name>.text.ClockP_destruct</name>
         <load_address>0x70052730</load_address>
         <run_address>0x70052730</run_address>
         <size>0xa8</size>
         <input_file_ref idref="fl-22"/>
      </object_component>
      <object_component id="oc-2d9">
         <name>.text.split</name>
         <load_address>0x700527d8</load_address>
         <run_address>0x700527d8</run_address>
         <size>0xa4</size>
         <input_file_ref idref="fl-4b"/>
      </object_component>
      <object_component id="oc-1d9">
         <name>.text.SOC_rcmGetCoreHSDivOut</name>
         <load_address>0x70052880</load_address>
         <run_address>0x70052880</run_address>
         <size>0xa2</size>
         <input_file_ref idref="fl-37"/>
      </object_component>
      <object_component id="oc-cf">
         <name>.text.pmu</name>
         <load_address>0x70052930</load_address>
         <run_address>0x70052930</run_address>
         <size>0xa2</size>
         <input_file_ref idref="fl-2a"/>
      </object_component>
      <object_component id="oc-2cf">
         <name>.text.HOSTrename</name>
         <load_address>0x700529d4</load_address>
         <run_address>0x700529d4</run_address>
         <size>0xa0</size>
         <input_file_ref idref="fl-68"/>
      </object_component>
      <object_component id="oc-266">
         <name>.text.__TI_wrt_ok</name>
         <load_address>0x70052a74</load_address>
         <run_address>0x70052a74</run_address>
         <size>0x9c</size>
         <input_file_ref idref="fl-46"/>
      </object_component>
      <object_component id="oc-103">
         <name>.text.GPIO_bankIsrFxn</name>
         <load_address>0x70052b10</load_address>
         <run_address>0x70052b10</run_address>
         <size>0x98</size>
         <input_file_ref idref="fl-2"/>
      </object_component>
      <object_component id="oc-2c7">
         <name>.text.HOSTlseek</name>
         <load_address>0x70052ba8</load_address>
         <run_address>0x70052ba8</run_address>
         <size>0x98</size>
         <input_file_ref idref="fl-65"/>
      </object_component>
      <object_component id="oc-252">
         <name>.text.UART_subConfigTCRTLRModeEn</name>
         <load_address>0x70052c40</load_address>
         <run_address>0x70052c40</run_address>
         <size>0x96</size>
         <input_file_ref idref="fl-38"/>
      </object_component>
      <object_component id="oc-2b7">
         <name>.text.HOSTopen</name>
         <load_address>0x70052cd8</load_address>
         <run_address>0x70052cd8</run_address>
         <size>0x94</size>
         <input_file_ref idref="fl-66"/>
      </object_component>
      <object_component id="oc-27c">
         <name>.text.UART_writeCancelNoCB</name>
         <load_address>0x70052d70</load_address>
         <run_address>0x70052d70</run_address>
         <size>0x92</size>
         <input_file_ref idref="fl-38"/>
      </object_component>
      <object_component id="oc-2db">
         <name>.text.close</name>
         <load_address>0x70052e04</load_address>
         <run_address>0x70052e04</run_address>
         <size>0x8c</size>
         <input_file_ref idref="fl-62"/>
      </object_component>
      <object_component id="oc-177">
         <name>.text.ClockP_getTimeUsec</name>
         <load_address>0x70052e90</load_address>
         <run_address>0x70052e90</run_address>
         <size>0x88</size>
         <input_file_ref idref="fl-22"/>
      </object_component>
      <object_component id="oc-270">
         <name>.text.__TI_doflush</name>
         <load_address>0x70052f18</load_address>
         <run_address>0x70052f18</run_address>
         <size>0x88</size>
         <input_file_ref idref="fl-4e"/>
      </object_component>
      <object_component id="oc-254">
         <name>.text.UART_tcrTlrBitValRestore</name>
         <load_address>0x70052fa0</load_address>
         <run_address>0x70052fa0</run_address>
         <size>0x86</size>
         <input_file_ref idref="fl-38"/>
      </object_component>
      <object_component id="oc-2bf">
         <name>.text.HOSTread</name>
         <load_address>0x70053028</load_address>
         <run_address>0x70053028</run_address>
         <size>0x84</size>
         <input_file_ref idref="fl-67"/>
      </object_component>
      <object_component id="oc-2c3">
         <name>.text.HOSTwrite</name>
         <load_address>0x700530ac</load_address>
         <run_address>0x700530ac</run_address>
         <size>0x84</size>
         <input_file_ref idref="fl-6a"/>
      </object_component>
      <object_component id="oc-290">
         <name>.text.UART_dmaDisableChannel</name>
         <load_address>0x70053130</load_address>
         <run_address>0x70053130</run_address>
         <size>0x84</size>
         <input_file_ref idref="fl-39"/>
      </object_component>
      <object_component id="oc-205">
         <name>.text.UART_dmaClose</name>
         <load_address>0x700531c0</load_address>
         <run_address>0x700531c0</run_address>
         <size>0x80</size>
         <input_file_ref idref="fl-39"/>
      </object_component>
      <object_component id="oc-221">
         <name>.text.UART_readData</name>
         <load_address>0x70053240</load_address>
         <run_address>0x70053240</run_address>
         <size>0x80</size>
         <input_file_ref idref="fl-38"/>
      </object_component>
      <object_component id="oc-1e8">
         <name>.text.UART_Params_init</name>
         <load_address>0x700532c0</load_address>
         <run_address>0x700532c0</run_address>
         <size>0x7a</size>
         <input_file_ref idref="fl-38"/>
      </object_component>
      <object_component id="oc-105">
         <name>.text._DebugP_assert</name>
         <load_address>0x70053340</load_address>
         <run_address>0x70053340</run_address>
         <size>0x7a</size>
         <input_file_ref idref="fl-20"/>
      </object_component>
      <object_component id="oc-1fd">
         <name>.text.ClockP_construct</name>
         <load_address>0x700533c0</load_address>
         <run_address>0x700533c0</run_address>
         <size>0x74</size>
         <input_file_ref idref="fl-22"/>
      </object_component>
      <object_component id="oc-1eb">
         <name>.text.UART_dmaOpen</name>
         <load_address>0x70053440</load_address>
         <run_address>0x70053440</run_address>
         <size>0x70</size>
         <input_file_ref idref="fl-39"/>
      </object_component>
      <object_component id="oc-2cb">
         <name>.text.HOSTunlink</name>
         <load_address>0x700534b0</load_address>
         <run_address>0x700534b0</run_address>
         <size>0x6c</size>
         <input_file_ref idref="fl-69"/>
      </object_component>
      <object_component id="oc-319">
         <name>.text.finddevice</name>
         <load_address>0x7005351c</load_address>
         <run_address>0x7005351c</run_address>
         <size>0x6c</size>
         <input_file_ref idref="fl-99"/>
      </object_component>
      <object_component id="oc-213">
         <name>.text.UART_divisorValCompute</name>
         <load_address>0x70053590</load_address>
         <run_address>0x70053590</run_address>
         <size>0x68</size>
         <input_file_ref idref="fl-38"/>
      </object_component>
      <object_component id="oc-141">
         <name>.text.SOC_rcmGetR5Clock</name>
         <load_address>0x70053600</load_address>
         <run_address>0x70053600</run_address>
         <size>0x64</size>
         <input_file_ref idref="fl-37"/>
      </object_component>
      <object_component id="oc-20f">
         <name>.text.SOC_rcmInsert16</name>
         <load_address>0x70053670</load_address>
         <run_address>0x70053670</run_address>
         <size>0x62</size>
         <input_file_ref idref="fl-37"/>
      </object_component>
      <object_component id="oc-2bb">
         <name>.text.HOSTclose</name>
         <load_address>0x700536d4</load_address>
         <run_address>0x700536d4</run_address>
         <size>0x60</size>
         <input_file_ref idref="fl-64"/>
      </object_component>
      <object_component id="oc-223">
         <name>.text.UART_getChar</name>
         <load_address>0x70053740</load_address>
         <run_address>0x70053740</run_address>
         <size>0x60</size>
         <input_file_ref idref="fl-38"/>
      </object_component>
      <object_component id="oc-224">
         <name>.text.UART_writeData</name>
         <load_address>0x700537a0</load_address>
         <run_address>0x700537a0</run_address>
         <size>0x5e</size>
         <input_file_ref idref="fl-38"/>
      </object_component>
      <object_component id="oc-154">
         <name>.text.Module_clockSetFrequency</name>
         <load_address>0x70053800</load_address>
         <run_address>0x70053800</run_address>
         <size>0x5c</size>
         <input_file_ref idref="fl-7"/>
      </object_component>
      <object_component id="oc-1f1">
         <name>.text.SemaphoreP_post</name>
         <load_address>0x70053860</load_address>
         <run_address>0x70053860</run_address>
         <size>0x5a</size>
         <input_file_ref idref="fl-33"/>
      </object_component>
      <object_component id="oc-215">
         <name>.text.UART_regConfigModeEnable</name>
         <load_address>0x700538c0</load_address>
         <run_address>0x700538c0</run_address>
         <size>0x5a</size>
         <input_file_ref idref="fl-38"/>
      </object_component>
      <object_component id="oc-20d">
         <name>.text.SOC_rcmGetModuleClkDivVal</name>
         <load_address>0x70053920</load_address>
         <run_address>0x70053920</run_address>
         <size>0x58</size>
         <input_file_ref idref="fl-37"/>
      </object_component>
      <object_component id="oc-299">
         <name>.text.__TI_cleanup</name>
         <load_address>0x70053978</load_address>
         <run_address>0x70053978</run_address>
         <size>0x58</size>
         <input_file_ref idref="fl-4f"/>
      </object_component>
      <object_component id="oc-2ec">
         <name>.text.__TI_readmsg</name>
         <load_address>0x700539d0</load_address>
         <run_address>0x700539d0</run_address>
         <size>0x58</size>
         <input_file_ref idref="fl-6b"/>
      </object_component>
      <object_component id="oc-2e6">
         <name>.text.__TI_writemsg</name>
         <load_address>0x70053a28</load_address>
         <run_address>0x70053a28</run_address>
         <size>0x58</size>
         <input_file_ref idref="fl-6b"/>
      </object_component>
      <object_component id="oc-1e6">
         <name>.text.SemaphoreP_construct</name>
         <load_address>0x70053a80</load_address>
         <run_address>0x70053a80</run_address>
         <size>0x56</size>
         <input_file_ref idref="fl-33"/>
      </object_component>
      <object_component id="oc-27b">
         <name>.text.UART_writeInterruptDma</name>
         <load_address>0x70053ae0</load_address>
         <run_address>0x70053ae0</run_address>
         <size>0x54</size>
         <input_file_ref idref="fl-39"/>
      </object_component>
      <object_component id="oc-a7">
         <name>.text.exit</name>
         <load_address>0x70053b34</load_address>
         <run_address>0x70053b34</run_address>
         <size>0x54</size>
         <input_file_ref idref="fl-48"/>
      </object_component>
      <object_component id="oc-17e">
         <name>.text.Drivers_uartClose</name>
         <load_address>0x70053b90</load_address>
         <run_address>0x70053b90</run_address>
         <size>0x50</size>
         <input_file_ref idref="fl-5"/>
      </object_component>
      <object_component id="oc-158">
         <name>.text.Pinmux_config</name>
         <load_address>0x70053be0</load_address>
         <run_address>0x70053be0</run_address>
         <size>0x50</size>
         <input_file_ref idref="fl-35"/>
      </object_component>
      <object_component id="oc-82">
         <name>.text:__TI_auto_init_nobinit_nopinit</name>
         <load_address>0x70053c30</load_address>
         <run_address>0x70053c30</run_address>
         <size>0x50</size>
         <input_file_ref idref="fl-4c"/>
      </object_component>
      <object_component id="oc-fc">
         <name>.text.GPIO_setDirMode</name>
         <load_address>0x70053c80</load_address>
         <run_address>0x70053c80</run_address>
         <size>0x4e</size>
         <input_file_ref idref="fl-34"/>
      </object_component>
      <object_component id="oc-25f">
         <name>.text.UART_getHandle</name>
         <load_address>0x70053cd0</load_address>
         <run_address>0x70053cd0</run_address>
         <size>0x4e</size>
         <input_file_ref idref="fl-38"/>
      </object_component>
      <object_component id="oc-187">
         <name>.text.Module_clockDisable</name>
         <load_address>0x70053d20</load_address>
         <run_address>0x70053d20</run_address>
         <size>0x4c</size>
         <input_file_ref idref="fl-7"/>
      </object_component>
      <object_component id="oc-153">
         <name>.text.Module_clockEnable</name>
         <load_address>0x70053d70</load_address>
         <run_address>0x70053d70</run_address>
         <size>0x4c</size>
         <input_file_ref idref="fl-7"/>
      </object_component>
      <object_component id="oc-253">
         <name>.text.UART_fifoRegisterWrite</name>
         <load_address>0x70053dc0</load_address>
         <run_address>0x70053dc0</run_address>
         <size>0x4c</size>
         <input_file_ref idref="fl-38"/>
      </object_component>
      <object_component id="oc-21f">
         <name>.text.UART_getIntrIdentityStatus</name>
         <load_address>0x70053e10</load_address>
         <run_address>0x70053e10</run_address>
         <size>0x4a</size>
         <input_file_ref idref="fl-38"/>
      </object_component>
      <object_component id="oc-216">
         <name>.text.UART_lineCharConfig</name>
         <load_address>0x70053e60</load_address>
         <run_address>0x70053e60</run_address>
         <size>0x4a</size>
         <input_file_ref idref="fl-38"/>
      </object_component>
      <object_component id="oc-1a3">
         <name>.text.SOC_rcmGetCR5SysclkInFrequency</name>
         <load_address>0x70053eb0</load_address>
         <run_address>0x70053eb0</run_address>
         <size>0x48</size>
         <input_file_ref idref="fl-37"/>
      </object_component>
      <object_component id="oc-307">
         <name>.text.unlink</name>
         <load_address>0x70053ef8</load_address>
         <run_address>0x70053ef8</run_address>
         <size>0x48</size>
         <input_file_ref idref="fl-63"/>
      </object_component>
      <object_component id="oc-257">
         <name>.text.UART_readLineStatus</name>
         <load_address>0x70053f40</load_address>
         <run_address>0x70053f40</run_address>
         <size>0x46</size>
         <input_file_ref idref="fl-38"/>
      </object_component>
      <object_component id="oc-c9">
         <name>.text.Dpl_init</name>
         <load_address>0x70053f90</load_address>
         <run_address>0x70053f90</run_address>
         <size>0x44</size>
         <input_file_ref idref="fl-3"/>
      </object_component>
      <object_component id="oc-176">
         <name>.text.GPIO_clearBankIntrStatus</name>
         <load_address>0x70053fe0</load_address>
         <run_address>0x70053fe0</run_address>
         <size>0x44</size>
         <input_file_ref idref="fl-2"/>
      </object_component>
      <object_component id="oc-175">
         <name>.text.GPIO_getBankIntrStatus</name>
         <load_address>0x70054030</load_address>
         <run_address>0x70054030</run_address>
         <size>0x44</size>
         <input_file_ref idref="fl-2"/>
      </object_component>
      <object_component id="oc-23d">
         <name>.text.SOC_rcmExtract8</name>
         <load_address>0x70054080</load_address>
         <run_address>0x70054080</run_address>
         <size>0x44</size>
         <input_file_ref idref="fl-37"/>
      </object_component>
      <object_component id="oc-24d">
         <name>.text.SOC_rcmMake16</name>
         <load_address>0x700540d0</load_address>
         <run_address>0x700540d0</run_address>
         <size>0x44</size>
         <input_file_ref idref="fl-37"/>
      </object_component>
      <object_component id="oc-f1">
         <name>.text._DebugP_logZone</name>
         <load_address>0x70054120</load_address>
         <run_address>0x70054120</run_address>
         <size>0x44</size>
         <input_file_ref idref="fl-21"/>
      </object_component>
      <object_component id="oc-1fa">
         <name>.text._strnlen_s</name>
         <load_address>0x70054170</load_address>
         <run_address>0x70054170</run_address>
         <size>0x44</size>
         <input_file_ref idref="fl-29"/>
      </object_component>
      <object_component id="oc-1fe">
         <name>.text.ClockP_start</name>
         <load_address>0x700541c0</load_address>
         <run_address>0x700541c0</run_address>
         <size>0x42</size>
         <input_file_ref idref="fl-22"/>
      </object_component>
      <object_component id="oc-1e9">
         <name>.text.UART_checkOpenParams</name>
         <load_address>0x70054210</load_address>
         <run_address>0x70054210</run_address>
         <size>0x42</size>
         <input_file_ref idref="fl-38"/>
      </object_component>
      <object_component id="oc-2ac">
         <name>.text.free_list_insert</name>
         <load_address>0x70054254</load_address>
         <run_address>0x70054254</run_address>
         <size>0x40</size>
         <input_file_ref idref="fl-4b"/>
      </object_component>
      <object_component id="oc-22b">
         <name>.text.DebugP_uartLogWriterPutChar</name>
         <load_address>0x700542a0</load_address>
         <run_address>0x700542a0</run_address>
         <size>0x3e</size>
         <input_file_ref idref="fl-1f"/>
      </object_component>
      <object_component id="oc-1b1">
         <name>.text.Pinmux_unlockMMR</name>
         <load_address>0x700542e0</load_address>
         <run_address>0x700542e0</run_address>
         <size>0x3e</size>
         <input_file_ref idref="fl-35"/>
      </object_component>
      <object_component id="oc-233">
         <name>.text.UART_spaceAvail</name>
         <load_address>0x70054320</load_address>
         <run_address>0x70054320</run_address>
         <size>0x3e</size>
         <input_file_ref idref="fl-38"/>
      </object_component>
      <object_component id="oc-24e">
         <name>.text.UART_enhanFuncEnable</name>
         <load_address>0x70054360</load_address>
         <run_address>0x70054360</run_address>
         <size>0x3c</size>
         <input_file_ref idref="fl-38"/>
      </object_component>
      <object_component id="oc-211">
         <name>.text.UART_resetModule</name>
         <load_address>0x700543a0</load_address>
         <run_address>0x700543a0</run_address>
         <size>0x3c</size>
         <input_file_ref idref="fl-38"/>
      </object_component>
      <object_component id="oc-291">
         <name>.text.UART_writeDataPolling</name>
         <load_address>0x700543e0</load_address>
         <run_address>0x700543e0</run_address>
         <size>0x3c</size>
         <input_file_ref idref="fl-38"/>
      </object_component>
      <object_component id="oc-1b0">
         <name>.text.SOC_moduleSetClockFrequency</name>
         <load_address>0x70054420</load_address>
         <run_address>0x70054420</run_address>
         <size>0x3a</size>
         <input_file_ref idref="fl-36"/>
      </object_component>
      <object_component id="oc-1f5">
         <name>.text._atoi</name>
         <load_address>0x70054460</load_address>
         <run_address>0x70054460</run_address>
         <size>0x3a</size>
         <input_file_ref idref="fl-29"/>
      </object_component>
      <object_component id="oc-10e">
         <name>.text.GPIO_clearIntrStatus</name>
         <load_address>0x700544a0</load_address>
         <run_address>0x700544a0</run_address>
         <size>0x36</size>
         <input_file_ref idref="fl-2"/>
      </object_component>
      <object_component id="oc-279">
         <name>.text.UART_checkTransaction</name>
         <load_address>0x700544e0</load_address>
         <run_address>0x700544e0</run_address>
         <size>0x36</size>
         <input_file_ref idref="fl-38"/>
      </object_component>
      <object_component id="oc-1b3">
         <name>.text.Pinmux_lockMMR</name>
         <load_address>0x70054520</load_address>
         <run_address>0x70054520</run_address>
         <size>0x34</size>
         <input_file_ref idref="fl-35"/>
      </object_component>
      <object_component id="oc-197">
         <name>.text.TimerP_Params_init</name>
         <load_address>0x70054560</load_address>
         <run_address>0x70054560</run_address>
         <size>0x34</size>
         <input_file_ref idref="fl-24"/>
      </object_component>
      <object_component id="oc-2ab">
         <name>.text.free_list_remove</name>
         <load_address>0x70054594</load_address>
         <run_address>0x70054594</run_address>
         <size>0x34</size>
         <input_file_ref idref="fl-4b"/>
      </object_component>
      <object_component id="oc-2a7">
         <name>.text.lseek</name>
         <load_address>0x700545c8</load_address>
         <run_address>0x700545c8</run_address>
         <size>0x34</size>
         <input_file_ref idref="fl-61"/>
      </object_component>
      <object_component id="oc-26c">
         <name>.text.write</name>
         <load_address>0x700545fc</load_address>
         <run_address>0x700545fc</run_address>
         <size>0x34</size>
         <input_file_ref idref="fl-5d"/>
      </object_component>
      <object_component id="oc-108">
         <name>.text.ClockP_sleep</name>
         <load_address>0x70054630</load_address>
         <run_address>0x70054630</run_address>
         <size>0x32</size>
         <input_file_ref idref="fl-22"/>
      </object_component>
      <object_component id="oc-23b">
         <name>.text.HW_WR_FIELD32_RAW</name>
         <load_address>0x70054670</load_address>
         <run_address>0x70054670</run_address>
         <size>0x32</size>
         <input_file_ref idref="fl-38"/>
      </object_component>
      <object_component id="oc-1fb">
         <name>.text.TimerP_getCount</name>
         <load_address>0x700546b0</load_address>
         <run_address>0x700546b0</run_address>
         <size>0x32</size>
         <input_file_ref idref="fl-24"/>
      </object_component>
      <object_component id="oc-255">
         <name>.text.UART_enhanFuncBitValRestore</name>
         <load_address>0x700546f0</load_address>
         <run_address>0x700546f0</run_address>
         <size>0x32</size>
         <input_file_ref idref="fl-38"/>
      </object_component>
      <object_component id="oc-219">
         <name>.text.UART_hardwareFlowCtrlOptSet</name>
         <load_address>0x70054730</load_address>
         <run_address>0x70054730</run_address>
         <size>0x32</size>
         <input_file_ref idref="fl-38"/>
      </object_component>
      <object_component id="oc-21a">
         <name>.text.UART_flowCtrlTrigLvlConfig</name>
         <load_address>0x70054770</load_address>
         <run_address>0x70054770</run_address>
         <size>0x30</size>
         <input_file_ref idref="fl-38"/>
      </object_component>
      <object_component id="oc-14d">
         <name>.text.pmu</name>
         <load_address>0x700547a0</load_address>
         <run_address>0x700547a0</run_address>
         <size>0x30</size>
         <input_file_ref idref="fl-31"/>
      </object_component>
      <object_component id="oc-114">
         <name>.text.UART_deinit</name>
         <load_address>0x700547d0</load_address>
         <run_address>0x700547d0</run_address>
         <size>0x2e</size>
         <input_file_ref idref="fl-38"/>
      </object_component>
      <object_component id="oc-1f4">
         <name>.text._is_digit</name>
         <load_address>0x70054800</load_address>
         <run_address>0x70054800</run_address>
         <size>0x2e</size>
         <input_file_ref idref="fl-29"/>
      </object_component>
      <object_component id="oc-134">
         <name>.text.DebugP_logZoneEnable</name>
         <load_address>0x70054830</load_address>
         <run_address>0x70054830</run_address>
         <size>0x2c</size>
         <input_file_ref idref="fl-20"/>
      </object_component>
      <object_component id="oc-1c5">
         <name>.text.SemaphoreP_constructBinary</name>
         <load_address>0x70054860</load_address>
         <run_address>0x70054860</run_address>
         <size>0x2c</size>
         <input_file_ref idref="fl-33"/>
      </object_component>
      <object_component id="oc-251">
         <name>.text.UART_moduleReset</name>
         <load_address>0x70054890</load_address>
         <run_address>0x70054890</run_address>
         <size>0x2c</size>
         <input_file_ref idref="fl-38"/>
      </object_component>
      <object_component id="oc-17a">
         <name>.text.ClockP_sleepTicks</name>
         <load_address>0x700548c0</load_address>
         <run_address>0x700548c0</run_address>
         <size>0x2a</size>
         <input_file_ref idref="fl-22"/>
      </object_component>
      <object_component id="oc-1ba">
         <name>.text.SOC_xbarSelectGpioIntrXbarInputSource</name>
         <load_address>0x700548f0</load_address>
         <run_address>0x700548f0</run_address>
         <size>0x2a</size>
         <input_file_ref idref="fl-5"/>
      </object_component>
      <object_component id="oc-260">
         <name>.text.UART_Transaction_init</name>
         <load_address>0x70054920</load_address>
         <run_address>0x70054920</run_address>
         <size>0x2a</size>
         <input_file_ref idref="fl-1f"/>
      </object_component>
      <object_component id="oc-203">
         <name>.text.UART_intr2Disable</name>
         <load_address>0x70054950</load_address>
         <run_address>0x70054950</run_address>
         <size>0x2a</size>
         <input_file_ref idref="fl-38"/>
      </object_component>
      <object_component id="oc-204">
         <name>.text.UART_operatingModeSelect</name>
         <load_address>0x70054980</load_address>
         <run_address>0x70054980</run_address>
         <size>0x2a</size>
         <input_file_ref idref="fl-38"/>
      </object_component>
      <object_component id="oc-169">
         <name>.text.vprintf_</name>
         <load_address>0x700549b0</load_address>
         <run_address>0x700549b0</run_address>
         <size>0x28</size>
         <input_file_ref idref="fl-29"/>
      </object_component>
      <object_component id="oc-5e">
         <name>.text.main</name>
         <load_address>0x700549e0</load_address>
         <run_address>0x700549e0</run_address>
         <size>0x26</size>
         <input_file_ref idref="fl-e"/>
      </object_component>
      <object_component id="oc-1b9">
         <name>.text.SemaphoreP_constructMutex</name>
         <load_address>0x70054a10</load_address>
         <run_address>0x70054a10</run_address>
         <size>0x24</size>
         <input_file_ref idref="fl-33"/>
      </object_component>
      <object_component id="oc-1bf">
         <name>.text._out_char</name>
         <load_address>0x70054a40</load_address>
         <run_address>0x70054a40</run_address>
         <size>0x24</size>
         <input_file_ref idref="fl-29"/>
      </object_component>
      <object_component id="oc-59">
         <name>.text._system_pre_init</name>
         <load_address>0x70054a70</load_address>
         <run_address>0x70054a70</run_address>
         <size>0x24</size>
         <input_file_ref idref="fl-32"/>
      </object_component>
      <object_component id="oc-149">
         <name>.text</name>
         <load_address>0x70054a94</load_address>
         <run_address>0x70054a94</run_address>
         <size>0x24</size>
         <input_file_ref idref="fl-9e"/>
      </object_component>
      <object_component id="oc-27a">
         <name>.text.UART_writeInterrupt</name>
         <load_address>0x70054ac0</load_address>
         <run_address>0x70054ac0</run_address>
         <size>0x22</size>
         <input_file_ref idref="fl-38"/>
      </object_component>
      <object_component id="oc-23a">
         <name>.text.HW_RD_FIELD32_RAW</name>
         <load_address>0x70054af0</load_address>
         <run_address>0x70054af0</run_address>
         <size>0x20</size>
         <input_file_ref idref="fl-38"/>
      </object_component>
      <object_component id="oc-1fc">
         <name>.text.ClockP_Params_init</name>
         <load_address>0x70054b10</load_address>
         <run_address>0x70054b10</run_address>
         <size>0x1e</size>
         <input_file_ref idref="fl-22"/>
      </object_component>
      <object_component id="oc-10d">
         <name>.text.GPIO_bankIntrDisable</name>
         <load_address>0x70054b30</load_address>
         <run_address>0x70054b30</run_address>
         <size>0x1e</size>
         <input_file_ref idref="fl-34"/>
      </object_component>
      <object_component id="oc-102">
         <name>.text.GPIO_bankIntrEnable</name>
         <load_address>0x70054b50</load_address>
         <run_address>0x70054b50</run_address>
         <size>0x1e</size>
         <input_file_ref idref="fl-34"/>
      </object_component>
      <object_component id="oc-ca">
         <name>.text.SOC_getSelfCpuClk</name>
         <load_address>0x70054b70</load_address>
         <run_address>0x70054b70</run_address>
         <size>0x1e</size>
         <input_file_ref idref="fl-36"/>
      </object_component>
      <object_component id="oc-1ae">
         <name>.text.SOC_moduleClockEnable</name>
         <load_address>0x70054b90</load_address>
         <run_address>0x70054b90</run_address>
         <size>0x1e</size>
         <input_file_ref idref="fl-36"/>
      </object_component>
      <object_component id="oc-218">
         <name>.text.UART_breakCtl</name>
         <load_address>0x70054bb0</load_address>
         <run_address>0x70054bb0</run_address>
         <size>0x1e</size>
         <input_file_ref idref="fl-38"/>
      </object_component>
      <object_component id="oc-8f">
         <name>.text.System_init</name>
         <load_address>0x70054bd0</load_address>
         <run_address>0x70054bd0</run_address>
         <size>0x1c</size>
         <input_file_ref idref="fl-4"/>
      </object_component>
      <object_component id="oc-1f2">
         <name>.text.putchar_</name>
         <load_address>0x70054bf0</load_address>
         <run_address>0x70054bf0</run_address>
         <size>0x1c</size>
         <input_file_ref idref="fl-3"/>
      </object_component>
      <object_component id="oc-301">
         <name>.text.strlen</name>
         <load_address>0x70054c0c</load_address>
         <run_address>0x70054c0c</run_address>
         <size>0x1c</size>
         <input_file_ref idref="fl-68"/>
      </object_component>
      <object_component id="oc-1ca">
         <name>.text:TI_memcpy_small</name>
         <load_address>0x70054c28</load_address>
         <run_address>0x70054c28</run_address>
         <size>0x1c</size>
         <input_file_ref idref="fl-a0"/>
      </object_component>
      <object_component id="oc-7c">
         <name>.text</name>
         <load_address>0x70054c44</load_address>
         <run_address>0x70054c44</run_address>
         <size>0x1c</size>
         <input_file_ref idref="fl-9d"/>
      </object_component>
      <object_component id="oc-258">
         <name>.text.UART_fifoCharGet</name>
         <load_address>0x70054c60</load_address>
         <run_address>0x70054c60</run_address>
         <size>0x1a</size>
         <input_file_ref idref="fl-38"/>
      </object_component>
      <object_component id="oc-1e5">
         <name>.text.SemaphoreP_Params_init</name>
         <load_address>0x70054c80</load_address>
         <run_address>0x70054c80</run_address>
         <size>0x18</size>
         <input_file_ref idref="fl-33"/>
      </object_component>
      <object_component id="oc-19d">
         <name>.text.TimerP_getReloadCount</name>
         <load_address>0x70054ca0</load_address>
         <run_address>0x70054ca0</run_address>
         <size>0x18</size>
         <input_file_ref idref="fl-24"/>
      </object_component>
      <object_component id="oc-217">
         <name>.text.UART_divisorLatchDisable</name>
         <load_address>0x70054cc0</load_address>
         <run_address>0x70054cc0</run_address>
         <size>0x18</size>
         <input_file_ref idref="fl-38"/>
      </object_component>
      <object_component id="oc-250">
         <name>.text.UART_modemControlReset</name>
         <load_address>0x70054ce0</load_address>
         <run_address>0x70054ce0</run_address>
         <size>0x18</size>
         <input_file_ref idref="fl-38"/>
      </object_component>
      <object_component id="oc-259">
         <name>.text.UART_putChar</name>
         <load_address>0x70054d00</load_address>
         <run_address>0x70054d00</run_address>
         <size>0x18</size>
         <input_file_ref idref="fl-38"/>
      </object_component>
      <object_component id="oc-127">
         <name>.text:TI_memset_small</name>
         <load_address>0x70054d18</load_address>
         <run_address>0x70054d18</run_address>
         <size>0x18</size>
         <input_file_ref idref="fl-a1"/>
      </object_component>
      <object_component id="oc-1ff">
         <name>.text.ClockP_isActive</name>
         <load_address>0x70054d30</load_address>
         <run_address>0x70054d30</run_address>
         <size>0x16</size>
         <input_file_ref idref="fl-22"/>
      </object_component>
      <object_component id="oc-19f">
         <name>.text.TimerP_start</name>
         <load_address>0x70054d50</load_address>
         <run_address>0x70054d50</run_address>
         <size>0x16</size>
         <input_file_ref idref="fl-24"/>
      </object_component>
      <object_component id="oc-1d3">
         <name>.text.TimerP_stop</name>
         <load_address>0x70054d70</load_address>
         <run_address>0x70054d70</run_address>
         <size>0x16</size>
         <input_file_ref idref="fl-24"/>
      </object_component>
      <object_component id="oc-256">
         <name>.text.UART_divideRoundCloset</name>
         <load_address>0x70054d90</load_address>
         <run_address>0x70054d90</run_address>
         <size>0x16</size>
         <input_file_ref idref="fl-38"/>
      </object_component>
      <object_component id="oc-24f">
         <name>.text.UART_regConfModeRestore</name>
         <load_address>0x70054db0</load_address>
         <run_address>0x70054db0</run_address>
         <size>0x16</size>
         <input_file_ref idref="fl-38"/>
      </object_component>
      <object_component id="oc-135">
         <name>.text.DebugP_uartSetDrvIndex</name>
         <load_address>0x70054dd0</load_address>
         <run_address>0x70054dd0</run_address>
         <size>0x14</size>
         <input_file_ref idref="fl-1f"/>
      </object_component>
      <object_component id="oc-160">
         <name>.text.Drivers_gpioIntXbarOpen</name>
         <load_address>0x70054df0</load_address>
         <run_address>0x70054df0</run_address>
         <size>0x14</size>
         <input_file_ref idref="fl-5"/>
      </object_component>
      <object_component id="oc-1a4">
         <name>.text.SOC_rcmGetModuleClkDivFromRegVal</name>
         <load_address>0x70054e10</load_address>
         <run_address>0x70054e10</run_address>
         <size>0x14</size>
         <input_file_ref idref="fl-37"/>
      </object_component>
      <object_component id="oc-1d4">
         <name>.text.TimerP_clearOverflowInt</name>
         <load_address>0x70054e30</load_address>
         <run_address>0x70054e30</run_address>
         <size>0x14</size>
         <input_file_ref idref="fl-24"/>
      </object_component>
      <object_component id="oc-300">
         <name>.text.strcpy</name>
         <load_address>0x70054e44</load_address>
         <run_address>0x70054e44</run_address>
         <size>0x14</size>
         <input_file_ref idref="fl-68"/>
      </object_component>
      <object_component id="oc-d8">
         <name>.text.Pinmux_init</name>
         <load_address>0x70054e60</load_address>
         <run_address>0x70054e60</run_address>
         <size>0x12</size>
         <input_file_ref idref="fl-6"/>
      </object_component>
      <object_component id="oc-f7">
         <name>.text.AddrTranslateP_getLocalAddr</name>
         <load_address>0x70054e80</load_address>
         <run_address>0x70054e80</run_address>
         <size>0x10</size>
         <input_file_ref idref="fl-1e"/>
      </object_component>
      <object_component id="oc-17d">
         <name>.text.CSL_REG32_WR_RAW</name>
         <load_address>0x70054e90</load_address>
         <run_address>0x70054e90</run_address>
         <size>0x10</size>
         <input_file_ref idref="fl-2"/>
      </object_component>
      <object_component id="oc-174">
         <name>.text.CSL_REG32_WR_RAW</name>
         <load_address>0x70054ea0</load_address>
         <run_address>0x70054ea0</run_address>
         <size>0x10</size>
         <input_file_ref idref="fl-34"/>
      </object_component>
      <object_component id="oc-1b2">
         <name>.text.CSL_REG32_WR_RAW</name>
         <load_address>0x70054eb0</load_address>
         <run_address>0x70054eb0</run_address>
         <size>0x10</size>
         <input_file_ref idref="fl-35"/>
      </object_component>
      <object_component id="oc-194">
         <name>.text.CSL_REG32_WR_RAW</name>
         <load_address>0x70054ec0</load_address>
         <run_address>0x70054ec0</run_address>
         <size>0x10</size>
         <input_file_ref idref="fl-36"/>
      </object_component>
      <object_component id="oc-1c4">
         <name>.text.ClockP_getTimerCount</name>
         <load_address>0x70054ed0</load_address>
         <run_address>0x70054ed0</run_address>
         <size>0x10</size>
         <input_file_ref idref="fl-23"/>
      </object_component>
      <object_component id="oc-1d6">
         <name>.text.ClockP_timerClearOverflowInt</name>
         <load_address>0x70054ee0</load_address>
         <run_address>0x70054ee0</run_address>
         <size>0x10</size>
         <input_file_ref idref="fl-23"/>
      </object_component>
      <object_component id="oc-238">
         <name>.text.HW_RD_REG32_RAW</name>
         <load_address>0x70054ef0</load_address>
         <run_address>0x70054ef0</run_address>
         <size>0x10</size>
         <input_file_ref idref="fl-38"/>
      </object_component>
      <object_component id="oc-239">
         <name>.text.HW_WR_REG32_RAW</name>
         <load_address>0x70054f00</load_address>
         <run_address>0x70054f00</run_address>
         <size>0x10</size>
         <input_file_ref idref="fl-38"/>
      </object_component>
      <object_component id="oc-1e7">
         <name>.text.HW_WR_REG32_RAW</name>
         <load_address>0x70054f10</load_address>
         <run_address>0x70054f10</run_address>
[...]
      <symbol id="sm-2a2">
         <name>CacheP_invL1dAll</name>
         <value>0x700566c4</value>
         <object_component_ref idref="oc-b6"/>
      </symbol>
      <symbol id="sm-2a3">
         <name>CacheP_invL1pAll</name>
         <value>0x700566cc</value>
         <object_component_ref idref="oc-b6"/>
      </symbol>
      <symbol id="sm-2a4">
         <name>CacheP_wb</name>
         <value>0x700566d4</value>
         <object_component_ref idref="oc-b6"/>
      </symbol>
      <symbol id="sm-2a5">
         <name>CacheP_wbInv</name>
         <value>0x70056710</value>
         <object_component_ref idref="oc-b6"/>
      </symbol>
      <symbol id="sm-2a6">
         <name>CacheP_wbAll</name>
         <value>0x7005674c</value>
         <object_component_ref idref="oc-b6"/>
      </symbol>
      <symbol id="sm-2a7">
         <name>CacheP_wbInvAll</name>
         <value>0x700567f4</value>
         <object_component_ref idref="oc-b6"/>
      </symbol>
      <symbol id="sm-2a8">
         <name>CacheP_getEnabled</name>
         <value>0x700568ac</value>
         <object_component_ref idref="oc-b6"/>
      </symbol>
      <symbol id="sm-2a9">
         <name>CacheP_getCacheLevelInfo</name>
         <value>0x700568e4</value>
         <object_component_ref idref="oc-b6"/>
      </symbol>
      <symbol id="sm-2aa">
         <name>CacheP_configForceWrThru</name>
         <value>0x700568f0</value>
         <object_component_ref idref="oc-b6"/>
      </symbol>
      <symbol id="sm-2ab">
         <name>CacheP_setDLFO</name>
         <value>0x70056910</value>
         <object_component_ref idref="oc-b6"/>
      </symbol>
      <symbol id="sm-2b1">
         <name>CycleCounterP_getCount32</name>
         <value>0x700547a0</value>
         <object_component_ref idref="oc-14d"/>
      </symbol>
      <symbol id="sm-2b2">
         <name>PmuP_setup</name>
         <value>0x700547a8</value>
         <object_component_ref idref="oc-14d"/>
      </symbol>
      <symbol id="sm-2b3">
         <name>PmuP_enableCounters</name>
         <value>0x700547b0</value>
         <object_component_ref idref="oc-14d"/>
      </symbol>
      <symbol id="sm-2b4">
         <name>PmuP_disableCounters</name>
         <value>0x700547b8</value>
         <object_component_ref idref="oc-14d"/>
      </symbol>
      <symbol id="sm-2b5">
         <name>PmuP_getOverflowStatus</name>
         <value>0x700547c0</value>
         <object_component_ref idref="oc-14d"/>
      </symbol>
      <symbol id="sm-2b6">
         <name>PmuP_clearOverflowStatus</name>
         <value>0x700547c8</value>
         <object_component_ref idref="oc-14d"/>
      </symbol>
      <symbol id="sm-2be">
         <name>_system_pre_init</name>
         <value>0x70054a71</value>
         <object_component_ref idref="oc-59"/>
      </symbol>
      <symbol id="sm-2d6">
         <name>SemaphoreP_Params_init</name>
         <value>0x70054c81</value>
         <object_component_ref idref="oc-1e5"/>
      </symbol>
      <symbol id="sm-2d7">
         <name>SemaphoreP_construct</name>
         <value>0x70053a81</value>
         <object_component_ref idref="oc-1e6"/>
      </symbol>
      <symbol id="sm-2d8">
         <name>SemaphoreP_constructBinary</name>
         <value>0x70054861</value>
         <object_component_ref idref="oc-1c5"/>
      </symbol>
      <symbol id="sm-2d9">
         <name>SemaphoreP_constructMutex</name>
         <value>0x70054a11</value>
         <object_component_ref idref="oc-1b9"/>
      </symbol>
      <symbol id="sm-2da">
         <name>SemaphoreP_destruct</name>
         <value>0x70054ff1</value>
         <object_component_ref idref="oc-180"/>
      </symbol>
      <symbol id="sm-2db">
         <name>SemaphoreP_pend</name>
         <value>0x70051671</value>
         <object_component_ref idref="oc-1c6"/>
      </symbol>
      <symbol id="sm-2dc">
         <name>SemaphoreP_post</name>
         <value>0x70053861</value>
         <object_component_ref idref="oc-1f1"/>
      </symbol>
      <symbol id="sm-2f0">
         <name>GPIO_setDirMode</name>
         <value>0x70053c81</value>
         <object_component_ref idref="oc-fc"/>
      </symbol>
      <symbol id="sm-2f1">
         <name>GPIO_setTrigType</name>
         <value>0x70051a31</value>
         <object_component_ref idref="oc-101"/>
      </symbol>
      <symbol id="sm-2f2">
         <name>GPIO_bankIntrEnable</name>
         <value>0x70054b51</value>
         <object_component_ref idref="oc-102"/>
      </symbol>
      <symbol id="sm-2f3">
         <name>GPIO_bankIntrDisable</name>
         <value>0x70054b31</value>
         <object_component_ref idref="oc-10d"/>
      </symbol>
      <symbol id="sm-305">
         <name>Pinmux_config</name>
         <value>0x70053be1</value>
         <object_component_ref idref="oc-158"/>
      </symbol>
      <symbol id="sm-319">
         <name>SOC_moduleClockEnable</name>
         <value>0x70054b91</value>
         <object_component_ref idref="oc-1ae"/>
      </symbol>
      <symbol id="sm-31a">
         <name>SOC_moduleSetClockFrequency</name>
         <value>0x70054421</value>
         <object_component_ref idref="oc-1b0"/>
      </symbol>
      <symbol id="sm-31b">
         <name>SOC_controlModuleUnlockMMR</name>
         <value>0x70050a71</value>
         <object_component_ref idref="oc-13a"/>
      </symbol>
      <symbol id="sm-31c">
         <name>SOC_controlModuleLockMMR</name>
         <value>0x700510e1</value>
         <object_component_ref idref="oc-13b"/>
      </symbol>
      <symbol id="sm-31d">
         <name>SOC_getSelfCpuClk</name>
         <value>0x70054b71</value>
         <object_component_ref idref="oc-ca"/>
      </symbol>
      <symbol id="sm-398">
         <name>SOC_rcmGetPeripheralClockFrequency</name>
         <value>0x70050fb1</value>
         <object_component_ref idref="oc-20c"/>
      </symbol>
      <symbol id="sm-399">
         <name>gPeripheralClkSrcInfoMap</name>
         <value>0x70055b09</value>
         <object_component_ref idref="oc-23f"/>
      </symbol>
      <symbol id="sm-39a">
         <name>gXTALInfo</name>
         <value>0x70055b48</value>
         <object_component_ref idref="oc-1d8"/>
      </symbol>
      <symbol id="sm-39b">
         <name>gADPLLJConfigTbl</name>
         <value>0x70055aac</value>
         <object_component_ref idref="oc-264"/>
      </symbol>
      <symbol id="sm-39c">
         <name>gCR5ClkSrcInfoMap</name>
         <value>0x70055982</value>
         <object_component_ref idref="oc-1d7"/>
      </symbol>
      <symbol id="sm-39d">
         <name>SOC_rcmSetPeripheralClock</name>
         <value>0x70052471</value>
         <object_component_ref idref="oc-1e2"/>
      </symbol>
      <symbol id="sm-39e">
         <name>SOC_rcmEnablePeripheralClock</name>
         <value>0x7004e471</value>
         <object_component_ref idref="oc-1e1"/>
      </symbol>
      <symbol id="sm-39f">
         <name>SOC_rcmGetR5Clock</name>
         <value>0x70053601</value>
         <object_component_ref idref="oc-141"/>
      </symbol>
      <symbol id="sm-454">
         <name>UART_init</name>
         <value>0x70052191</value>
         <object_component_ref idref="oc-15f"/>
      </symbol>
      <symbol id="sm-455">
         <name>UART_deinit</name>
         <value>0x700547d1</value>
         <object_component_ref idref="oc-114"/>
      </symbol>
      <symbol id="sm-456">
         <name>UART_open</name>
         <value>0x7004f361</value>
         <object_component_ref idref="oc-1bd"/>
      </symbol>
      <symbol id="sm-457">
         <name>UART_close</name>
         <value>0x70050411</value>
         <object_component_ref idref="oc-1c7"/>
      </symbol>
      <symbol id="sm-458">
         <name>UART_flushTxFifo</name>
         <value>0x70051cd1</value>
         <object_component_ref idref="oc-201"/>
      </symbol>
      <symbol id="sm-459">
         <name>UART_getHandle</name>
         <value>0x70053cd1</value>
         <object_component_ref idref="oc-25f"/>
      </symbol>
      <symbol id="sm-45a">
         <name>UART_write</name>
         <value>0x7004feb1</value>
         <object_component_ref idref="oc-261"/>
      </symbol>
      <symbol id="sm-46d">
         <name>UART_dmaOpen</name>
         <value>0x70053441</value>
         <object_component_ref idref="oc-1eb"/>
      </symbol>
      <symbol id="sm-46e">
         <name>UART_dmaClose</name>
         <value>0x700531c1</value>
         <object_component_ref idref="oc-205"/>
      </symbol>
      <symbol id="sm-46f">
         <name>UART_dmaDisableChannel</name>
         <value>0x70053131</value>
         <object_component_ref idref="oc-290"/>
      </symbol>
      <symbol id="sm-470">
         <name>UART_writeInterruptDma</name>
         <value>0x70053ae1</value>
         <object_component_ref idref="oc-27b"/>
      </symbol>
      <symbol id="sm-47e">
         <name>fputc</name>
         <value>0x7005193c</value>
         <object_component_ref idref="oc-25a"/>
      </symbol>
      <symbol id="sm-47f">
         <name>putchar</name>
         <value>0x70054f40</value>
         <object_component_ref idref="oc-225"/>
      </symbol>
      <symbol id="sm-489">
         <name>__TI_wrt_ok</name>
         <value>0x70052a74</value>
         <object_component_ref idref="oc-266"/>
      </symbol>
      <symbol id="sm-493">
         <name>setvbuf</name>
         <value>0x70050d20</value>
         <object_component_ref idref="oc-283"/>
      </symbol>
      <symbol id="sm-4a1">
         <name>abort</name>
         <value>0x70056e80</value>
         <object_component_ref idref="oc-a2"/>
      </symbol>
      <symbol id="sm-4a2">
         <name>C$$EXIT</name>
         <value>0x70056e80</value>
         <object_component_ref idref="oc-a2"/>
      </symbol>
      <symbol id="sm-4a3">
         <name>__TI_cleanup_ptr</name>
         <value>0x7005729c</value>
         <object_component_ref idref="oc-11f"/>
      </symbol>
      <symbol id="sm-4a4">
         <name>__TI_dtors_ptr</name>
         <value>0x700572a0</value>
         <object_component_ref idref="oc-11f"/>
      </symbol>
      <symbol id="sm-4a5">
         <name>exit</name>
         <value>0x70053b34</value>
         <object_component_ref idref="oc-a7"/>
      </symbol>
      <symbol id="sm-4ae">
         <name>_nop</name>
         <value>0x7004e9b8</value>
         <object_component_ref idref="oc-188"/>
      </symbol>
      <symbol id="sm-4af">
         <name>_lock</name>
         <value>0x700572c8</value>
         <object_component_ref idref="oc-11d"/>
      </symbol>
      <symbol id="sm-4b0">
         <name>_unlock</name>
         <value>0x700572cc</value>
         <object_component_ref idref="oc-120"/>
      </symbol>
      <symbol id="sm-4b5">
         <name>_ftable</name>
         <value>0x70056e88</value>
         <object_component_ref idref="oc-25b"/>
      </symbol>
      <symbol id="sm-4b6">
         <name>__TI_ft_end</name>
         <value>0x700572bc</value>
         <object_component_ref idref="oc-2b4"/>
      </symbol>
      <symbol id="sm-4b7">
         <name>__TI_tmpnams</name>
         <value>0x700413a8</value>
      </symbol>
      <symbol id="sm-4d7">
         <name>malloc</name>
         <value>0x7004def4</value>
         <object_component_ref idref="oc-298"/>
      </symbol>
      <symbol id="sm-4d8">
         <name>aligned_alloc</name>
         <value>0x700500a0</value>
         <object_component_ref idref="oc-2ad"/>
      </symbol>
      <symbol id="sm-4d9">
         <name>free</name>
         <value>0x70050258</value>
         <object_component_ref idref="oc-296"/>
      </symbol>
      <symbol id="sm-4da">
         <name>_sys_memory</name>
         <value>0x700414b8</value>
         <object_component_ref idref="oc-40"/>
      </symbol>
      <symbol id="sm-4db">
         <name>memalign</name>
         <value>0x700500a0</value>
         <object_component_ref idref="oc-2ad"/>
      </symbol>
      <symbol id="sm-4e6">
         <name>__TI_auto_init_nobinit_nopinit</name>
         <value>0x70053c30</value>
         <object_component_ref idref="oc-82"/>
      </symbol>
      <symbol id="sm-4f1">
         <name>__TI_doflush</name>
         <value>0x70052f18</value>
         <object_component_ref idref="oc-270"/>
      </symbol>
      <symbol id="sm-4fc">
         <name>__TI_cleanup</name>
         <value>0x70053978</value>
         <object_component_ref idref="oc-299"/>
      </symbol>
      <symbol id="sm-509">
         <name>fseek</name>
         <value>0x7004e9bc</value>
         <object_component_ref idref="oc-27e"/>
      </symbol>
      <symbol id="sm-50a">
         <name>fseeko</name>
         <value>0x700523bc</value>
         <object_component_ref idref="oc-292"/>
      </symbol>
      <symbol id="sm-515">
         <name>__TI_closefile</name>
         <value>0x70052308</value>
         <object_component_ref idref="oc-2ae"/>
      </symbol>
      <symbol id="sm-51f">
         <name>write</name>
         <value>0x700545fc</value>
         <object_component_ref idref="oc-26c"/>
      </symbol>
      <symbol id="sm-524">
         <name>_device</name>
         <value>0x70057014</value>
         <object_component_ref idref="oc-2a2"/>
      </symbol>
      <symbol id="sm-525">
         <name>_stream</name>
         <value>0x700570e0</value>
         <object_component_ref idref="oc-289"/>
      </symbol>
      <symbol id="sm-52d">
         <name>remove</name>
         <value>0x7004f358</value>
         <object_component_ref idref="oc-2df"/>
      </symbol>
      <symbol id="sm-538">
         <name>lseek</name>
         <value>0x700545c8</value>
         <object_component_ref idref="oc-2a7"/>
      </symbol>
      <symbol id="sm-542">
         <name>close</name>
         <value>0x70052e04</value>
         <object_component_ref idref="oc-2db"/>
      </symbol>
      <symbol id="sm-54c">
         <name>unlink</name>
         <value>0x70053ef8</value>
         <object_component_ref idref="oc-307"/>
      </symbol>
      <symbol id="sm-556">
         <name>HOSTclose</name>
         <value>0x700536d4</value>
         <object_component_ref idref="oc-2bb"/>
      </symbol>
      <symbol id="sm-560">
         <name>HOSTlseek</name>
         <value>0x70052ba8</value>
         <object_component_ref idref="oc-2c7"/>
      </symbol>
      <symbol id="sm-56a">
         <name>HOSTopen</name>
         <value>0x70052cd8</value>
         <object_component_ref idref="oc-2b7"/>
      </symbol>
      <symbol id="sm-56b">
         <name>parmbuf</name>
         <value>0x700414a0</value>
      </symbol>
      <symbol id="sm-575">
         <name>HOSTread</name>
         <value>0x70053028</value>
         <object_component_ref idref="oc-2bf"/>
      </symbol>
      <symbol id="sm-586">
         <name>HOSTrename</name>
         <value>0x700529d4</value>
         <object_component_ref idref="oc-2cf"/>
      </symbol>
      <symbol id="sm-590">
         <name>HOSTunlink</name>
         <value>0x700534b0</value>
         <object_component_ref idref="oc-2cb"/>
      </symbol>
      <symbol id="sm-59a">
         <name>HOSTwrite</name>
         <value>0x700530ac</value>
         <object_component_ref idref="oc-2c3"/>
      </symbol>
      <symbol id="sm-5a8">
         <name>C$$IO$$</name>
         <value>0x70053a74</value>
         <object_component_ref idref="oc-2e6"/>
      </symbol>
      <symbol id="sm-5a9">
         <name>__TI_writemsg</name>
         <value>0x70053a28</value>
         <object_component_ref idref="oc-2e6"/>
      </symbol>
      <symbol id="sm-5aa">
         <name>__CIOBUF_</name>
         <value>0x70041288</value>
         <object_component_ref idref="oc-30d"/>
      </symbol>
      <symbol id="sm-5ab">
         <name>__TI_readmsg</name>
         <value>0x700539d0</value>
         <object_component_ref idref="oc-2ec"/>
      </symbol>
      <symbol id="sm-5ac">
         <name>_CIOBUF_</name>
         <value>0x70041288</value>
         <object_component_ref idref="oc-30d"/>
      </symbol>
      <symbol id="sm-5ba">
         <name>finddevice</name>
         <value>0x7005351c</value>
         <object_component_ref idref="oc-319"/>
      </symbol>
      <symbol id="sm-5bb">
         <name>getdevice</name>
         <value>0x70051d9c</value>
         <object_component_ref idref="oc-310"/>
      </symbol>
      <symbol id="sm-5c5">
         <name>__aeabi_ldiv0</name>
         <value>0x70055010</value>
         <object_component_ref idref="oc-1da"/>
      </symbol>
      <symbol id="sm-5cb">
         <name>__aeabi_memcpy</name>
         <value>0x7004f35c</value>
         <object_component_ref idref="oc-12d"/>
      </symbol>
      <symbol id="sm-5cc">
         <name>__aeabi_memcpy4</name>
         <value>0x7004f35c</value>
         <object_component_ref idref="oc-12d"/>
      </symbol>
      <symbol id="sm-5cd">
         <name>__aeabi_memcpy8</name>
         <value>0x7004f35c</value>
         <object_component_ref idref="oc-12d"/>
      </symbol>
      <symbol id="sm-5d3">
         <name>__aeabi_memset</name>
         <value>0x70054c44</value>
         <object_component_ref idref="oc-7c"/>
      </symbol>
      <symbol id="sm-5d4">
         <name>__aeabi_memset4</name>
         <value>0x70054c44</value>
         <object_component_ref idref="oc-7c"/>
      </symbol>
      <symbol id="sm-5d5">
         <name>__aeabi_memset8</name>
         <value>0x70054c44</value>
         <object_component_ref idref="oc-7c"/>
      </symbol>
      <symbol id="sm-5d6">
         <name>__aeabi_memclr</name>
         <value>0x70054c54</value>
         <object_component_ref idref="oc-7c"/>
      </symbol>
      <symbol id="sm-5d7">
         <name>__aeabi_memclr4</name>
         <value>0x70054c54</value>
         <object_component_ref idref="oc-7c"/>
      </symbol>
      <symbol id="sm-5d8">
         <name>__aeabi_memclr8</name>
         <value>0x70054c54</value>
         <object_component_ref idref="oc-7c"/>
      </symbol>
      <symbol id="sm-5de">
         <name>__aeabi_uldivmod</name>
         <value>0x70054a94</value>
         <object_component_ref idref="oc-149"/>
      </symbol>
      <symbol id="sm-5e4">
         <name>__udivmoddi4</name>
         <value>0x70051208</value>
         <object_component_ref idref="oc-1a7"/>
      </symbol>
      <symbol id="sm-5ec">
         <name>TI_memcpy_small</name>
         <value>0x70054c28</value>
         <object_component_ref idref="oc-1ca"/>
      </symbol>
      <symbol id="sm-5f4">
         <name>TI_memset_small</name>
         <value>0x70054d18</value>
         <object_component_ref idref="oc-127"/>
      </symbol>
      <symbol id="sm-5fd">
         <name>TaskP_yield</name>
         <value>0x70055081</value>
         <object_component_ref idref="oc-234"/>
      </symbol>
      <symbol id="sm-5fe">
         <name>_system_post_cinit</name>
         <value>0x0</value>
      </symbol>
      <symbol id="sm-5ff">
         <name>__TI_Handler_Table_Limit</name>
         <value>0x0</value>
      </symbol>
      <symbol id="sm-600">
         <name>__TI_Handler_Table_Base</name>
         <value>0x0</value>
      </symbol>
      <symbol id="sm-601">
         <name>__TI_CINIT_Base</name>
         <value>0x0</value>
      </symbol>
      <symbol id="sm-602">
         <name>__TI_CINIT_Limit</name>
         <value>0x0</value>
      </symbol>
   </symbol_table>
   <title>Link successful</title>
</link_info>
