******************************************************************************
            TI ARM Clang Linker PC v2.1.0                      
******************************************************************************
>> Linked Wed May 10 18:07:46 2023

OUTPUT FILE NAME:   <demo_interrupt.out>
ENTRY POINT SYMBOL: "_vectors"  address: 00000000


MEMORY CONFIGURATION

         name            origin    length      used     unused   attr    fill
----------------------  --------  ---------  --------  --------  ----  --------
  R5F_VECS              00000000   00000040  00000040  00000000  RWIX
  R5F_TCMA              00000040   00007fc0  00000000  00007fc0  RWIX
  R5F_TCMB              00080000   00008000  00000000  00008000  RWIX
  MAILBOX_HSM           44000000   000003ce  00000000  000003ce  RWIX
  MAILBOX_R5F           44000400   000003ce  00000000  000003ce  RWIX
  FLASH                 60100000   00080000  00000000  00080000  RWIX
  OCRAM                 70040000   00040000  000186e0  00027920  RWIX
  USER_SHM_MEM          701d0000   00004000  00000000  00004000  RWIX
  LOG_SHM_MEM           701d4000   00004000  00000000  00004000  RWIX
  RTOS_NORTOS_IPC_SHM_M 72000000   00003e80  00000000  00003e80  RWIX


SEGMENT ALLOCATION MAP

run origin  load origin   length   init length attrs members
----------  ----------- ---------- ----------- ----- -------
00000000    00000000    00000040   00000040    r-x
  00000000    00000000    00000040   00000040    r-x .vectors
70040000    70040000    0000d4b8   00000000    rw-
  70040000    70040000    000014b8   00000000    rw- .bss
  700414b8    700414b8    00008000   00000000    rw- .sysmem
  700494b8    700494b8    00004000   00000000    rw- .stack
7004d4c0    7004d4c0    00008698   00008698    r-x
  7004d4c0    7004d4c0    00007bd0   00007bd0    r-x .text
  70055090    70055090    00000ac8   00000ac8    r-- .rodata
70055b60    70055b60    00001328   00001328    r-x
  70055b60    70055b60    00000a80   00000a80    r-x .text.hwi
  700565e0    700565e0    000004a0   000004a0    r-x .text.cache
  70056a80    70056a80    000002c0   000002c0    r-x .text.mpu
  70056d40    70056d40    00000140   00000140    r-x .text.boot
  70056e80    70056e80    00000008   00000008    r-x .text:abort
70056e88    70056e88    00000468   00000468    rw-
  70056e88    70056e88    00000468   00000468    rw- .data
700572f0    700572f0    00001400   00000000    r--
  700572f0    700572f0    00000100   00000000    r-- .irqstack
  700573f0    700573f0    00000100   00000000    r-- .fiqstack
  700574f0    700574f0    00001000   00000000    r-- .svcstack
  700584f0    700584f0    00000100   00000000    r-- .abortstack
  700585f0    700585f0    00000100   00000000    r-- .undefinedstack


SECTION ALLOCATION MAP

 output                                  attributes/
section   page    origin      length       input sections
--------  ----  ----------  ----------   ----------------
.vectors   0    00000000    00000040     
                  00000000    00000040     nortos.am263x.r5f.ti-arm-clang.debug.lib : HwiP_armv7r_vectors_nortos_asm.obj (.vectors)

.bss       0    70040000    000014b8     UNINITIALIZED
                  70040000    00001008     (.common:gHwiCtrl)
                  70041008    00000280     ti_drivers_config.o (.bss.gUartObjects)
                  70041288    00000120     libsysbm.a : trgmsg.c.obj (.bss:_CIOBUF_)
                  700413a8    000000a0     (.common:__TI_tmpnams)
                  70041448    00000038     (.common:gClockCtrl)
                  70041480    00000020     (.common:gGpioHwiObject)
                  700414a0    00000008     (.common:parmbuf)
                  700414a8    00000004     nortos.am263x.r5f.ti-arm-clang.debug.lib : HwiP_armv7r_vim.obj (.bss.gdummy)
                  700414ac    00000004     libc.a : memory.c.obj (.bss.sys_free)
                  700414b0    00000004     (.common:gUartHandle)
                  700414b4    00000004     --HOLE--

.sysmem    0    700414b8    00008000     UNINITIALIZED
                  700414b8    00000010     libc.a : memory.c.obj (.sysmem)
                  700414c8    00007ff0     --HOLE--

.stack     0    700494b8    00004000     UNINITIALIZED
                  700494b8    00000004     nortos.am263x.r5f.ti-arm-clang.debug.lib : boot_armv7r_asm.obj (.stack)
                  700494bc    00003ffc     --HOLE--

.text      0    7004d4c0    00007bd0     
                  7004d4c0    00000a34     nortos.am263x.r5f.ti-arm-clang.debug.lib : printf.obj (.text._vsnprintf)
                  7004def4    0000000c     libc.a : memory.c.obj (.text.malloc)
                  7004df00    0000056e     drivers.am263x.r5f.ti-arm-clang.debug.lib : soc_rcm.obj (.text.SOC_rcmGetClkSrcAndDivReg)
                  7004e46e    00000002     --HOLE-- [fill = 0]
                  7004e470    00000546                                               : soc_rcm.obj (.text.SOC_rcmEnablePeripheralClock)
                  7004e9b6    00000002     --HOLE-- [fill = 0]
                  7004e9b8    00000004     libc.a : _lock.c.obj (.text._nop)
                  7004e9bc    00000004            : fseek.c.obj (.text.fseek)
                  7004e9c0    0000051e     nortos.am263x.r5f.ti-arm-clang.debug.lib : printf.obj (.text._ftoa)
                  7004eede    00000002     --HOLE-- [fill = 0]
                  7004eee0    00000478                                              : printf.obj (.text._etoa)
                  7004f358    00000004     libsysbm.a : remove.c.obj (.text.remove)
                  7004f35c    00000004     libclang_rt.builtins.a : aeabi_memcpy.S.obj (.text)
                  7004f360    00000286     drivers.am263x.r5f.ti-arm-clang.debug.lib : uart_v0.obj (.text.UART_open)
                  7004f5e6    0000000a     --HOLE-- [fill = 0]
                  7004f5f0    00000242                                               : uart_v0.obj (.text.UART_fifoConfig)
                  7004f832    0000000e     --HOLE-- [fill = 0]
                  7004f840    0000023e     nortos.am263x.r5f.ti-arm-clang.debug.lib : printf.obj (.text._ntoa_format)
                  7004fa7e    00000002     --HOLE-- [fill = 0]
                  7004fa80    00000228     drivers.am263x.r5f.ti-arm-clang.debug.lib : uart_v0.obj (.text.UART_masterIsr)
                  7004fca8    00000008     --HOLE-- [fill = 0]
                  7004fcb0    000001fa     nortos.am263x.r5f.ti-arm-clang.debug.lib : TimerP_rti.obj (.text.TimerP_setup)
                  7004feaa    00000006     --HOLE-- [fill = 0]
                  7004feb0    000001ee     drivers.am263x.r5f.ti-arm-clang.debug.lib : uart_v0.obj (.text.UART_write)
                  7005009e    00000002     --HOLE-- [fill = 0]
                  700500a0    000001b8     libc.a : memory.c.obj (.text.aligned_alloc)
                  70050258    000001b8            : memory.c.obj (.text.free)
                  70050410    000001b0     drivers.am263x.r5f.ti-arm-clang.debug.lib : uart_v0.obj (.text.UART_close)
                  700505c0    000001ac     demo_interrupt.o (.text.demo_interrupt_main)
                  7005076c    00000004     --HOLE-- [fill = 0]
                  70050770    00000178     drivers.am263x.r5f.ti-arm-clang.debug.lib : uart_v0.obj (.text.UART_configInstance)
                  700508e8    00000008     --HOLE-- [fill = 0]
                  700508f0    00000172     nortos.am263x.r5f.ti-arm-clang.debug.lib : ClockP_nortos_r5.obj (.text.ClockP_init)
                  70050a62    0000000e     --HOLE-- [fill = 0]
                  70050a70    00000158     drivers.am263x.r5f.ti-arm-clang.debug.lib : soc.obj (.text.SOC_controlModuleUnlockMMR)
                  70050bc8    00000008     --HOLE-- [fill = 0]
                  70050bd0    00000150                                               : uart_v0.obj (.text.UART_procLineStatusErr)
                  70050d20    00000144     libc.a : setvbuf.c.obj (.text.setvbuf)
                  70050e64    0000000c     --HOLE-- [fill = 0]
                  70050e70    00000138     nortos.am263x.r5f.ti-arm-clang.debug.lib : printf.obj (.text._ntoa_long_long)
                  70050fa8    00000008     --HOLE-- [fill = 0]
                  70050fb0    00000130     drivers.am263x.r5f.ti-arm-clang.debug.lib : soc_rcm.obj (.text.SOC_rcmGetPeripheralClockFrequency)
                  700510e0    00000126                                               : soc.obj (.text.SOC_controlModuleLockMMR)
                  70051206    00000002     --HOLE-- [fill = 0]
                  70051208    00000118     libclang_rt.builtins.a : udivmoddi4.S.obj (.text)
                  70051320    00000116     drivers.am263x.r5f.ti-arm-clang.debug.lib : uart_v0.obj (.text.UART_divisorLatchWrite)
                  70051436    0000000a     --HOLE-- [fill = 0]
                  70051440    00000114     nortos.am263x.r5f.ti-arm-clang.debug.lib : printf.obj (.text._ntoa_long)
                  70051554    0000000c     --HOLE-- [fill = 0]
                  70051560    0000010e     drivers.am263x.r5f.ti-arm-clang.debug.lib : soc_rcm.obj (.text.SOC_rcmADPLLJGetFOut)
                  7005166e    00000002     --HOLE-- [fill = 0]
                  70051670    000000f0     nortos.am263x.r5f.ti-arm-clang.debug.lib : SemaphoreP_nortos.obj (.text.SemaphoreP_pend)
                  70051760    000000ea     drivers.am263x.r5f.ti-arm-clang.debug.lib : soc_rcm.obj (.text.SOC_rcmGetCoreFout)
                  7005184a    00000006     --HOLE-- [fill = 0]
                  70051850    000000ea                                               : soc_rcm.obj (.text.SOC_rcmGetPerFout)
                  7005193a    00000002     --HOLE-- [fill = 0]
                  7005193c    000000e8     libc.a : fputc.c.obj (.text.fputc)
                  70051a24    0000000c     --HOLE-- [fill = 0]
                  70051a30    000000e0     drivers.am263x.r5f.ti-arm-clang.debug.lib : gpio.obj (.text.GPIO_setTrigType)
                  70051b10    000000de                                               : uart_v0.obj (.text.UART_intrEnable)
                  70051bee    00000002     --HOLE-- [fill = 0]
                  70051bf0    000000da                                               : uart_v0.obj (.text.UART_intrDisable)
                  70051cca    00000006     --HOLE-- [fill = 0]
                  70051cd0    000000cc                                               : uart_v0.obj (.text.UART_flushTxFifo)
                  70051d9c    000000c8     libc.a : getdevice.c.obj (.text.getdevice)
                  70051e64    0000000c     --HOLE-- [fill = 0]
                  70051e70    000000c4     drivers.am263x.r5f.ti-arm-clang.debug.lib : soc_rcm.obj (.text.SOC_rcmGetPerHSDivOut)
                  70051f34    0000000c     --HOLE-- [fill = 0]
                  70051f40    000000c2                                               : uart_v0.obj (.text.UART_writePolling)
                  70052002    0000000e     --HOLE-- [fill = 0]
                  70052010    000000c0     nortos.am263x.r5f.ti-arm-clang.debug.lib : printf.obj (.text._out_rev)
                  700520d0    000000ba                                              : ClockP_nortos.obj (.text.ClockP_stop)
                  7005218a    00000006     --HOLE-- [fill = 0]
                  70052190    000000ba     drivers.am263x.r5f.ti-arm-clang.debug.lib : uart_v0.obj (.text.UART_init)
                  7005224a    00000006     --HOLE-- [fill = 0]
                  70052250    000000b8     nortos.am263x.r5f.ti-arm-clang.debug.lib : ClockP_nortos.obj (.text.ClockP_timerTickIsr)
                  70052308    000000b4     libc.a : fclose.c.obj (.text.__TI_closefile)
                  700523bc    000000b4            : fseek.c.obj (.text.fseeko)
                  70052470    000000b0     drivers.am263x.r5f.ti-arm-clang.debug.lib : soc_rcm.obj (.text.SOC_rcmSetPeripheralClock)
                  70052520    000000ac     ti_drivers_open_close.o (.text.Drivers_uartOpen)
                  700525cc    00000004     --HOLE-- [fill = 0]
                  700525d0    000000aa     drivers.am263x.r5f.ti-arm-clang.debug.lib : uart_v0.obj (.text.UART_fifoWrite)
                  7005267a    00000006     --HOLE-- [fill = 0]
                  70052680    000000a8     nortos.am263x.r5f.ti-arm-clang.debug.lib : ClockP_nortos.obj (.text.ClockP_addToList)
                  70052728    00000008     --HOLE-- [fill = 0]
                  70052730    000000a8                                              : ClockP_nortos.obj (.text.ClockP_destruct)
                  700527d8    000000a4     libc.a : memory.c.obj (.text.split)
                  7005287c    00000004     --HOLE-- [fill = 0]
                  70052880    000000a2     drivers.am263x.r5f.ti-arm-clang.debug.lib : soc_rcm.obj (.text.SOC_rcmGetCoreHSDivOut)
                  70052922    0000000e     --HOLE-- [fill = 0]
                  70052930    000000a2     nortos.am263x.r5f.ti-arm-clang.debug.lib : PmuP_armv7r.obj (.text.pmu)
                  700529d2    00000002     --HOLE-- [fill = 0]
                  700529d4    000000a0     libsysbm.a : hostrename.c.obj (.text.HOSTrename)
                  70052a74    0000009c     libc.a : _io_perm.c.obj (.text.__TI_wrt_ok)
                  70052b10    00000098     demo_interrupt.o (.text.GPIO_bankIsrFxn)
                  70052ba8    00000098     libsysbm.a : hostlseek.c.obj (.text.HOSTlseek)
                  70052c40    00000096     drivers.am263x.r5f.ti-arm-clang.debug.lib : uart_v0.obj (.text.UART_subConfigTCRTLRModeEn)
                  70052cd6    00000002     --HOLE-- [fill = 0]
                  70052cd8    00000094     libsysbm.a : hostopen.c.obj (.text.HOSTopen)
                  70052d6c    00000004     --HOLE-- [fill = 0]
                  70052d70    00000092     drivers.am263x.r5f.ti-arm-clang.debug.lib : uart_v0.obj (.text.UART_writeCancelNoCB)
                  70052e02    00000002     --HOLE-- [fill = 0]
                  70052e04    0000008c     libsysbm.a : close.c.obj (.text.close)
                  70052e90    00000088     nortos.am263x.r5f.ti-arm-clang.debug.lib : ClockP_nortos.obj (.text.ClockP_getTimeUsec)
                  70052f18    00000088     libc.a : fflush.c.obj (.text.__TI_doflush)
                  70052fa0    00000086     drivers.am263x.r5f.ti-arm-clang.debug.lib : uart_v0.obj (.text.UART_tcrTlrBitValRestore)
                  70053026    00000002     --HOLE-- [fill = 0]
                  70053028    00000084     libsysbm.a : hostread.c.obj (.text.HOSTread)
                  700530ac    00000084                : hostwrite.c.obj (.text.HOSTwrite)
                  70053130    00000084     drivers.am263x.r5f.ti-arm-clang.debug.lib : uart_dma.obj (.text.UART_dmaDisableChannel)
                  700531b4    0000000c     --HOLE-- [fill = 0]
                  700531c0    00000080                                               : uart_dma.obj (.text.UART_dmaClose)
                  70053240    00000080                                               : uart_v0.obj (.text.UART_readData)
                  700532c0    0000007a                                               : uart_v0.obj (.text.UART_Params_init)
                  7005333a    00000006     --HOLE-- [fill = 0]
                  70053340    0000007a     nortos.am263x.r5f.ti-arm-clang.debug.lib : DebugP_log.obj (.text._DebugP_assert)
                  700533ba    00000006     --HOLE-- [fill = 0]
                  700533c0    00000074                                              : ClockP_nortos.obj (.text.ClockP_construct)
                  70053434    0000000c     --HOLE-- [fill = 0]
                  70053440    00000070     drivers.am263x.r5f.ti-arm-clang.debug.lib : uart_dma.obj (.text.UART_dmaOpen)
                  700534b0    0000006c     libsysbm.a : hostunlink.c.obj (.text.HOSTunlink)
                  7005351c    0000006c     libc.a : getdevice.c.obj (.text.finddevice)
                  70053588    00000008     --HOLE-- [fill = 0]
                  70053590    00000068     drivers.am263x.r5f.ti-arm-clang.debug.lib : uart_v0.obj (.text.UART_divisorValCompute)
                  700535f8    00000008     --HOLE-- [fill = 0]
                  70053600    00000064                                               : soc_rcm.obj (.text.SOC_rcmGetR5Clock)
                  70053664    0000000c     --HOLE-- [fill = 0]
                  70053670    00000062                                               : soc_rcm.obj (.text.SOC_rcmInsert16)
                  700536d2    00000002     --HOLE-- [fill = 0]
                  700536d4    00000060     libsysbm.a : hostclose.c.obj (.text.HOSTclose)
                  70053734    0000000c     --HOLE-- [fill = 0]
                  70053740    00000060     drivers.am263x.r5f.ti-arm-clang.debug.lib : uart_v0.obj (.text.UART_getChar)
                  700537a0    0000005e                                               : uart_v0.obj (.text.UART_writeData)
                  700537fe    00000002     --HOLE-- [fill = 0]
                  70053800    0000005c     ti_power_clock_config.o (.text.Module_clockSetFrequency)
                  7005385c    00000004     --HOLE-- [fill = 0]
                  70053860    0000005a     nortos.am263x.r5f.ti-arm-clang.debug.lib : SemaphoreP_nortos.obj (.text.SemaphoreP_post)
                  700538ba    00000006     --HOLE-- [fill = 0]
                  700538c0    0000005a     drivers.am263x.r5f.ti-arm-clang.debug.lib : uart_v0.obj (.text.UART_regConfigModeEnable)
                  7005391a    00000006     --HOLE-- [fill = 0]
                  70053920    00000058                                               : soc_rcm.obj (.text.SOC_rcmGetModuleClkDivVal)
                  70053978    00000058     libc.a : fopen.c.obj (.text.__TI_cleanup)
                  700539d0    00000058     libsysbm.a : trgmsg.c.obj (.text.__TI_readmsg)
                  70053a28    00000058                : trgmsg.c.obj (.text.__TI_writemsg)
                  70053a80    00000056     nortos.am263x.r5f.ti-arm-clang.debug.lib : SemaphoreP_nortos.obj (.text.SemaphoreP_construct)
                  70053ad6    0000000a     --HOLE-- [fill = 0]
                  70053ae0    00000054     drivers.am263x.r5f.ti-arm-clang.debug.lib : uart_dma.obj (.text.UART_writeInterruptDma)
                  70053b34    00000054     libc.a : exit.c.obj (.text.exit)
                  70053b88    00000008     --HOLE-- [fill = 0]
                  70053b90    00000050     ti_drivers_open_close.o (.text.Drivers_uartClose)
                  70053be0    00000050     drivers.am263x.r5f.ti-arm-clang.debug.lib : pinmux.obj (.text.Pinmux_config)
                  70053c30    00000050     libc.a : autoinit.c.obj (.text:__TI_auto_init_nobinit_nopinit)
                  70053c80    0000004e     drivers.am263x.r5f.ti-arm-clang.debug.lib : gpio.obj (.text.GPIO_setDirMode)
                  70053cce    00000002     --HOLE-- [fill = 0]
                  70053cd0    0000004e                                               : uart_v0.obj (.text.UART_getHandle)
                  70053d1e    00000002     --HOLE-- [fill = 0]
                  70053d20    0000004c     ti_power_clock_config.o (.text.Module_clockDisable)
                  70053d6c    00000004     --HOLE-- [fill = 0]
                  70053d70    0000004c     ti_power_clock_config.o (.text.Module_clockEnable)
                  70053dbc    00000004     --HOLE-- [fill = 0]
                  70053dc0    0000004c     drivers.am263x.r5f.ti-arm-clang.debug.lib : uart_v0.obj (.text.UART_fifoRegisterWrite)
                  70053e0c    00000004     --HOLE-- [fill = 0]
                  70053e10    0000004a                                               : uart_v0.obj (.text.UART_getIntrIdentityStatus)
                  70053e5a    00000006     --HOLE-- [fill = 0]
                  70053e60    0000004a                                               : uart_v0.obj (.text.UART_lineCharConfig)
                  70053eaa    00000006     --HOLE-- [fill = 0]
                  70053eb0    00000048                                               : soc_rcm.obj (.text.SOC_rcmGetCR5SysclkInFrequency)
                  70053ef8    00000048     libsysbm.a : unlink.c.obj (.text.unlink)
                  70053f40    00000046     drivers.am263x.r5f.ti-arm-clang.debug.lib : uart_v0.obj (.text.UART_readLineStatus)
                  70053f86    0000000a     --HOLE-- [fill = 0]
                  70053f90    00000044     ti_dpl_config.o (.text.Dpl_init)
                  70053fd4    0000000c     --HOLE-- [fill = 0]
                  70053fe0    00000044     demo_interrupt.o (.text.GPIO_clearBankIntrStatus)
                  70054024    0000000c     --HOLE-- [fill = 0]
                  70054030    00000044     demo_interrupt.o (.text.GPIO_getBankIntrStatus)
                  70054074    0000000c     --HOLE-- [fill = 0]
                  70054080    00000044     drivers.am263x.r5f.ti-arm-clang.debug.lib : soc_rcm.obj (.text.SOC_rcmExtract8)
                  700540c4    0000000c     --HOLE-- [fill = 0]
                  700540d0    00000044                                               : soc_rcm.obj (.text.SOC_rcmMake16)
                  70054114    0000000c     --HOLE-- [fill = 0]
                  70054120    00000044     nortos.am263x.r5f.ti-arm-clang.debug.lib : DebugP_nortos.obj (.text._DebugP_logZone)
                  70054164    0000000c     --HOLE-- [fill = 0]
                  70054170    00000044                                              : printf.obj (.text._strnlen_s)
                  700541b4    0000000c     --HOLE-- [fill = 0]
                  700541c0    00000042                                              : ClockP_nortos.obj (.text.ClockP_start)
                  70054202    0000000e     --HOLE-- [fill = 0]
                  70054210    00000042     drivers.am263x.r5f.ti-arm-clang.debug.lib : uart_v0.obj (.text.UART_checkOpenParams)
                  70054252    00000002     --HOLE-- [fill = 0]
                  70054254    00000040     libc.a : memory.c.obj (.text.free_list_insert)
                  70054294    0000000c     --HOLE-- [fill = 0]
                  700542a0    0000003e     nortos.am263x.r5f.ti-arm-clang.debug.lib : DebugP_uartLogWriter.obj (.text.DebugP_uartLogWriterPutChar)
                  700542de    00000002     --HOLE-- [fill = 0]
                  700542e0    0000003e     drivers.am263x.r5f.ti-arm-clang.debug.lib : pinmux.obj (.text.Pinmux_unlockMMR)
                  7005431e    00000002     --HOLE-- [fill = 0]
                  70054320    0000003e                                               : uart_v0.obj (.text.UART_spaceAvail)
                  7005435e    00000002     --HOLE-- [fill = 0]
                  70054360    0000003c                                               : uart_v0.obj (.text.UART_enhanFuncEnable)
                  7005439c    00000004     --HOLE-- [fill = 0]
                  700543a0    0000003c                                               : uart_v0.obj (.text.UART_resetModule)
                  700543dc    00000004     --HOLE-- [fill = 0]
                  700543e0    0000003c                                               : uart_v0.obj (.text.UART_writeDataPolling)
                  7005441c    00000004     --HOLE-- [fill = 0]
                  70054420    0000003a                                               : soc.obj (.text.SOC_moduleSetClockFrequency)
                  7005445a    00000006     --HOLE-- [fill = 0]
                  70054460    0000003a     nortos.am263x.r5f.ti-arm-clang.debug.lib : printf.obj (.text._atoi)
                  7005449a    00000006     --HOLE-- [fill = 0]
                  700544a0    00000036     demo_interrupt.o (.text.GPIO_clearIntrStatus)
                  700544d6    0000000a     --HOLE-- [fill = 0]
                  700544e0    00000036     drivers.am263x.r5f.ti-arm-clang.debug.lib : uart_v0.obj (.text.UART_checkTransaction)
                  70054516    0000000a     --HOLE-- [fill = 0]
                  70054520    00000034                                               : pinmux.obj (.text.Pinmux_lockMMR)
                  70054554    0000000c     --HOLE-- [fill = 0]
                  70054560    00000034     nortos.am263x.r5f.ti-arm-clang.debug.lib : TimerP_rti.obj (.text.TimerP_Params_init)
                  70054594    00000034     libc.a : memory.c.obj (.text.free_list_remove)
                  700545c8    00000034     libsysbm.a : lseek.c.obj (.text.lseek)
                  700545fc    00000034                : write.c.obj (.text.write)
                  70054630    00000032     nortos.am263x.r5f.ti-arm-clang.debug.lib : ClockP_nortos.obj (.text.ClockP_sleep)
                  70054662    0000000e     --HOLE-- [fill = 0]
                  70054670    00000032     drivers.am263x.r5f.ti-arm-clang.debug.lib : uart_v0.obj (.text.HW_WR_FIELD32_RAW)
                  700546a2    0000000e     --HOLE-- [fill = 0]
                  700546b0    00000032     nortos.am263x.r5f.ti-arm-clang.debug.lib : TimerP_rti.obj (.text.TimerP_getCount)
                  700546e2    0000000e     --HOLE-- [fill = 0]
                  700546f0    00000032     drivers.am263x.r5f.ti-arm-clang.debug.lib : uart_v0.obj (.text.UART_enhanFuncBitValRestore)
                  70054722    0000000e     --HOLE-- [fill = 0]
                  70054730    00000032                                               : uart_v0.obj (.text.UART_hardwareFlowCtrlOptSet)
                  70054762    0000000e     --HOLE-- [fill = 0]
                  70054770    00000030                                               : uart_v0.obj (.text.UART_flowCtrlTrigLvlConfig)
                  700547a0    00000030     nortos.am263x.r5f.ti-arm-clang.debug.lib : PmuP_armv7r_asm.obj (.text.pmu)
                  700547d0    0000002e     drivers.am263x.r5f.ti-arm-clang.debug.lib : uart_v0.obj (.text.UART_deinit)
                  700547fe    00000002     --HOLE-- [fill = 0]
                  70054800    0000002e     nortos.am263x.r5f.ti-arm-clang.debug.lib : printf.obj (.text._is_digit)
                  7005482e    00000002     --HOLE-- [fill = 0]
                  70054830    0000002c                                              : DebugP_log.obj (.text.DebugP_logZoneEnable)
                  7005485c    00000004     --HOLE-- [fill = 0]
                  70054860    0000002c                                              : SemaphoreP_nortos.obj (.text.SemaphoreP_constructBinary)
                  7005488c    00000004     --HOLE-- [fill = 0]
                  70054890    0000002c     drivers.am263x.r5f.ti-arm-clang.debug.lib : uart_v0.obj (.text.UART_moduleReset)
                  700548bc    00000004     --HOLE-- [fill = 0]
                  700548c0    0000002a     nortos.am263x.r5f.ti-arm-clang.debug.lib : ClockP_nortos.obj (.text.ClockP_sleepTicks)
                  700548ea    00000006     --HOLE-- [fill = 0]
                  700548f0    0000002a     ti_drivers_open_close.o (.text.SOC_xbarSelectGpioIntrXbarInputSource)
                  7005491a    00000006     --HOLE-- [fill = 0]
                  70054920    0000002a     nortos.am263x.r5f.ti-arm-clang.debug.lib : DebugP_uartLogWriter.obj (.text.UART_Transaction_init)
                  7005494a    00000006     --HOLE-- [fill = 0]
                  70054950    0000002a     drivers.am263x.r5f.ti-arm-clang.debug.lib : uart_v0.obj (.text.UART_intr2Disable)
                  7005497a    00000006     --HOLE-- [fill = 0]
                  70054980    0000002a                                               : uart_v0.obj (.text.UART_operatingModeSelect)
                  700549aa    00000006     --HOLE-- [fill = 0]
                  700549b0    00000028     nortos.am263x.r5f.ti-arm-clang.debug.lib : printf.obj (.text.vprintf_)
                  700549d8    00000008     --HOLE-- [fill = 0]
                  700549e0    00000026     main.o (.text.main)
                  70054a06    0000000a     --HOLE-- [fill = 0]
                  70054a10    00000024     nortos.am263x.r5f.ti-arm-clang.debug.lib : SemaphoreP_nortos.obj (.text.SemaphoreP_constructMutex)
                  70054a34    0000000c     --HOLE-- [fill = 0]
                  70054a40    00000024                                              : printf.obj (.text._out_char)
                  70054a64    0000000c     --HOLE-- [fill = 0]
                  70054a70    00000024                                              : boot_armv7r.obj (.text._system_pre_init)
                  70054a94    00000024     libclang_rt.builtins.a : aeabi_uldivmod.S.obj (.text)
                  70054ab8    00000008     --HOLE-- [fill = 0]
                  70054ac0    00000022     drivers.am263x.r5f.ti-arm-clang.debug.lib : uart_v0.obj (.text.UART_writeInterrupt)
                  70054ae2    0000000e     --HOLE-- [fill = 0]
                  70054af0    00000020                                               : uart_v0.obj (.text.HW_RD_FIELD32_RAW)
                  70054b10    0000001e     nortos.am263x.r5f.ti-arm-clang.debug.lib : ClockP_nortos.obj (.text.ClockP_Params_init)
                  70054b2e    00000002     --HOLE-- [fill = 0]
                  70054b30    0000001e     drivers.am263x.r5f.ti-arm-clang.debug.lib : gpio.obj (.text.GPIO_bankIntrDisable)
                  70054b4e    00000002     --HOLE-- [fill = 0]
                  70054b50    0000001e                                               : gpio.obj (.text.GPIO_bankIntrEnable)
                  70054b6e    00000002     --HOLE-- [fill = 0]
                  70054b70    0000001e                                               : soc.obj (.text.SOC_getSelfCpuClk)
                  70054b8e    00000002     --HOLE-- [fill = 0]
                  70054b90    0000001e                                               : soc.obj (.text.SOC_moduleClockEnable)
                  70054bae    00000002     --HOLE-- [fill = 0]
                  70054bb0    0000001e                                               : uart_v0.obj (.text.UART_breakCtl)
                  70054bce    00000002     --HOLE-- [fill = 0]
                  70054bd0    0000001c     ti_drivers_config.o (.text.System_init)
                  70054bec    00000004     --HOLE-- [fill = 0]
                  70054bf0    0000001c     ti_dpl_config.o (.text.putchar_)
                  70054c0c    0000001c     libsysbm.a : hostrename.c.obj (.text.strlen)
                  70054c28    0000001c                : memcpy32.S.obj (.text:TI_memcpy_small)
                  70054c44    0000001c     libclang_rt.builtins.a : aeabi_memset.S.obj (.text)
                  70054c60    0000001a     drivers.am263x.r5f.ti-arm-clang.debug.lib : uart_v0.obj (.text.UART_fifoCharGet)
                  70054c7a    00000006     --HOLE-- [fill = 0]
                  70054c80    00000018     nortos.am263x.r5f.ti-arm-clang.debug.lib : SemaphoreP_nortos.obj (.text.SemaphoreP_Params_init)
                  70054c98    00000008     --HOLE-- [fill = 0]
                  70054ca0    00000018                                              : TimerP_rti.obj (.text.TimerP_getReloadCount)
                  70054cb8    00000008     --HOLE-- [fill = 0]
                  70054cc0    00000018     drivers.am263x.r5f.ti-arm-clang.debug.lib : uart_v0.obj (.text.UART_divisorLatchDisable)
                  70054cd8    00000008     --HOLE-- [fill = 0]
                  70054ce0    00000018                                               : uart_v0.obj (.text.UART_modemControlReset)
                  70054cf8    00000008     --HOLE-- [fill = 0]
                  70054d00    00000018                                               : uart_v0.obj (.text.UART_putChar)
                  70054d18    00000018     libsysbm.a : memset32.S.obj (.text:TI_memset_small)
                  70054d30    00000016     nortos.am263x.r5f.ti-arm-clang.debug.lib : ClockP_nortos.obj (.text.ClockP_isActive)
                  70054d46    0000000a     --HOLE-- [fill = 0]
                  70054d50    00000016                                              : TimerP_rti.obj (.text.TimerP_start)
                  70054d66    0000000a     --HOLE-- [fill = 0]
                  70054d70    00000016                                              : TimerP_rti.obj (.text.TimerP_stop)
                  70054d86    0000000a     --HOLE-- [fill = 0]
                  70054d90    00000016     drivers.am263x.r5f.ti-arm-clang.debug.lib : uart_v0.obj (.text.UART_divideRoundCloset)
                  70054da6    0000000a     --HOLE-- [fill = 0]
                  70054db0    00000016                                               : uart_v0.obj (.text.UART_regConfModeRestore)
                  70054dc6    0000000a     --HOLE-- [fill = 0]
                  70054dd0    00000014     nortos.am263x.r5f.ti-arm-clang.debug.lib : DebugP_uartLogWriter.obj (.text.DebugP_uartSetDrvIndex)
                  70054de4    0000000c     --HOLE-- [fill = 0]
                  70054df0    00000014     ti_drivers_open_close.o (.text.Drivers_gpioIntXbarOpen)
                  70054e04    0000000c     --HOLE-- [fill = 0]
                  70054e10    00000014     drivers.am263x.r5f.ti-arm-clang.debug.lib : soc_rcm.obj (.text.SOC_rcmGetModuleClkDivFromRegVal)
                  70054e24    0000000c     --HOLE-- [fill = 0]
                  70054e30    00000014     nortos.am263x.r5f.ti-arm-clang.debug.lib : TimerP_rti.obj (.text.TimerP_clearOverflowInt)
                  70054e44    00000014     libsysbm.a : hostrename.c.obj (.text.strcpy)
                  70054e58    00000008     --HOLE-- [fill = 0]
                  70054e60    00000012     ti_pinmux_config.o (.text.Pinmux_init)
                  70054e72    0000000e     --HOLE-- [fill = 0]
                  70054e80    00000010     nortos.am263x.r5f.ti-arm-clang.debug.lib : AddrTranslateP_null.obj (.text.AddrTranslateP_getLocalAddr)
                  70054e90    00000010     demo_interrupt.o (.text.CSL_REG32_WR_RAW)
                  70054ea0    00000010     drivers.am263x.r5f.ti-arm-clang.debug.lib : gpio.obj (.text.CSL_REG32_WR_RAW)
                  70054eb0    00000010                                               : pinmux.obj (.text.CSL_REG32_WR_RAW)
                  70054ec0    00000010                                               : soc.obj (.text.CSL_REG32_WR_RAW)
                  70054ed0    00000010     nortos.am263x.r5f.ti-arm-clang.debug.lib : ClockP_nortos_r5.obj (.text.ClockP_getTimerCount)
                  70054ee0    00000010                                              : ClockP_nortos_r5.obj (.text.ClockP_timerClearOverflowInt)
                  70054ef0    00000010     drivers.am263x.r5f.ti-arm-clang.debug.lib : uart_v0.obj (.text.HW_RD_REG32_RAW)
                  70054f00    00000010                                               : uart_v0.obj (.text.HW_WR_REG32_RAW)
                  70054f10    00000010     ti_drivers_open_close.o (.text.HW_WR_REG32_RAW)
                  70054f20    00000010     ti_drivers_config.o (.text.System_deinit)
                  70054f30    00000010     nortos.am263x.r5f.ti-arm-clang.debug.lib : printf.obj (.text._out_null)
                  70054f40    00000010     libc.a : fputc.c.obj (.text.putchar)
                  70054f50    0000000c     ti_board_open_close.o (.text.Board_driversOpen)
                  70054f5c    00000004     --HOLE-- [fill = 0]
                  70054f60    0000000c     demo_interrupt.o (.text.CSL_REG32_RD_RAW)
                  70054f6c    00000004     --HOLE-- [fill = 0]
                  70054f70    0000000c     nortos.am263x.r5f.ti-arm-clang.debug.lib : ClockP_nortos.obj (.text.ClockP_getTicks)
                  70054f7c    00000004     --HOLE-- [fill = 0]
                  70054f80    0000000c     ti_drivers_open_close.o (.text.Drivers_open)
                  70054f8c    00000004     --HOLE-- [fill = 0]
                  70054f90    0000000c     ti_power_clock_config.o (.text.PowerClock_init)
                  70054f9c    00000004     --HOLE-- [fill = 0]
                  70054fa0    0000000a     drivers.am263x.r5f.ti-arm-clang.debug.lib : soc_rcm.obj (.text.SOC_rcmGetBaseAddressMSSRCM)
                  70054faa    00000006     --HOLE-- [fill = 0]
                  70054fb0    00000008     ti_drivers_open_close.o (.text.Drivers_close)
                  70054fb8    00000008     --HOLE-- [fill = 0]
                  70054fc0    00000008     ti_drivers_config.o (.text.Drivers_uartInit)
                  70054fc8    00000008     --HOLE-- [fill = 0]
                  70054fd0    00000008     ti_power_clock_config.o (.text.PowerClock_deinit)
                  70054fd8    00000008     --HOLE-- [fill = 0]
                  70054fe0    00000008     drivers.am263x.r5f.ti-arm-clang.debug.lib : soc_rcm.obj (.text.SOC_rcmGetBaseAddressTOPRCM)
                  70054fe8    00000008     --HOLE-- [fill = 0]
                  70054ff0    00000008     nortos.am263x.r5f.ti-arm-clang.debug.lib : SemaphoreP_nortos.obj (.text.SemaphoreP_destruct)
                  70054ff8    00000008     --HOLE-- [fill = 0]
                  70055000    00000004     board.o (.text.Board_getGpioButtonSwitchNum)
                  70055004    0000000c     --HOLE-- [fill = 0]
                  70055010    00000004     libclang_rt.builtins.a : aeabi_div0.c.obj (.text.__aeabi_ldiv0)
                  70055014    0000000c     --HOLE-- [fill = 0]
                  70055020    00000002     ti_board_config.o (.text.Board_deinit)
                  70055022    0000000e     --HOLE-- [fill = 0]
                  70055030    00000002     ti_board_open_close.o (.text.Board_driversClose)
                  70055032    0000000e     --HOLE-- [fill = 0]
                  70055040    00000002     board.o (.text.Board_gpioDeinit)
                  70055042    0000000e     --HOLE-- [fill = 0]
                  70055050    00000002     board.o (.text.Board_gpioInit)
                  70055052    0000000e     --HOLE-- [fill = 0]
                  70055060    00000002     ti_board_config.o (.text.Board_init)
                  70055062    0000000e     --HOLE-- [fill = 0]
                  70055070    00000002     ti_dpl_config.o (.text.Dpl_deinit)
                  70055072    0000000e     --HOLE-- [fill = 0]
                  70055080    00000002     nortos.am263x.r5f.ti-arm-clang.debug.lib : TaskP_nortos.obj (.text.TaskP_yield)
                  70055082    0000000e     --HOLE-- [fill = 0]

.rodata    0    70055090    00000ac8     
                  70055090    00000435     drivers.am263x.r5f.ti-arm-clang.debug.lib : soc_rcm.obj (.rodata.str1.1)
                  700554c5    00000160     demo_interrupt.o (.rodata.str1.1)
                  70055625    00000135     drivers.am263x.r5f.ti-arm-clang.debug.lib : uart_v0.obj (.rodata.str1.1)
                  7005575a    000000b7     nortos.am263x.r5f.ti-arm-clang.debug.lib : TimerP_rti.obj (.rodata.str1.1)
                  70055811    000000ac                                              : ClockP_nortos_r5.obj (.rodata.str1.1)
                  700558bd    0000006b                                              : SemaphoreP_nortos.obj (.rodata.str1.1)
                  70055928    0000005a                                              : ClockP_nortos.obj (.rodata.str1.1)
                  70055982    00000002     drivers.am263x.r5f.ti-arm-clang.debug.lib : soc_rcm.obj (.rodata.gCR5ClkSrcInfoMap)
                  70055984    00000004     nortos.am263x.r5f.ti-arm-clang.debug.lib : CacheP_armv7r.obj (.rodata.gCacheL1dCacheLineSize)
                  70055988    00000050                                              : printf.obj (.rodata._ftoa.pow10)
                  700559d8    0000004b     drivers.am263x.r5f.ti-arm-clang.debug.lib : uart_dma.obj (.rodata.str1.1)
                  70055a23    00000046     ti_drivers_open_close.o (.rodata.str1.1)
                  70055a69    00000003     --HOLE-- [fill = 0]
                  70055a6c    00000040     ti_dpl_config.o (.rodata.gMpuRegionConfig)
                  70055aac    00000030     drivers.am263x.r5f.ti-arm-clang.debug.lib : soc_rcm.obj (.rodata.gADPLLJConfigTbl)
                  70055adc    0000002d     nortos.am263x.r5f.ti-arm-clang.debug.lib : DebugP_log.obj (.rodata.str1.1)
                  70055b09    00000018     drivers.am263x.r5f.ti-arm-clang.debug.lib : soc_rcm.obj (.rodata.gPeripheralClkSrcInfoMap)
                  70055b21    00000012     nortos.am263x.r5f.ti-arm-clang.debug.lib : printf.obj (.rodata.str1.1)
                  70055b33    00000001     --HOLE-- [fill = 0]
                  70055b34    0000000c     ti_dpl_config.o (.rodata.gMpuConfig)
                  70055b40    00000008     ti_dpl_config.o (.rodata.gCacheConfig)
                  70055b48    00000008     drivers.am263x.r5f.ti-arm-clang.debug.lib : soc_rcm.obj (.rodata.gXTALInfo)
                  70055b50    00000004     nortos.am263x.r5f.ti-arm-clang.debug.lib : CacheP_armv7r.obj (.rodata.gCacheL1pCacheLineSize)
                  70055b54    00000004     --HOLE-- [fill = 0]

.text.hwi 
*          0    70055b60    00000a80     
                  70055b60    000005b8     nortos.am263x.r5f.ti-arm-clang.debug.lib : HwiP_armv7r_vim.obj (.text.hwi)
                  70056118    00000008     --HOLE-- [fill = 0]
                  70056120    000003d8                                              : HwiP_armv7r_handlers_nortos.obj (.text.hwi)
                  700564f8    00000078                                              : HwiP_armv7r_handlers_nortos_asm.obj (.text.hwi)
                  70056570    00000070                                              : HwiP_armv7r_asm.obj (.text.hwi)

.text.cache 
*          0    700565e0    000004a0     
                  700565e0    00000340     nortos.am263x.r5f.ti-arm-clang.debug.lib : CacheP_armv7r_asm.obj (.text.cache)
                  70056920    00000158                                              : CacheP_armv7r.obj (.text.cache)
                  70056a78    00000008     --HOLE-- [fill = 0]

.text.mpu 
*          0    70056a80    000002c0     
                  70056a80    00000246     nortos.am263x.r5f.ti-arm-clang.debug.lib : MpuP_armv7r.obj (.text.mpu)
                  70056cc6    00000002     --HOLE-- [fill = 0]
                  70056cc8    00000078                                              : MpuP_armv7r_asm.obj (.text.mpu)

.text.boot 
*          0    70056d40    00000140     
                  70056d40    000000fc     nortos.am263x.r5f.ti-arm-clang.debug.lib : boot_armv7r_asm.obj (.text.boot)
                  70056e3c    00000004     --HOLE-- [fill = 0]
                  70056e40    00000024                                              : DebugP_log.obj (.text.boot)
                  70056e64    0000000c     --HOLE-- [fill = 0]
                  70056e70    0000000c     ti_dpl_config.o (.text.boot)
                  70056e7c    00000004     --HOLE-- [fill = 0]

.text:abort 
*          0    70056e80    00000008     
                  70056e80    00000008     libc.a : exit.c.obj (.text:abort)

.data      0    70056e88    00000468     
                  70056e88    000000f0     libc.a : defs.c.obj (.data._ftable)
                  70056f78    0000009c     drivers.am263x.r5f.ti-arm-clang.debug.lib : uart_v0.obj (.data.gUartDrvObj)
                  70057014    00000078     libsysbm.a : host_device.c.obj (.data._device)
                  7005708c    00000054     ti_drivers_open_close.o (.data.gUartParams)
                  700570e0    00000050     libsysbm.a : host_device.c.obj (.data._stream)
                  70057130    00000020     ti_pinmux_config.o (.data.gPinMuxMainDomainCfg)
                  70057150    00000018     drivers.am263x.r5f.ti-arm-clang.debug.lib : soc_rcm.obj (.data.gControlssPllClkSrcValMap)
                  70057168    00000018                                               : soc_rcm.obj (.data.gCptsClkSrcValMap)
                  70057180    00000018                                               : soc_rcm.obj (.data.gGpmcClkSrcValMap)
                  70057198    00000018                                               : soc_rcm.obj (.data.gI2cClkSrcValMap)
                  700571b0    00000018                                               : soc_rcm.obj (.data.gIcssmUartClkSrcValMap)
                  700571c8    00000018                                               : soc_rcm.obj (.data.gLinUartClkSrcValMap)
                  700571e0    00000018                                               : soc_rcm.obj (.data.gMcSpiClkSrcValMap)
                  700571f8    00000018                                               : soc_rcm.obj (.data.gMcanClkSrcValMap)
                  70057210    00000018                                               : soc_rcm.obj (.data.gMmcClkSrcValMap)
                  70057228    00000018                                               : soc_rcm.obj (.data.gQspiClkSrcValMap)
                  70057240    00000018                                               : soc_rcm.obj (.data.gRtiClkSrcValMap)
                  70057258    00000018     ti_power_clock_config.o (.data.gSocModulesClockFrequency)
                  70057270    00000018     drivers.am263x.r5f.ti-arm-clang.debug.lib : soc_rcm.obj (.data.gWdtClkSrcValMap)
                  70057288    00000014     ti_dpl_config.o (.data.gClockConfig)
                  7005729c    00000008     libc.a : exit.c.obj (.data..L_MergedGlobals)
                  700572a4    00000008     ti_power_clock_config.o (.data.gSocModules)
                  700572ac    00000008     ti_drivers_config.o (.data.gUartAttrs)
                  700572b4    00000008     ti_drivers_config.o (.data.gUartConfig)
                  700572bc    00000004     libc.a : defs.c.obj (.data.__TI_ft_end)
                  700572c0    00000008     nortos.am263x.r5f.ti-arm-clang.debug.lib : PmuP_armv7r.obj (.data.pmu)
                  700572c8    00000004     libc.a : _lock.c.obj (.data._lock)
                  700572cc    00000004            : _lock.c.obj (.data._unlock)
                  700572d0    00000004     nortos.am263x.r5f.ti-arm-clang.debug.lib : DebugP_log.obj (.data.gDebugLogZone)
                  700572d4    00000004                                              : DebugP_uartLogWriter.obj (.data.gDebugP_uartDrvIndex)
                  700572d8    00000004     demo_interrupt.o (.data.gGpioBaseAddr)
                  700572dc    00000004     demo_interrupt.o (.data.gGpioIntrDone)
                  700572e0    00000004     ti_dpl_config.o (.data.gHwiConfig)
                  700572e4    00000004     ti_drivers_config.o (.data.gUartConfigNum)
                  700572e8    00000004     ti_drivers_config.o (.data.gUartDmaConfigNum)
                  700572ec    00000001     libc.a : memory.c.obj (.data.memory_is_initialized)
                  700572ed    00000003     --HOLE-- [fill = 0]

.irqstack 
*          0    700572f0    00000100     UNINITIALIZED
                  700572f0    00000100     --HOLE--

.fiqstack 
*          0    700573f0    00000100     UNINITIALIZED
                  700573f0    00000100     --HOLE--

.svcstack 
*          0    700574f0    00001000     UNINITIALIZED
                  700574f0    00001000     --HOLE--

.abortstack 
*          0    700584f0    00000100     UNINITIALIZED
                  700584f0    00000100     --HOLE--

.undefinedstack 
*          0    700585f0    00000100     UNINITIALIZED
                  700585f0    00000100     --HOLE--

.init_array 
*          0    70040000    00000000     UNINITIALIZED

MODULE SUMMARY

       Module                                code    ro data   rw data
       ------                                ----    -------   -------
    .\
       demo_interrupt.o                      798     352       40     
       main.o                                38      0         0      
       board.o                               8       0         0      
    +--+-------------------------------------+-------+---------+---------+
       Total:                                844     352       40     
                                                                      
    .\syscfg\
       ti_drivers_config.o                   52      0         664    
       ti_drivers_open_close.o               350     70        88     
       ti_power_clock_config.o               264     0         32     
       ti_dpl_config.o                       110     84        24     
       ti_pinmux_config.o                    18      0         32     
       ti_board_open_close.o                 14      0         0      
       ti_board_config.o                     4       0         0      
    +--+-------------------------------------+-------+---------+---------+
       Total:                                812     154       840    
                                                                      
    C:/ti/mcu_plus_sdk_am263x_08_05_00_24/source/drivers/lib/drivers.am263x.r5f.ti-arm-clang.debug.lib
       uart_v0.obj                           7326    309       156    
       soc_rcm.obj                           4848    1159      288    
       soc.obj                               772     0         0      
       uart_dma.obj                          456     75        0      
       gpio.obj                              378     0         0      
       pinmux.obj                            210     0         0      
    +--+-------------------------------------+-------+---------+---------+
       Total:                                13990   1543      444    
                                                                      
    C:/ti/mcu_plus_sdk_am263x_08_05_00_24/source/kernel/nortos/lib/nortos.am263x.r5f.ti-arm-clang.debug.lib
       printf.obj                            6684    98        0      
       HwiP_armv7r_vim.obj                   1464    0         4108   
       ClockP_nortos.obj                     1180    90        56     
       HwiP_armv7r_handlers_nortos.obj       984     0         0      
       TimerP_rti.obj                        696     183       0      
       CacheP_armv7r_asm.obj                 832     0         0      
       SemaphoreP_nortos.obj                 528     107       0      
       MpuP_armv7r.obj                       582     0         0      
       ClockP_nortos_r5.obj                  402     172       0      
       CacheP_armv7r.obj                     344     8         0      
       boot_armv7r_asm.obj                   252     0         0      
       DebugP_log.obj                        202     45        4      
       PmuP_armv7r.obj                       162     0         8      
       DebugP_uartLogWriter.obj              124     0         4      
       HwiP_armv7r_handlers_nortos_asm.obj   120     0         0      
       MpuP_armv7r_asm.obj                   120     0         0      
       HwiP_armv7r_asm.obj                   112     0         0      
       DebugP_nortos.obj                     68      0         0      
       HwiP_armv7r_vectors_nortos_asm.obj    64      0         0      
       PmuP_armv7r_asm.obj                   48      0         0      
       boot_armv7r.obj                       36      0         0      
       AddrTranslateP_null.obj               16      0         0      
       TaskP_nortos.obj                      2       0         0      
    +--+-------------------------------------+-------+---------+---------+
       Total:                                15022   703       4180   
                                                                      
    C:\ti\ccs1200\ccs\tools\compiler\ti-cgt-armllvm_2.1.0.LTS\lib\armv7r-ti-none-eabihf/c/libc.a
       memory.c.obj                          1172    0         5      
       defs.c.obj                            0       0         404    
       setvbuf.c.obj                         324     0         0      
       getdevice.c.obj                       308     0         0      
       fputc.c.obj                           248     0         0      
       fseek.c.obj                           184     0         0      
       fclose.c.obj                          180     0         0      
       _io_perm.c.obj                        156     0         0      
       fflush.c.obj                          136     0         0      
       exit.c.obj                            92      0         8      
       fopen.c.obj                           88      0         0      
       autoinit.c.obj                        80      0         0      
       _lock.c.obj                           4       0         8      
    +--+-------------------------------------+-------+---------+---------+
       Total:                                2972    0         425    
                                                                      
    C:\ti\ccs1200\ccs\tools\compiler\ti-cgt-armllvm_2.1.0.LTS\lib\armv7r-ti-none-eabihf/c/libsysbm.a
       trgmsg.c.obj                          176     0         288    
       hostrename.c.obj                      208     0         0      
       host_device.c.obj                     0       0         200    
       hostopen.c.obj                        148     0         8      
       hostlseek.c.obj                       152     0         0      
       close.c.obj                           140     0         0      
       hostread.c.obj                        132     0         0      
       hostwrite.c.obj                       132     0         0      
       hostunlink.c.obj                      108     0         0      
       hostclose.c.obj                       96      0         0      
       unlink.c.obj                          72      0         0      
       lseek.c.obj                           52      0         0      
       write.c.obj                           52      0         0      
       memcpy32.S.obj                        28      0         0      
       memset32.S.obj                        24      0         0      
       remove.c.obj                          4       0         0      
    +--+-------------------------------------+-------+---------+---------+
       Total:                                1524    0         496    
                                                                      
    C:\ti\ccs1200\ccs\tools\compiler\ti-cgt-armllvm_2.1.0.LTS\lib\clang/14.0.5/lib/armv7r-ti-none-eabihf/libclang_rt.builtins.a
       udivmoddi4.S.obj                      280     0         0      
       aeabi_uldivmod.S.obj                  36      0         0      
       aeabi_memset.S.obj                    28      0         0      
       aeabi_div0.c.obj                      4       0         0      
       aeabi_memcpy.S.obj                    4       0         0      
    +--+-------------------------------------+-------+---------+---------+
       Total:                                352     0         0      
                                                                      
       Heap:                                 0       0         32768  
       Stack:                                0       0         16384  
    +--+-------------------------------------+-------+---------+---------+
       Grand Total:                          35516   2752      55577  


GLOBAL SYMBOLS: SORTED ALPHABETICALLY BY Name 

address   name                              
-------   ----                              
70054e81  AddrTranslateP_getLocalAddr       
70055021  Board_deinit                      
70055031  Board_driversClose                
70054f51  Board_driversOpen                 
70055001  Board_getGpioButtonSwitchNum      
70055041  Board_gpioDeinit                  
70055051  Board_gpioInit                    
70055061  Board_init                        
70056e80  C$$EXIT                           
70053a74  C$$IO$$                           
700568f0  CacheP_configForceWrThru          
700569b1  CacheP_disable                    
700565e0  CacheP_disableL1d                 
70056608  CacheP_disableL1p                 
70056a01  CacheP_enable                     
70056620  CacheP_enableL1d                  
70056638  CacheP_enableL1p                  
700568e4  CacheP_getCacheLevelInfo          
700568ac  CacheP_getEnabled                 
70056921  CacheP_init                       
70056a41  CacheP_inv                        
70056650  CacheP_invL1d                     
700566c4  CacheP_invL1dAll                  
70056688  CacheP_invL1p                     
700566cc  CacheP_invL1pAll                  
70056910  CacheP_setDLFO                    
700566d4  CacheP_wb                         
7005674c  CacheP_wbAll                      
70056710  CacheP_wbInv                      
700567f4  CacheP_wbInvAll                   
7005680c  CacheP_wbInvAllAsm                
70054b11  ClockP_Params_init                
700533c1  ClockP_construct                  
70052731  ClockP_destruct                   
70054f71  ClockP_getTicks                   
70052e91  ClockP_getTimeUsec                
70054ed1  ClockP_getTimerCount              
700508f1  ClockP_init                       
70054d31  ClockP_isActive                   
70054631  ClockP_sleep                      
700541c1  ClockP_start                      
700520d1  ClockP_stop                       
70054ee1  ClockP_timerClearOverflowInt      
70052251  ClockP_timerTickIsr               
700547a0  CycleCounterP_getCount32          
70052931  CycleCounterP_init                
70052951  CycleCounterP_nsToTicks           
70052991  CycleCounterP_reset               
70054831  DebugP_logZoneEnable              
700542a1  DebugP_uartLogWriterPutChar       
70054dd1  DebugP_uartSetDrvIndex            
70055071  Dpl_deinit                        
70053f91  Dpl_init                          
70054fb1  Drivers_close                     
70054df1  Drivers_gpioIntXbarOpen           
70054f81  Drivers_open                      
70053b91  Drivers_uartClose                 
70054fc1  Drivers_uartInit                  
70052521  Drivers_uartOpen                  
70054b31  GPIO_bankIntrDisable              
70054b51  GPIO_bankIntrEnable               
70053c81  GPIO_setDirMode                   
70051a31  GPIO_setTrigType                  
700536d4  HOSTclose                         
70052ba8  HOSTlseek                         
70052cd8  HOSTopen                          
70053028  HOSTread                          
700529d4  HOSTrename                        
700534b0  HOSTunlink                        
700530ac  HOSTwrite                         
70055cb1  HwiP_Params_init                  
70055c31  HwiP_clearInt                     
70055ce1  HwiP_construct                    
700564a1  HwiP_data_abort_handler           
70055ee1  HwiP_destruct                     
70056570  HwiP_disable                      
70056580  HwiP_disableFIQ                   
70055ba1  HwiP_disableInt                   
700565c8  HwiP_disableVIC                   
70056590  HwiP_enable                       
700565a0  HwiP_enableFIQ                    
70055b61  HwiP_enableInt                    
700565b8  HwiP_enableVIC                    
70056261  HwiP_fiq_handler                  
700565d8  HwiP_getCPSR                      
700560c1  HwiP_inISR                        
70055f51  HwiP_init                         
700564f8  HwiP_irq_handler                  
70056121  HwiP_irq_handler_c                
70055c71  HwiP_post                         
70056461  HwiP_prefetch_abort_handler       
700563a1  HwiP_reserved_handler             
700565b0  HwiP_restore                      
70055c01  HwiP_restoreInt                   
70056421  HwiP_svc_handler                  
700563e1  HwiP_undefined_handler            
70053d21  Module_clockDisable               
70053d71  Module_clockEnable                
70053801  Module_clockSetFrequency          
70056a81  MpuP_RegionAttrs_init             
70056be1  MpuP_disable                      
70056cc8  MpuP_disableAsm                   
70056ce0  MpuP_disableBRAsm                 
70056ba1  MpuP_enable                       
70056cf0  MpuP_enableAsm                    
70056d08  MpuP_enableBRAsm                  
70056c31  MpuP_init                         
70056c21  MpuP_isEnable                     
70056d18  MpuP_isEnableAsm                  
70056ab1  MpuP_setRegion                    
70056d2c  MpuP_setRegionAsm                 
70053be1  Pinmux_config                     
70054e61  Pinmux_init                       
700547c8  PmuP_clearOverflowStatus          
700547b8  PmuP_disableCounters              
700547b0  PmuP_enableCounters               
700547c0  PmuP_getOverflowStatus            
700547a8  PmuP_setup                        
70054fd1  PowerClock_deinit                 
70054f91  PowerClock_init                   
700510e1  SOC_controlModuleLockMMR          
70050a71  SOC_controlModuleUnlockMMR        
70054b71  SOC_getSelfCpuClk                 
70054b91  SOC_moduleClockEnable             
70054421  SOC_moduleSetClockFrequency       
7004e471  SOC_rcmEnablePeripheralClock      
70050fb1  SOC_rcmGetPeripheralClockFrequency
70053601  SOC_rcmGetR5Clock                 
70052471  SOC_rcmSetPeripheralClock         
70054c81  SemaphoreP_Params_init            
70053a81  SemaphoreP_construct              
70054861  SemaphoreP_constructBinary        
70054a11  SemaphoreP_constructMutex         
70054ff1  SemaphoreP_destruct               
70051671  SemaphoreP_pend                   
70053861  SemaphoreP_post                   
70054f21  System_deinit                     
70054bd1  System_init                       
70054c28  TI_memcpy_small                   
70054d18  TI_memset_small                   
70055081  TaskP_yield                       
70054561  TimerP_Params_init                
70054e31  TimerP_clearOverflowInt           
700546b1  TimerP_getCount                   
70054ca1  TimerP_getReloadCount             
7004fcb1  TimerP_setup                      
70054d51  TimerP_start                      
70054d71  TimerP_stop                       
70050411  UART_close                        
700547d1  UART_deinit                       
700531c1  UART_dmaClose                     
70053131  UART_dmaDisableChannel            
70053441  UART_dmaOpen                      
70051cd1  UART_flushTxFifo                  
70053cd1  UART_getHandle                    
70052191  UART_init                         
7004f361  UART_open                         
7004feb1  UART_write                        
70053ae1  UART_writeInterruptDma            
70041288  _CIOBUF_                          
70053341  _DebugP_assert                    
70056e41  _DebugP_assertNoLog               
70054121  _DebugP_logZone                   
700585f0  __ABORT_STACK_END                 
00000100  __ABORT_STACK_SIZE                
700584f0  __ABORT_STACK_START               
700414b8  __BSS_END                         
70040000  __BSS_START                       
70041288  __CIOBUF_                         
700574f0  __FIQ_STACK_END                   
00000100  __FIQ_STACK_SIZE                  
700573f0  __FIQ_STACK_START                 
700573f0  __IRQ_STACK_END                   
00000100  __IRQ_STACK_SIZE                  
700572f0  __IRQ_STACK_START                 
7004d4b8  __STACK_END                       
00004000  __STACK_SIZE                      
700584f0  __SVC_STACK_END                   
00001000  __SVC_STACK_SIZE                  
700574f0  __SVC_STACK_START                 
00008000  __SYSMEM_SIZE                     
UNDEFED   __TI_CINIT_Base                   
UNDEFED   __TI_CINIT_Limit                  
UNDEFED   __TI_Handler_Table_Base           
UNDEFED   __TI_Handler_Table_Limit          
70053c30  __TI_auto_init_nobinit_nopinit    
70053978  __TI_cleanup                      
7005729c  __TI_cleanup_ptr                  
70052308  __TI_closefile                    
70052f18  __TI_doflush                      
700572a0  __TI_dtors_ptr                    
700572bc  __TI_ft_end                       
ffffffff  __TI_pprof_out_hndl               
ffffffff  __TI_prof_data_size               
ffffffff  __TI_prof_data_start              
700539d0  __TI_readmsg                      
00000000  __TI_static_base__                
700413a8  __TI_tmpnams                      
70053a28  __TI_writemsg                     
70052a74  __TI_wrt_ok                       
700586f0  __UNDEFINED_STACK_END             
00000100  __UNDEFINED_STACK_SIZE            
700585f0  __UNDEFINED_STACK_START           
70055010  __aeabi_ldiv0                     
70054c54  __aeabi_memclr                    
70054c54  __aeabi_memclr4                   
70054c54  __aeabi_memclr8                   
7004f35c  __aeabi_memcpy                    
7004f35c  __aeabi_memcpy4                   
7004f35c  __aeabi_memcpy8                   
70054c44  __aeabi_memset                    
70054c44  __aeabi_memset4                   
70054c44  __aeabi_memset8                   
70054a94  __aeabi_uldivmod                  
ffffffff  __binit__                         
70056e71  __mpu_init                        
700494b8  __stack                           
70051208  __udivmoddi4                      
70056d64  _c_int00                          
70056d40  _c_int00_sbl                      
70057014  _device                           
70056e88  _ftable                           
700572c8  _lock                             
7004e9b8  _nop                              
700570e0  _stream                           
700414b8  _sys_memory                       
UNDEFED   _system_post_cinit                
70054a71  _system_pre_init                  
700572cc  _unlock                           
00000000  _vectors                          
70056e80  abort                             
700500a0  aligned_alloc                     
ffffffff  binit                             
70052e04  close                             
700505c1  demo_interrupt_main               
70053b34  exit                              
7005351c  finddevice                        
7005193c  fputc                             
70050258  free                              
7004e9bc  fseek                             
700523bc  fseeko                            
70055aac  gADPLLJConfigTbl                  
70055982  gCR5ClkSrcInfoMap                 
70055b40  gCacheConfig                      
70055984  gCacheL1dCacheLineSize            
70055b50  gCacheL1pCacheLineSize            
70057288  gClockConfig                      
70041448  gClockCtrl                        
700572d0  gDebugLogZone                     
700572d4  gDebugP_uartDrvIndex              
700572d8  gGpioBaseAddr                     
70041480  gGpioHwiObject                    
700572dc  gGpioIntrDone                     
700572e0  gHwiConfig                        
70040000  gHwiCtrl                          
70055b34  gMpuConfig                        
70055a6c  gMpuRegionConfig                  
70055b09  gPeripheralClkSrcInfoMap          
700572a4  gSocModules                       
70057258  gSocModulesClockFrequency         
700572b4  gUartConfig                       
700572e4  gUartConfigNum                    
70056e88  gUartDmaConfig                    
700572e8  gUartDmaConfigNum                 
700414b0  gUartHandle                       
7005708c  gUartParams                       
70055b48  gXTALInfo                         
70051d9c  getdevice                         
700545c8  lseek                             
700549e1  main                              
7004def4  malloc                            
700500a0  memalign                          
700414a0  parmbuf                           
70054f40  putchar                           
70054bf1  putchar_                          
7004f358  remove                            
70050d20  setvbuf                           
70053ef8  unlink                            
700549b1  vprintf_                          
700545fc  write                             


GLOBAL SYMBOLS: SORTED BY Symbol Address 

address   name                              
-------   ----                              
00000000  __TI_static_base__                
00000000  _vectors                          
00000100  __ABORT_STACK_SIZE                
00000100  __FIQ_STACK_SIZE                  
00000100  __IRQ_STACK_SIZE                  
00000100  __UNDEFINED_STACK_SIZE            
00001000  __SVC_STACK_SIZE                  
00004000  __STACK_SIZE                      
00008000  __SYSMEM_SIZE                     
70040000  __BSS_START                       
70040000  gHwiCtrl                          
70041288  _CIOBUF_                          
70041288  __CIOBUF_                         
700413a8  __TI_tmpnams                      
70041448  gClockCtrl                        
70041480  gGpioHwiObject                    
700414a0  parmbuf                           
700414b0  gUartHandle                       
700414b8  __BSS_END                         
700414b8  _sys_memory                       
700494b8  __stack                           
7004d4b8  __STACK_END                       
7004def4  malloc                            
7004e471  SOC_rcmEnablePeripheralClock      
7004e9b8  _nop                              
7004e9bc  fseek                             
7004f358  remove                            
7004f35c  __aeabi_memcpy                    
7004f35c  __aeabi_memcpy4                   
7004f35c  __aeabi_memcpy8                   
7004f361  UART_open                         
7004fcb1  TimerP_setup                      
7004feb1  UART_write                        
700500a0  aligned_alloc                     
700500a0  memalign                          
70050258  free                              
70050411  UART_close                        
700505c1  demo_interrupt_main               
700508f1  ClockP_init                       
70050a71  SOC_controlModuleUnlockMMR        
70050d20  setvbuf                           
70050fb1  SOC_rcmGetPeripheralClockFrequency
700510e1  SOC_controlModuleLockMMR          
70051208  __udivmoddi4                      
70051671  SemaphoreP_pend                   
7005193c  fputc                             
70051a31  GPIO_setTrigType                  
70051cd1  UART_flushTxFifo                  
70051d9c  getdevice                         
700520d1  ClockP_stop                       
70052191  UART_init                         
70052251  ClockP_timerTickIsr               
70052308  __TI_closefile                    
700523bc  fseeko                            
70052471  SOC_rcmSetPeripheralClock         
70052521  Drivers_uartOpen                  
70052731  ClockP_destruct                   
70052931  CycleCounterP_init                
70052951  CycleCounterP_nsToTicks           
70052991  CycleCounterP_reset               
700529d4  HOSTrename                        
70052a74  __TI_wrt_ok                       
70052ba8  HOSTlseek                         
70052cd8  HOSTopen                          
70052e04  close                             
70052e91  ClockP_getTimeUsec                
70052f18  __TI_doflush                      
70053028  HOSTread                          
700530ac  HOSTwrite                         
70053131  UART_dmaDisableChannel            
700531c1  UART_dmaClose                     
70053341  _DebugP_assert                    
700533c1  ClockP_construct                  
70053441  UART_dmaOpen                      
700534b0  HOSTunlink                        
7005351c  finddevice                        
70053601  SOC_rcmGetR5Clock                 
700536d4  HOSTclose                         
70053801  Module_clockSetFrequency          
70053861  SemaphoreP_post                   
70053978  __TI_cleanup                      
700539d0  __TI_readmsg                      
70053a28  __TI_writemsg                     
70053a74  C$$IO$$                           
70053a81  SemaphoreP_construct              
70053ae1  UART_writeInterruptDma            
70053b34  exit                              
70053b91  Drivers_uartClose                 
70053be1  Pinmux_config                     
70053c30  __TI_auto_init_nobinit_nopinit    
70053c81  GPIO_setDirMode                   
70053cd1  UART_getHandle                    
70053d21  Module_clockDisable               
70053d71  Module_clockEnable                
70053ef8  unlink                            
70053f91  Dpl_init                          
70054121  _DebugP_logZone                   
700541c1  ClockP_start                      
700542a1  DebugP_uartLogWriterPutChar       
70054421  SOC_moduleSetClockFrequency       
70054561  TimerP_Params_init                
700545c8  lseek                             
700545fc  write                             
70054631  ClockP_sleep                      
700546b1  TimerP_getCount                   
700547a0  CycleCounterP_getCount32          
700547a8  PmuP_setup                        
700547b0  PmuP_enableCounters               
700547b8  PmuP_disableCounters              
700547c0  PmuP_getOverflowStatus            
700547c8  PmuP_clearOverflowStatus          
700547d1  UART_deinit                       
70054831  DebugP_logZoneEnable              
70054861  SemaphoreP_constructBinary        
700549b1  vprintf_                          
700549e1  main                              
70054a11  SemaphoreP_constructMutex         
70054a71  _system_pre_init                  
70054a94  __aeabi_uldivmod                  
70054b11  ClockP_Params_init                
70054b31  GPIO_bankIntrDisable              
70054b51  GPIO_bankIntrEnable               
70054b71  SOC_getSelfCpuClk                 
70054b91  SOC_moduleClockEnable             
70054bd1  System_init                       
70054bf1  putchar_                          
70054c28  TI_memcpy_small                   
70054c44  __aeabi_memset                    
70054c44  __aeabi_memset4                   
70054c44  __aeabi_memset8                   
70054c54  __aeabi_memclr                    
70054c54  __aeabi_memclr4                   
70054c54  __aeabi_memclr8                   
70054c81  SemaphoreP_Params_init            
70054ca1  TimerP_getReloadCount             
70054d18  TI_memset_small                   
70054d31  ClockP_isActive                   
70054d51  TimerP_start                      
70054d71  TimerP_stop                       
70054dd1  DebugP_uartSetDrvIndex            
70054df1  Drivers_gpioIntXbarOpen           
70054e31  TimerP_clearOverflowInt           
70054e61  Pinmux_init                       
70054e81  AddrTranslateP_getLocalAddr       
70054ed1  ClockP_getTimerCount              
70054ee1  ClockP_timerClearOverflowInt      
70054f21  System_deinit                     
70054f40  putchar                           
70054f51  Board_driversOpen                 
70054f71  ClockP_getTicks                   
70054f81  Drivers_open                      
70054f91  PowerClock_init                   
70054fb1  Drivers_close                     
70054fc1  Drivers_uartInit                  
70054fd1  PowerClock_deinit                 
70054ff1  SemaphoreP_destruct               
70055001  Board_getGpioButtonSwitchNum      
70055010  __aeabi_ldiv0                     
70055021  Board_deinit                      
70055031  Board_driversClose                
70055041  Board_gpioDeinit                  
70055051  Board_gpioInit                    
70055061  Board_init                        
70055071  Dpl_deinit                        
70055081  TaskP_yield                       
70055982  gCR5ClkSrcInfoMap                 
70055984  gCacheL1dCacheLineSize            
70055a6c  gMpuRegionConfig                  
70055aac  gADPLLJConfigTbl                  
70055b09  gPeripheralClkSrcInfoMap          
70055b34  gMpuConfig                        
70055b40  gCacheConfig                      
70055b48  gXTALInfo                         
70055b50  gCacheL1pCacheLineSize            
70055b61  HwiP_enableInt                    
70055ba1  HwiP_disableInt                   
70055c01  HwiP_restoreInt                   
70055c31  HwiP_clearInt                     
70055c71  HwiP_post                         
70055cb1  HwiP_Params_init                  
70055ce1  HwiP_construct                    
70055ee1  HwiP_destruct                     
70055f51  HwiP_init                         
700560c1  HwiP_inISR                        
70056121  HwiP_irq_handler_c                
70056261  HwiP_fiq_handler                  
700563a1  HwiP_reserved_handler             
700563e1  HwiP_undefined_handler            
70056421  HwiP_svc_handler                  
70056461  HwiP_prefetch_abort_handler       
700564a1  HwiP_data_abort_handler           
700564f8  HwiP_irq_handler                  
70056570  HwiP_disable                      
70056580  HwiP_disableFIQ                   
70056590  HwiP_enable                       
700565a0  HwiP_enableFIQ                    
700565b0  HwiP_restore                      
700565b8  HwiP_enableVIC                    
700565c8  HwiP_disableVIC                   
700565d8  HwiP_getCPSR                      
700565e0  CacheP_disableL1d                 
70056608  CacheP_disableL1p                 
70056620  CacheP_enableL1d                  
70056638  CacheP_enableL1p                  
70056650  CacheP_invL1d                     
70056688  CacheP_invL1p                     
700566c4  CacheP_invL1dAll                  
700566cc  CacheP_invL1pAll                  
700566d4  CacheP_wb                         
70056710  CacheP_wbInv                      
7005674c  CacheP_wbAll                      
700567f4  CacheP_wbInvAll                   
7005680c  CacheP_wbInvAllAsm                
700568ac  CacheP_getEnabled                 
700568e4  CacheP_getCacheLevelInfo          
700568f0  CacheP_configForceWrThru          
70056910  CacheP_setDLFO                    
70056921  CacheP_init                       
700569b1  CacheP_disable                    
70056a01  CacheP_enable                     
70056a41  CacheP_inv                        
70056a81  MpuP_RegionAttrs_init             
70056ab1  MpuP_setRegion                    
70056ba1  MpuP_enable                       
70056be1  MpuP_disable                      
70056c21  MpuP_isEnable                     
70056c31  MpuP_init                         
70056cc8  MpuP_disableAsm                   
70056ce0  MpuP_disableBRAsm                 
70056cf0  MpuP_enableAsm                    
70056d08  MpuP_enableBRAsm                  
70056d18  MpuP_isEnableAsm                  
70056d2c  MpuP_setRegionAsm                 
70056d40  _c_int00_sbl                      
70056d64  _c_int00                          
70056e41  _DebugP_assertNoLog               
70056e71  __mpu_init                        
70056e80  C$$EXIT                           
70056e80  abort                             
70056e88  _ftable                           
70056e88  gUartDmaConfig                    
70057014  _device                           
7005708c  gUartParams                       
700570e0  _stream                           
70057258  gSocModulesClockFrequency         
70057288  gClockConfig                      
7005729c  __TI_cleanup_ptr                  
700572a0  __TI_dtors_ptr                    
700572a4  gSocModules                       
700572b4  gUartConfig                       
700572bc  __TI_ft_end                       
700572c8  _lock                             
700572cc  _unlock                           
700572d0  gDebugLogZone                     
700572d4  gDebugP_uartDrvIndex              
700572d8  gGpioBaseAddr                     
700572dc  gGpioIntrDone                     
700572e0  gHwiConfig                        
700572e4  gUartConfigNum                    
700572e8  gUartDmaConfigNum                 
700572f0  __IRQ_STACK_START                 
700573f0  __FIQ_STACK_START                 
700573f0  __IRQ_STACK_END                   
700574f0  __FIQ_STACK_END                   
700574f0  __SVC_STACK_START                 
700584f0  __ABORT_STACK_START               
700584f0  __SVC_STACK_END                   
700585f0  __ABORT_STACK_END                 
700585f0  __UNDEFINED_STACK_START           
700586f0  __UNDEFINED_STACK_END             
ffffffff  __TI_pprof_out_hndl               
ffffffff  __TI_prof_data_size               
ffffffff  __TI_prof_data_start              
ffffffff  __binit__                         
ffffffff  binit                             
UNDEFED   __TI_CINIT_Base                   
UNDEFED   __TI_CINIT_Limit                  
UNDEFED   __TI_Handler_Table_Base           
UNDEFED   __TI_Handler_Table_Limit          
UNDEFED   _system_post_cinit                

[280 symbols]
