<?xml version="1.0" encoding="ISO-8859-1" ?>
<link_info>
   <banner>TI ARM Clang Linker PC v1.3.1.LTS</banner>
   <copyright>Copyright (c) 1996-2018 Texas Instruments Incorporated</copyright>
   <link_time>0x645d0227</link_time>
   <link_errors>0x0</link_errors>
   <output_file>demo_position.out</output_file>
   <entry_point>
      <name>_vectors</name>
      <address>0x0</address>
   </entry_point>
   <input_file_list>
      <input_file id="fl-1">
         <path>.\</path>
         <kind>object</kind>
         <file>demo_position.o</file>
         <name>demo_position.o</name>
      </input_file>
      <input_file id="fl-2">
         <path>.\syscfg\</path>
         <kind>object</kind>
         <file>ti_dpl_config.o</file>
         <name>ti_dpl_config.o</name>
      </input_file>
      <input_file id="fl-3">
         <path>.\syscfg\</path>
         <kind>object</kind>
         <file>ti_drivers_config.o</file>
         <name>ti_drivers_config.o</name>
      </input_file>
      <input_file id="fl-4">
         <path>.\syscfg\</path>
         <kind>object</kind>
         <file>ti_drivers_open_close.o</file>
         <name>ti_drivers_open_close.o</name>
      </input_file>
      <input_file id="fl-5">
         <path>.\syscfg\</path>
         <kind>object</kind>
         <file>ti_pinmux_config.o</file>
         <name>ti_pinmux_config.o</name>
      </input_file>
      <input_file id="fl-6">
         <path>.\syscfg\</path>
         <kind>object</kind>
         <file>ti_power_clock_config.o</file>
         <name>ti_power_clock_config.o</name>
      </input_file>
      <input_file id="fl-7">
         <path>.\syscfg\</path>
         <kind>object</kind>
         <file>ti_board_config.o</file>
         <name>ti_board_config.o</name>
      </input_file>
      <input_file id="fl-8">
         <path>.\syscfg\</path>
         <kind>object</kind>
         <file>ti_board_open_close.o</file>
         <name>ti_board_open_close.o</name>
      </input_file>
      <input_file id="fl-9">
         <path>.\syscfg\</path>
         <kind>object</kind>
         <file>ti_enet_config.o</file>
         <name>ti_enet_config.o</name>
      </input_file>
      <input_file id="fl-a">
         <path>.\syscfg\</path>
         <kind>object</kind>
         <file>ti_enet_open_close.o</file>
         <name>ti_enet_open_close.o</name>
      </input_file>
      <input_file id="fl-b">
         <path>.\</path>
         <kind>object</kind>
         <file>main.o</file>
         <name>main.o</name>
      </input_file>
      <input_file id="fl-19">
         <kind>object</kind>
         <file>&lt;internal&gt;</file>
         <name>&lt;internal&gt;</name>
      </input_file>
      <input_file id="fl-1a">
         <path>C:\ti\mcu_plus_sdk_am263x_08_03_01_05\source\kernel\nortos\lib\</path>
         <kind>archive</kind>
         <file>nortos.am263x.r5f.ti-arm-clang.debug.lib</file>
         <name>AddrTranslateP_null.obj</name>
      </input_file>
      <input_file id="fl-1b">
         <path>C:\ti\mcu_plus_sdk_am263x_08_03_01_05\source\kernel\nortos\lib\</path>
         <kind>archive</kind>
         <file>nortos.am263x.r5f.ti-arm-clang.debug.lib</file>
         <name>DebugP_uartLogWriter.obj</name>
      </input_file>
      <input_file id="fl-1c">
         <path>C:\ti\mcu_plus_sdk_am263x_08_03_01_05\source\kernel\nortos\lib\</path>
         <kind>archive</kind>
         <file>nortos.am263x.r5f.ti-arm-clang.debug.lib</file>
         <name>DebugP_log.obj</name>
      </input_file>
      <input_file id="fl-1d">
         <path>C:\ti\mcu_plus_sdk_am263x_08_03_01_05\source\kernel\nortos\lib\</path>
         <kind>archive</kind>
         <file>nortos.am263x.r5f.ti-arm-clang.debug.lib</file>
         <name>DebugP_nortos.obj</name>
      </input_file>
      <input_file id="fl-1e">
         <path>C:\ti\mcu_plus_sdk_am263x_08_03_01_05\source\kernel\nortos\lib\</path>
         <kind>archive</kind>
         <file>nortos.am263x.r5f.ti-arm-clang.debug.lib</file>
         <name>SemaphoreP_nortos.obj</name>
      </input_file>
      <input_file id="fl-1f">
         <path>C:\ti\mcu_plus_sdk_am263x_08_03_01_05\source\kernel\nortos\lib\</path>
         <kind>archive</kind>
         <file>nortos.am263x.r5f.ti-arm-clang.debug.lib</file>
         <name>ClockP_nortos.obj</name>
      </input_file>
      <input_file id="fl-20">
         <path>C:\ti\mcu_plus_sdk_am263x_08_03_01_05\source\kernel\nortos\lib\</path>
         <kind>archive</kind>
         <file>nortos.am263x.r5f.ti-arm-clang.debug.lib</file>
         <name>ClockP_nortos_r5.obj</name>
      </input_file>
      <input_file id="fl-21">
         <path>C:\ti\mcu_plus_sdk_am263x_08_03_01_05\source\kernel\nortos\lib\</path>
         <kind>archive</kind>
         <file>nortos.am263x.r5f.ti-arm-clang.debug.lib</file>
         <name>TimerP_rti.obj</name>
      </input_file>
      <input_file id="fl-22">
         <path>C:\ti\mcu_plus_sdk_am263x_08_03_01_05\source\kernel\nortos\lib\</path>
         <kind>archive</kind>
         <file>nortos.am263x.r5f.ti-arm-clang.debug.lib</file>
         <name>HwiP_armv7r_vim.obj</name>
      </input_file>
      <input_file id="fl-23">
         <path>C:\ti\mcu_plus_sdk_am263x_08_03_01_05\source\kernel\nortos\lib\</path>
         <kind>archive</kind>
         <file>nortos.am263x.r5f.ti-arm-clang.debug.lib</file>
         <name>HwiP_armv7r_handlers_nortos.obj</name>
      </input_file>
      <input_file id="fl-24">
         <path>C:\ti\mcu_plus_sdk_am263x_08_03_01_05\source\kernel\nortos\lib\</path>
         <kind>archive</kind>
         <file>nortos.am263x.r5f.ti-arm-clang.debug.lib</file>
         <name>MpuP_armv7r.obj</name>
      </input_file>
      <input_file id="fl-25">
         <path>C:\ti\mcu_plus_sdk_am263x_08_03_01_05\source\kernel\nortos\lib\</path>
         <kind>archive</kind>
         <file>nortos.am263x.r5f.ti-arm-clang.debug.lib</file>
         <name>CacheP_armv7r.obj</name>
      </input_file>
      <input_file id="fl-26">
         <path>C:\ti\mcu_plus_sdk_am263x_08_03_01_05\source\kernel\nortos\lib\</path>
         <kind>archive</kind>
         <file>nortos.am263x.r5f.ti-arm-clang.debug.lib</file>
         <name>printf.obj</name>
      </input_file>
      <input_file id="fl-27">
         <path>C:\ti\mcu_plus_sdk_am263x_08_03_01_05\source\kernel\nortos\lib\</path>
         <kind>archive</kind>
         <file>nortos.am263x.r5f.ti-arm-clang.debug.lib</file>
         <name>HwiP_armv7r_handlers_nortos_asm.obj</name>
      </input_file>
      <input_file id="fl-28">
         <path>C:\ti\mcu_plus_sdk_am263x_08_03_01_05\source\kernel\nortos\lib\</path>
         <kind>archive</kind>
         <file>nortos.am263x.r5f.ti-arm-clang.debug.lib</file>
         <name>HwiP_armv7r_vectors_nortos_asm.obj</name>
      </input_file>
      <input_file id="fl-29">
         <path>C:\ti\mcu_plus_sdk_am263x_08_03_01_05\source\kernel\nortos\lib\</path>
         <kind>archive</kind>
         <file>nortos.am263x.r5f.ti-arm-clang.debug.lib</file>
         <name>boot_armv7r_asm.obj</name>
      </input_file>
      <input_file id="fl-2a">
         <path>C:\ti\mcu_plus_sdk_am263x_08_03_01_05\source\kernel\nortos\lib\</path>
         <kind>archive</kind>
         <file>nortos.am263x.r5f.ti-arm-clang.debug.lib</file>
         <name>HwiP_armv7r_asm.obj</name>
      </input_file>
      <input_file id="fl-2b">
         <path>C:\ti\mcu_plus_sdk_am263x_08_03_01_05\source\kernel\nortos\lib\</path>
         <kind>archive</kind>
         <file>nortos.am263x.r5f.ti-arm-clang.debug.lib</file>
         <name>MpuP_armv7r_asm.obj</name>
      </input_file>
      <input_file id="fl-2c">
         <path>C:\ti\mcu_plus_sdk_am263x_08_03_01_05\source\kernel\nortos\lib\</path>
         <kind>archive</kind>
         <file>nortos.am263x.r5f.ti-arm-clang.debug.lib</file>
         <name>CacheP_armv7r_asm.obj</name>
      </input_file>
      <input_file id="fl-2d">
         <path>C:\ti\mcu_plus_sdk_am263x_08_03_01_05\source\kernel\nortos\lib\</path>
         <kind>archive</kind>
         <file>nortos.am263x.r5f.ti-arm-clang.debug.lib</file>
         <name>boot_armv7r.obj</name>
      </input_file>
      <input_file id="fl-2e">
         <path>C:\ti\mcu_plus_sdk_am263x_08_03_01_05\source\drivers\lib\</path>
         <kind>archive</kind>
         <file>drivers.am263x.r5f.ti-arm-clang.debug.lib</file>
         <name>adc.obj</name>
      </input_file>
      <input_file id="fl-2f">
         <path>C:\ti\mcu_plus_sdk_am263x_08_03_01_05\source\drivers\lib\</path>
         <kind>archive</kind>
         <file>drivers.am263x.r5f.ti-arm-clang.debug.lib</file>
         <name>eqep.obj</name>
      </input_file>
      <input_file id="fl-30">
         <path>C:\ti\mcu_plus_sdk_am263x_08_03_01_05\source\drivers\lib\</path>
         <kind>archive</kind>
         <file>drivers.am263x.r5f.ti-arm-clang.debug.lib</file>
         <name>etpwm.obj</name>
      </input_file>
      <input_file id="fl-31">
         <path>C:\ti\mcu_plus_sdk_am263x_08_03_01_05\source\drivers\lib\</path>
         <kind>archive</kind>
         <file>drivers.am263x.r5f.ti-arm-clang.debug.lib</file>
         <name>gpio.obj</name>
      </input_file>
      <input_file id="fl-32">
         <path>C:\ti\mcu_plus_sdk_am263x_08_03_01_05\source\drivers\lib\</path>
         <kind>archive</kind>
         <file>drivers.am263x.r5f.ti-arm-clang.debug.lib</file>
         <name>pinmux.obj</name>
      </input_file>
      <input_file id="fl-33">
         <path>C:\ti\mcu_plus_sdk_am263x_08_03_01_05\source\drivers\lib\</path>
         <kind>archive</kind>
         <file>drivers.am263x.r5f.ti-arm-clang.debug.lib</file>
         <name>soc.obj</name>
      </input_file>
      <input_file id="fl-34">
         <path>C:\ti\mcu_plus_sdk_am263x_08_03_01_05\source\drivers\lib\</path>
         <kind>archive</kind>
         <file>drivers.am263x.r5f.ti-arm-clang.debug.lib</file>
         <name>soc_rcm.obj</name>
      </input_file>
      <input_file id="fl-35">
         <path>C:\ti\mcu_plus_sdk_am263x_08_03_01_05\source\drivers\lib\</path>
         <kind>archive</kind>
         <file>drivers.am263x.r5f.ti-arm-clang.debug.lib</file>
         <name>uart_v0.obj</name>
      </input_file>
      <input_file id="fl-36">
         <path>C:\ti\mcu_plus_sdk_am263x_08_03_01_05\source\drivers\lib\</path>
         <kind>archive</kind>
         <file>drivers.am263x.r5f.ti-arm-clang.debug.lib</file>
         <name>uart_dma.obj</name>
      </input_file>
      <input_file id="fl-42">
         <path>C:\ti\ti_cgt_tiarmclang_1.3.1.LTS\lib\armv7r-ti-none-eabihf\c\</path>
         <kind>archive</kind>
         <file>libc.a</file>
         <name>fscanf.c.obj</name>
      </input_file>
      <input_file id="fl-43">
         <path>C:\ti\ti_cgt_tiarmclang_1.3.1.LTS\lib\armv7r-ti-none-eabihf\c\</path>
         <kind>archive</kind>
         <file>libc.a</file>
         <name>fgetc.c.obj</name>
      </input_file>
      <input_file id="fl-44">
         <path>C:\ti\ti_cgt_tiarmclang_1.3.1.LTS\lib\armv7r-ti-none-eabihf\c\</path>
         <kind>archive</kind>
         <file>libc.a</file>
         <name>fputc.c.obj</name>
      </input_file>
      <input_file id="fl-45">
         <path>C:\ti\ti_cgt_tiarmclang_1.3.1.LTS\lib\armv7r-ti-none-eabihf\c\</path>
         <kind>archive</kind>
         <file>libc.a</file>
         <name>_bufread.c.obj</name>
      </input_file>
      <input_file id="fl-46">
         <path>C:\ti\ti_cgt_tiarmclang_1.3.1.LTS\lib\armv7r-ti-none-eabihf\c\</path>
         <kind>archive</kind>
         <file>libc.a</file>
         <name>_io_perm.c.obj</name>
      </input_file>
      <input_file id="fl-47">
         <path>C:\ti\ti_cgt_tiarmclang_1.3.1.LTS\lib\armv7r-ti-none-eabihf\c\</path>
         <kind>archive</kind>
         <file>libc.a</file>
         <name>setvbuf.c.obj</name>
      </input_file>
      <input_file id="fl-48">
         <path>C:\ti\ti_cgt_tiarmclang_1.3.1.LTS\lib\armv7r-ti-none-eabihf\c\</path>
         <kind>archive</kind>
         <file>libc.a</file>
         <name>ungetc.c.obj</name>
      </input_file>
      <input_file id="fl-49">
         <path>C:\ti\ti_cgt_tiarmclang_1.3.1.LTS\lib\armv7r-ti-none-eabihf\c\</path>
         <kind>archive</kind>
         <file>libc.a</file>
         <name>aeabi_ctype.S.obj</name>
      </input_file>
      <input_file id="fl-4a">
         <path>C:\ti\ti_cgt_tiarmclang_1.3.1.LTS\lib\armv7r-ti-none-eabihf\c\</path>
         <kind>archive</kind>
         <file>libc.a</file>
         <name>exit.c.obj</name>
      </input_file>
      <input_file id="fl-4b">
         <path>C:\ti\ti_cgt_tiarmclang_1.3.1.LTS\lib\armv7r-ti-none-eabihf\c\</path>
         <kind>archive</kind>
         <file>libc.a</file>
         <name>_lock.c.obj</name>
      </input_file>
      <input_file id="fl-4c">
         <path>C:\ti\ti_cgt_tiarmclang_1.3.1.LTS\lib\armv7r-ti-none-eabihf\c\</path>
         <kind>archive</kind>
         <file>libc.a</file>
         <name>atoi.c.obj</name>
      </input_file>
      <input_file id="fl-4d">
         <path>C:\ti\ti_cgt_tiarmclang_1.3.1.LTS\lib\armv7r-ti-none-eabihf\c\</path>
         <kind>archive</kind>
         <file>libc.a</file>
         <name>defs.c.obj</name>
      </input_file>
      <input_file id="fl-4e">
         <path>C:\ti\ti_cgt_tiarmclang_1.3.1.LTS\lib\armv7r-ti-none-eabihf\c\</path>
         <kind>archive</kind>
         <file>libc.a</file>
         <name>memory.c.obj</name>
      </input_file>
      <input_file id="fl-4f">
         <path>C:\ti\ti_cgt_tiarmclang_1.3.1.LTS\lib\armv7r-ti-none-eabihf\c\</path>
         <kind>archive</kind>
         <file>libc.a</file>
         <name>strcmp.c.obj</name>
      </input_file>
      <input_file id="fl-50">
         <path>C:\ti\ti_cgt_tiarmclang_1.3.1.LTS\lib\armv7r-ti-none-eabihf\c\</path>
         <kind>archive</kind>
         <file>libc.a</file>
         <name>autoinit.c.obj</name>
      </input_file>
      <input_file id="fl-51">
         <path>C:\ti\ti_cgt_tiarmclang_1.3.1.LTS\lib\armv7r-ti-none-eabihf\c\</path>
         <kind>archive</kind>
         <file>libc.a</file>
         <name>cpy_tbl.c.obj</name>
      </input_file>
      <input_file id="fl-52">
         <path>C:\ti\ti_cgt_tiarmclang_1.3.1.LTS\lib\armv7r-ti-none-eabihf\c\</path>
         <kind>archive</kind>
         <file>libc.a</file>
         <name>_scanfi.c.obj</name>
      </input_file>
      <input_file id="fl-53">
         <path>C:\ti\ti_cgt_tiarmclang_1.3.1.LTS\lib\armv7r-ti-none-eabihf\c\</path>
         <kind>archive</kind>
         <file>libc.a</file>
         <name>fflush.c.obj</name>
      </input_file>
      <input_file id="fl-54">
         <path>C:\ti\ti_cgt_tiarmclang_1.3.1.LTS\lib\armv7r-ti-none-eabihf\c\</path>
         <kind>archive</kind>
         <file>libc.a</file>
         <name>fopen.c.obj</name>
      </input_file>
      <input_file id="fl-55">
         <path>C:\ti\ti_cgt_tiarmclang_1.3.1.LTS\lib\armv7r-ti-none-eabihf\c\</path>
         <kind>archive</kind>
         <file>libc.a</file>
         <name>fseek.c.obj</name>
      </input_file>
      <input_file id="fl-56">
         <path>C:\ti\ti_cgt_tiarmclang_1.3.1.LTS\lib\armv7r-ti-none-eabihf\c\</path>
         <kind>archive</kind>
         <file>libc.a</file>
         <name>strtod.c.obj</name>
      </input_file>
      <input_file id="fl-57">
         <path>C:\ti\ti_cgt_tiarmclang_1.3.1.LTS\lib\armv7r-ti-none-eabihf\c\</path>
         <kind>archive</kind>
         <file>libc.a</file>
         <name>strtol.c.obj</name>
      </input_file>
      <input_file id="fl-58">
         <path>C:\ti\ti_cgt_tiarmclang_1.3.1.LTS\lib\armv7r-ti-none-eabihf\c\</path>
         <kind>archive</kind>
         <file>libc.a</file>
         <name>strtoll.c.obj</name>
      </input_file>
      <input_file id="fl-59">
         <path>C:\ti\ti_cgt_tiarmclang_1.3.1.LTS\lib\armv7r-ti-none-eabihf\c\</path>
         <kind>archive</kind>
         <file>libc.a</file>
         <name>strtoul.c.obj</name>
      </input_file>
      <input_file id="fl-5a">
         <path>C:\ti\ti_cgt_tiarmclang_1.3.1.LTS\lib\armv7r-ti-none-eabihf\c\</path>
         <kind>archive</kind>
         <file>libc.a</file>
         <name>strtoull.c.obj</name>
      </input_file>
      <input_file id="fl-5b">
         <path>C:\ti\ti_cgt_tiarmclang_1.3.1.LTS\lib\armv7r-ti-none-eabihf\c\</path>
         <kind>archive</kind>
         <file>libc.a</file>
         <name>fclose.c.obj</name>
      </input_file>
      <input_file id="fl-5c">
         <path>C:\ti\ti_cgt_tiarmclang_1.3.1.LTS\lib\armv7r-ti-none-eabihf\c\</path>
         <kind>archive</kind>
         <file>libc.a</file>
         <name>s_scalbn.c.obj</name>
      </input_file>
      <input_file id="fl-5d">
         <path>C:\ti\ti_cgt_tiarmclang_1.3.1.LTS\lib\armv7r-ti-none-eabihf\c\</path>
         <kind>archive</kind>
         <file>libc.a</file>
         <name>aeabi_portable.c.obj</name>
      </input_file>
      <input_file id="fl-5e">
         <path>C:\ti\ti_cgt_tiarmclang_1.3.1.LTS\lib\armv7r-ti-none-eabihf\c\</path>
         <kind>archive</kind>
         <file>libc.a</file>
         <name>assert.c.obj</name>
      </input_file>
      <input_file id="fl-5f">
         <path>C:\ti\ti_cgt_tiarmclang_1.3.1.LTS\lib\armv7r-ti-none-eabihf\c\</path>
         <kind>archive</kind>
         <file>libc.a</file>
         <name>sprintf.c.obj</name>
      </input_file>
      <input_file id="fl-60">
         <path>C:\ti\ti_cgt_tiarmclang_1.3.1.LTS\lib\armv7r-ti-none-eabihf\c\</path>
         <kind>archive</kind>
         <file>libc.a</file>
         <name>fputs.c.obj</name>
      </input_file>
      <input_file id="fl-61">
         <path>C:\ti\ti_cgt_tiarmclang_1.3.1.LTS\lib\armv7r-ti-none-eabihf\c\</path>
         <kind>archive</kind>
         <file>libc.a</file>
         <name>_printfi.c.obj</name>
      </input_file>
      <input_file id="fl-62">
         <path>C:\ti\ti_cgt_tiarmclang_1.3.1.LTS\lib\armv7r-ti-none-eabihf\c\</path>
         <kind>archive</kind>
         <file>libc.a</file>
         <name>s_frexp.c.obj</name>
      </input_file>
      <input_file id="fl-63">
         <path>C:\ti\ti_cgt_tiarmclang_1.3.1.LTS\lib\armv7r-ti-none-eabihf\c\</path>
         <kind>archive</kind>
         <file>libc.a</file>
         <name>wcslen.c.obj</name>
      </input_file>
      <input_file id="fl-64">
         <path>C:\ti\ti_cgt_tiarmclang_1.3.1.LTS\lib\armv7r-ti-none-eabihf\c\</path>
         <kind>archive</kind>
         <file>libc.a</file>
         <name>_ltoa.c.obj</name>
      </input_file>
      <input_file id="fl-65">
         <path>C:\ti\ti_cgt_tiarmclang_1.3.1.LTS\lib\armv7r-ti-none-eabihf\c\</path>
         <kind>archive</kind>
         <file>libc.a</file>
         <name>memccpy.c.obj</name>
      </input_file>
      <input_file id="fl-9e">
         <path>C:\ti\ti_cgt_tiarmclang_1.3.1.LTS\lib\armv7r-ti-none-eabihf\c\</path>
         <kind>archive</kind>
         <file>libsysbm.a</file>
         <name>write.c.obj</name>
      </input_file>
      <input_file id="fl-9f">
         <path>C:\ti\ti_cgt_tiarmclang_1.3.1.LTS\lib\armv7r-ti-none-eabihf\c\</path>
         <kind>archive</kind>
         <file>libsysbm.a</file>
         <name>host_device.c.obj</name>
      </input_file>
      <input_file id="fl-a0">
         <path>C:\ti\ti_cgt_tiarmclang_1.3.1.LTS\lib\armv7r-ti-none-eabihf\c\</path>
         <kind>archive</kind>
         <file>libsysbm.a</file>
         <name>remove.c.obj</name>
      </input_file>
      <input_file id="fl-a1">
         <path>C:\ti\ti_cgt_tiarmclang_1.3.1.LTS\lib\armv7r-ti-none-eabihf\c\</path>
         <kind>archive</kind>
         <file>libsysbm.a</file>
         <name>read.c.obj</name>
      </input_file>
      <input_file id="fl-a2">
         <path>C:\ti\ti_cgt_tiarmclang_1.3.1.LTS\lib\armv7r-ti-none-eabihf\c\</path>
         <kind>archive</kind>
         <file>libsysbm.a</file>
         <name>open.c.obj</name>
      </input_file>
      <input_file id="fl-a3">
         <path>C:\ti\ti_cgt_tiarmclang_1.3.1.LTS\lib\armv7r-ti-none-eabihf\c\</path>
         <kind>archive</kind>
         <file>libsysbm.a</file>
         <name>lseek.c.obj</name>
      </input_file>
      <input_file id="fl-a4">
         <path>C:\ti\ti_cgt_tiarmclang_1.3.1.LTS\lib\armv7r-ti-none-eabihf\c\</path>
         <kind>archive</kind>
         <file>libsysbm.a</file>
         <name>close.c.obj</name>
      </input_file>
      <input_file id="fl-a5">
         <path>C:\ti\ti_cgt_tiarmclang_1.3.1.LTS\lib\armv7r-ti-none-eabihf\c\</path>
         <kind>archive</kind>
         <file>libsysbm.a</file>
         <name>unlink.c.obj</name>
      </input_file>
      <input_file id="fl-a6">
         <path>C:\ti\ti_cgt_tiarmclang_1.3.1.LTS\lib\armv7r-ti-none-eabihf\c\</path>
         <kind>archive</kind>
         <file>libsysbm.a</file>
         <name>hostclose.c.obj</name>
      </input_file>
      <input_file id="fl-a7">
         <path>C:\ti\ti_cgt_tiarmclang_1.3.1.LTS\lib\armv7r-ti-none-eabihf\c\</path>
         <kind>archive</kind>
         <file>libsysbm.a</file>
         <name>hostlseek.c.obj</name>
      </input_file>
      <input_file id="fl-a8">
         <path>C:\ti\ti_cgt_tiarmclang_1.3.1.LTS\lib\armv7r-ti-none-eabihf\c\</path>
         <kind>archive</kind>
         <file>libsysbm.a</file>
         <name>hostopen.c.obj</name>
      </input_file>
      <input_file id="fl-a9">
         <path>C:\ti\ti_cgt_tiarmclang_1.3.1.LTS\lib\armv7r-ti-none-eabihf\c\</path>
         <kind>archive</kind>
         <file>libsysbm.a</file>
         <name>hostread.c.obj</name>
      </input_file>
      <input_file id="fl-aa">
         <path>C:\ti\ti_cgt_tiarmclang_1.3.1.LTS\lib\armv7r-ti-none-eabihf\c\</path>
         <kind>archive</kind>
         <file>libsysbm.a</file>
         <name>hostrename.c.obj</name>
      </input_file>
      <input_file id="fl-ab">
         <path>C:\ti\ti_cgt_tiarmclang_1.3.1.LTS\lib\armv7r-ti-none-eabihf\c\</path>
         <kind>archive</kind>
         <file>libsysbm.a</file>
         <name>hostunlink.c.obj</name>
      </input_file>
      <input_file id="fl-ac">
         <path>C:\ti\ti_cgt_tiarmclang_1.3.1.LTS\lib\armv7r-ti-none-eabihf\c\</path>
         <kind>archive</kind>
         <file>libsysbm.a</file>
         <name>hostwrite.c.obj</name>
      </input_file>
      <input_file id="fl-ad">
         <path>C:\ti\ti_cgt_tiarmclang_1.3.1.LTS\lib\armv7r-ti-none-eabihf\c\</path>
         <kind>archive</kind>
         <file>libsysbm.a</file>
         <name>trgmsg.c.obj</name>
      </input_file>
      <input_file id="fl-ae">
         <path>C:\ti\ti_cgt_tiarmclang_1.3.1.LTS\lib\clang\12.0.1\lib\armv7r-ti-none-eabihf\</path>
         <kind>archive</kind>
         <file>libclang_rt.builtins.a</file>
         <name>divsi3.S.obj</name>
      </input_file>
      <input_file id="fl-af">
         <path>C:\ti\ti_cgt_tiarmclang_1.3.1.LTS\lib\clang\12.0.1\lib\armv7r-ti-none-eabihf\</path>
         <kind>archive</kind>
         <file>libclang_rt.builtins.a</file>
         <name>udivsi3.S.obj</name>
      </input_file>
      <input_file id="fl-b0">
         <path>C:\ti\ti_cgt_tiarmclang_1.3.1.LTS\lib\clang\12.0.1\lib\armv7r-ti-none-eabihf\</path>
         <kind>archive</kind>
         <file>libclang_rt.builtins.a</file>
         <name>aeabi_div0.c.obj</name>
      </input_file>
      <input_file id="fl-b1">
         <path>C:\ti\ti_cgt_tiarmclang_1.3.1.LTS\lib\clang\12.0.1\lib\armv7r-ti-none-eabihf\</path>
         <kind>archive</kind>
         <file>libclang_rt.builtins.a</file>
         <name>aeabi_memcpy.S.obj</name>
      </input_file>
      <input_file id="fl-b2">
         <path>C:\ti\ti_cgt_tiarmclang_1.3.1.LTS\lib\clang\12.0.1\lib\armv7r-ti-none-eabihf\</path>
         <kind>archive</kind>
         <file>libclang_rt.builtins.a</file>
         <name>aeabi_memset.S.obj</name>
      </input_file>
      <input_file id="fl-b3">
         <path>C:\ti\ti_cgt_tiarmclang_1.3.1.LTS\lib\clang\12.0.1\lib\armv7r-ti-none-eabihf\</path>
         <kind>archive</kind>
         <file>libclang_rt.builtins.a</file>
         <name>aeabi_uldivmod.S.obj</name>
      </input_file>
      <input_file id="fl-b4">
         <path>C:\ti\ti_cgt_tiarmclang_1.3.1.LTS\lib\clang\12.0.1\lib\armv7r-ti-none-eabihf\</path>
         <kind>archive</kind>
         <file>libclang_rt.builtins.a</file>
         <name>udivmoddi4.S.obj</name>
      </input_file>
      <input_file id="fl-b5">
         <path>C:\ti\ti_cgt_tiarmclang_1.3.1.LTS\lib\armv7r-ti-none-eabihf\c\</path>
         <kind>archive</kind>
         <file>libc.a</file>
         <name>getdevice.c.obj</name>
      </input_file>
      <input_file id="fl-b6">
         <path>C:\ti\ti_cgt_tiarmclang_1.3.1.LTS\lib\armv7r-ti-none-eabihf\c\</path>
         <kind>archive</kind>
         <file>libsysbm.a</file>
         <name>memcpy32.S.obj</name>
      </input_file>
      <input_file id="fl-b7">
         <path>C:\ti\ti_cgt_tiarmclang_1.3.1.LTS\lib\armv7r-ti-none-eabihf\c\</path>
         <kind>archive</kind>
         <file>libsysbm.a</file>
         <name>memset32.S.obj</name>
      </input_file>
      <input_file id="fl-b8">
         <path>C:\ti\mcu_plus_sdk_am263x_08_03_01_05\source\kernel\nortos\lib\</path>
         <kind>archive</kind>
         <file>nortos.am263x.r5f.ti-arm-clang.debug.lib</file>
         <name>CpuId_armv7r.obj</name>
      </input_file>
      <input_file id="fl-b9">
         <path>C:\ti\mcu_plus_sdk_am263x_08_03_01_05\source\kernel\nortos\lib\</path>
         <kind>archive</kind>
         <file>nortos.am263x.r5f.ti-arm-clang.debug.lib</file>
         <name>TaskP_nortos.obj</name>
      </input_file>
      <input_file id="fl-ba">
         <path>C:\ti\mcu_plus_sdk_am263x_08_03_01_05\source\kernel\nortos\lib\</path>
         <kind>archive</kind>
         <file>nortos.am263x.r5f.ti-arm-clang.debug.lib</file>
         <name>CpuId_armv7r_asm.obj</name>
      </input_file>
   </input_file_list>
   <object_component_list>
      <object_component id="oc-2a">
         <name>.vectors</name>
         <load_address>0x0</load_address>
         <run_address>0x0</run_address>
         <size>0x40</size>
         <input_file_ref idref="fl-28"/>
      </object_component>
      <object_component id="oc-5e">
         <name>.text.hwi</name>
         <load_address>0x7005dd40</load_address>
         <run_address>0x7005dd40</run_address>
         <size>0x5b8</size>
         <input_file_ref idref="fl-22"/>
      </object_component>
      <object_component id="oc-45">
         <name>.text.hwi</name>
         <load_address>0x7005e300</load_address>
         <run_address>0x7005e300</run_address>
         <size>0x3d8</size>
         <input_file_ref idref="fl-23"/>
      </object_component>
      <object_component id="oc-49">
         <name>.text.hwi</name>
         <load_address>0x7005e6d8</load_address>
         <run_address>0x7005e6d8</run_address>
         <size>0x78</size>
         <input_file_ref idref="fl-27"/>
      </object_component>
      <object_component id="oc-64">
         <name>.text.hwi</name>
         <load_address>0x7005e750</load_address>
         <run_address>0x7005e750</run_address>
         <size>0x70</size>
         <input_file_ref idref="fl-2a"/>
      </object_component>
      <object_component id="oc-9f">
         <name>.text.cache</name>
         <load_address>0x7005e7c0</load_address>
         <run_address>0x7005e7c0</run_address>
         <size>0x340</size>
         <input_file_ref idref="fl-2c"/>
      </object_component>
      <object_component id="oc-6c">
         <name>.text.cache</name>
         <load_address>0x7005eb00</load_address>
         <run_address>0x7005eb00</run_address>
         <size>0x148</size>
         <input_file_ref idref="fl-25"/>
      </object_component>
      <object_component id="oc-70">
         <name>.text.mpu</name>
         <load_address>0x7005ec50</load_address>
         <run_address>0x7005ec50</run_address>
         <size>0x256</size>
         <input_file_ref idref="fl-24"/>
      </object_component>
      <object_component id="oc-a8">
         <name>.text.mpu</name>
         <load_address>0x7005eea8</load_address>
         <run_address>0x7005eea8</run_address>
         <size>0x78</size>
         <input_file_ref idref="fl-2b"/>
      </object_component>
      <object_component id="oc-41">
         <name>.text.boot</name>
         <load_address>0x7005ef20</load_address>
         <run_address>0x7005ef20</run_address>
         <size>0xfc</size>
         <input_file_ref idref="fl-29"/>
      </object_component>
      <object_component id="oc-96">
         <name>.text.boot</name>
         <load_address>0x7005f020</load_address>
         <run_address>0x7005f020</run_address>
         <size>0x24</size>
         <input_file_ref idref="fl-1c"/>
      </object_component>
      <object_component id="oc-4e">
         <name>.text.boot</name>
         <load_address>0x7005f050</load_address>
         <run_address>0x7005f050</run_address>
         <size>0xc</size>
         <input_file_ref idref="fl-2"/>
      </object_component>
      <object_component id="oc-94">
         <name>.text:abort</name>
         <load_address>0x7005f060</load_address>
         <run_address>0x7005f060</run_address>
         <size>0x8</size>
         <input_file_ref idref="fl-4a"/>
      </object_component>
      <object_component id="oc-15f">
         <name>.text.__TI_scanfi</name>
         <load_address>0x70040000</load_address>
         <run_address>0x70040000</run_address>
         <size>0x13b4</size>
         <input_file_ref idref="fl-52"/>
      </object_component>
      <object_component id="oc-29f">
         <name>.text.__aeabi_errno_addr</name>
         <load_address>0x700413b4</load_address>
         <run_address>0x700413b4</run_address>
         <size>0xc</size>
         <input_file_ref idref="fl-5d"/>
      </object_component>
      <object_component id="oc-138">
         <name>.text.Drivers_epwmOpen</name>
         <load_address>0x700413c0</load_address>
         <run_address>0x700413c0</run_address>
         <size>0xd88</size>
         <input_file_ref idref="fl-4"/>
      </object_component>
      <object_component id="oc-162">
         <name>.text._inpchar</name>
         <load_address>0x70042148</load_address>
         <run_address>0x70042148</run_address>
         <size>0x8</size>
         <input_file_ref idref="fl-42"/>
      </object_component>
      <object_component id="oc-24a">
         <name>.text._vsnprintf</name>
         <load_address>0x70042150</load_address>
         <run_address>0x70042150</run_address>
         <size>0xa34</size>
         <input_file_ref idref="fl-26"/>
      </object_component>
      <object_component id="oc-f4">
         <name>.text.getchar</name>
         <load_address>0x70042b84</load_address>
         <run_address>0x70042b84</run_address>
         <size>0xc</size>
         <input_file_ref idref="fl-43"/>
      </object_component>
      <object_component id="oc-2b2">
         <name>.text.SOC_rcmGetClkSrcAndDivReg</name>
         <load_address>0x70042b90</load_address>
         <run_address>0x70042b90</run_address>
         <size>0x574</size>
         <input_file_ref idref="fl-34"/>
      </object_component>
      <object_component id="oc-2d6">
         <name>.text.malloc</name>
         <load_address>0x70043104</load_address>
         <run_address>0x70043104</run_address>
         <size>0xc</size>
         <input_file_ref idref="fl-4e"/>
      </object_component>
      <object_component id="oc-26a">
         <name>.text.SOC_rcmEnablePeripheralClock</name>
         <load_address>0x70043110</load_address>
         <run_address>0x70043110</run_address>
         <size>0x546</size>
         <input_file_ref idref="fl-34"/>
      </object_component>
      <object_component id="oc-16e">
         <name>.text._nop</name>
         <load_address>0x70043658</load_address>
         <run_address>0x70043658</run_address>
         <size>0x4</size>
         <input_file_ref idref="fl-4b"/>
      </object_component>
      <object_component id="oc-32c">
         <name>.text.fseek</name>
         <load_address>0x7004365c</load_address>
         <run_address>0x7004365c</run_address>
         <size>0x4</size>
         <input_file_ref idref="fl-55"/>
      </object_component>
      <object_component id="oc-299">
         <name>.text._ftoa</name>
         <load_address>0x70043660</load_address>
         <run_address>0x70043660</run_address>
         <size>0x526</size>
         <input_file_ref idref="fl-26"/>
      </object_component>
      <object_component id="oc-254">
         <name>.text.strtod</name>
         <load_address>0x70043b88</load_address>
         <run_address>0x70043b88</run_address>
         <size>0x4c4</size>
         <input_file_ref idref="fl-56"/>
      </object_component>
      <object_component id="oc-323">
         <name>.text.remove</name>
         <load_address>0x7004404c</load_address>
         <run_address>0x7004404c</run_address>
         <size>0x4</size>
         <input_file_ref idref="fl-a0"/>
      </object_component>
      <object_component id="oc-29a">
         <name>.text._etoa</name>
         <load_address>0x70044050</load_address>
         <run_address>0x70044050</run_address>
         <size>0x478</size>
         <input_file_ref idref="fl-26"/>
      </object_component>
      <object_component id="oc-114">
         <name>.text</name>
         <load_address>0x700444c8</load_address>
         <run_address>0x700444c8</run_address>
         <size>0x4</size>
         <input_file_ref idref="fl-b1"/>
      </object_component>
      <object_component id="oc-137">
         <name>.text.Drivers_adcOpen</name>
         <load_address>0x700444d0</load_address>
         <run_address>0x700444d0</run_address>
         <size>0x3d4</size>
         <input_file_ref idref="fl-4"/>
      </object_component>
      <object_component id="oc-247">
         <name>.text.UART_open</name>
         <load_address>0x700448b0</load_address>
         <run_address>0x700448b0</run_address>
         <size>0x286</size>
         <input_file_ref idref="fl-35"/>
      </object_component>
      <object_component id="oc-258">
         <name>.text.strtoll</name>
         <load_address>0x70044b38</load_address>
         <run_address>0x70044b38</run_address>
         <size>0x284</size>
         <input_file_ref idref="fl-58"/>
      </object_component>
      <object_component id="oc-8b">
         <name>.text.demo_position_main</name>
         <load_address>0x70044dc0</load_address>
         <run_address>0x70044dc0</run_address>
         <size>0x282</size>
         <input_file_ref idref="fl-1"/>
      </object_component>
      <object_component id="oc-2ba">
         <name>.text.UART_fifoConfig</name>
         <load_address>0x70045050</load_address>
         <run_address>0x70045050</run_address>
         <size>0x242</size>
         <input_file_ref idref="fl-35"/>
      </object_component>
      <object_component id="oc-2cf">
         <name>.text._ntoa_format</name>
         <load_address>0x700452a0</load_address>
         <run_address>0x700452a0</run_address>
         <size>0x23e</size>
         <input_file_ref idref="fl-26"/>
      </object_component>
      <object_component id="oc-292">
         <name>.text.UART_masterIsr</name>
         <load_address>0x700454e0</load_address>
         <run_address>0x700454e0</run_address>
         <size>0x228</size>
         <input_file_ref idref="fl-35"/>
      </object_component>
      <object_component id="oc-257">
         <name>.text.strtoull</name>
         <load_address>0x70045708</load_address>
         <run_address>0x70045708</run_address>
         <size>0x220</size>
         <input_file_ref idref="fl-5a"/>
      </object_component>
      <object_component id="oc-256">
         <name>.text.strtol</name>
         <load_address>0x70045928</load_address>
         <run_address>0x70045928</run_address>
         <size>0x204</size>
         <input_file_ref idref="fl-57"/>
      </object_component>
      <object_component id="oc-17b">
         <name>.text.TimerP_setup</name>
         <load_address>0x70045b30</load_address>
         <run_address>0x70045b30</run_address>
         <size>0x1fa</size>
         <input_file_ref idref="fl-21"/>
      </object_component>
      <object_component id="oc-1fc">
         <name>.text.EPWM_setADCTriggerSource</name>
         <load_address>0x70045d30</load_address>
         <run_address>0x70045d30</run_address>
         <size>0x1ee</size>
         <input_file_ref idref="fl-4"/>
      </object_component>
      <object_component id="oc-309">
         <name>.text.UART_write</name>
         <load_address>0x70045f20</load_address>
         <run_address>0x70045f20</run_address>
         <size>0x1ee</size>
         <input_file_ref idref="fl-35"/>
      </object_component>
      <object_component id="oc-253">
         <name>.text.strtoul</name>
         <load_address>0x70046110</load_address>
         <run_address>0x70046110</run_address>
         <size>0x1d0</size>
         <input_file_ref idref="fl-59"/>
      </object_component>
      <object_component id="oc-29e">
         <name>.text</name>
         <load_address>0x700462e0</load_address>
         <run_address>0x700462e0</run_address>
         <size>0x1d0</size>
         <input_file_ref idref="fl-af"/>
      </object_component>
      <object_component id="oc-f7">
         <name>.text.App_rotate_degrees_signed_poll</name>
         <load_address>0x700464b0</load_address>
         <run_address>0x700464b0</run_address>
         <size>0x1c4</size>
         <input_file_ref idref="fl-1"/>
      </object_component>
      <object_component id="oc-2d5">
         <name>.text.free</name>
         <load_address>0x70046674</load_address>
         <run_address>0x70046674</run_address>
         <size>0x1bc</size>
         <input_file_ref idref="fl-4e"/>
      </object_component>
      <object_component id="oc-260">
         <name>.text.UART_close</name>
         <load_address>0x70046830</load_address>
         <run_address>0x70046830</run_address>
         <size>0x1b0</size>
         <input_file_ref idref="fl-35"/>
      </object_component>
      <object_component id="oc-30c">
         <name>.text.aligned_alloc</name>
         <load_address>0x700469e0</load_address>
         <run_address>0x700469e0</run_address>
         <size>0x1b0</size>
         <input_file_ref idref="fl-4e"/>
      </object_component>
      <object_component id="oc-28b">
         <name>.text.UART_configInstance</name>
         <load_address>0x70046b90</load_address>
         <run_address>0x70046b90</run_address>
         <size>0x178</size>
         <input_file_ref idref="fl-35"/>
      </object_component>
      <object_component id="oc-11d">
         <name>.text.ClockP_init</name>
         <load_address>0x70046d10</load_address>
         <run_address>0x70046d10</run_address>
         <size>0x172</size>
         <input_file_ref idref="fl-20"/>
      </object_component>
      <object_component id="oc-1f7">
         <name>.text.EPWM_setInterruptSource</name>
         <load_address>0x70046e90</load_address>
         <run_address>0x70046e90</run_address>
         <size>0x166</size>
         <input_file_ref idref="fl-4"/>
      </object_component>
      <object_component id="oc-11b">
         <name>.text.SOC_controlModuleUnlockMMR</name>
         <load_address>0x70047000</load_address>
         <run_address>0x70047000</run_address>
         <size>0x158</size>
         <input_file_ref idref="fl-33"/>
      </object_component>
      <object_component id="oc-2c8">
         <name>.text.UART_procLineStatusErr</name>
         <load_address>0x70047160</load_address>
         <run_address>0x70047160</run_address>
         <size>0x150</size>
         <input_file_ref idref="fl-35"/>
      </object_component>
      <object_component id="oc-2a4">
         <name>.text.setvbuf</name>
         <load_address>0x700472b0</load_address>
         <run_address>0x700472b0</run_address>
         <size>0x148</size>
         <input_file_ref idref="fl-47"/>
      </object_component>
      <object_component id="oc-2a0">
         <name>.text.scalbn</name>
         <load_address>0x700473f8</load_address>
         <run_address>0x700473f8</run_address>
         <size>0x140</size>
         <input_file_ref idref="fl-5c"/>
      </object_component>
      <object_component id="oc-297">
         <name>.text._ntoa_long_long</name>
         <load_address>0x70047540</load_address>
         <run_address>0x70047540</run_address>
         <size>0x138</size>
         <input_file_ref idref="fl-26"/>
      </object_component>
      <object_component id="oc-2b0">
         <name>.text.SOC_rcmGetPeripheralClockFrequency</name>
         <load_address>0x70047680</load_address>
         <run_address>0x70047680</run_address>
         <size>0x130</size>
         <input_file_ref idref="fl-34"/>
      </object_component>
      <object_component id="oc-208">
         <name>.text.EPWM_setXCMPActionQualifierAction</name>
         <load_address>0x700477b0</load_address>
         <run_address>0x700477b0</run_address>
         <size>0x12a</size>
         <input_file_ref idref="fl-4"/>
      </object_component>
      <object_component id="oc-11c">
         <name>.text.SOC_controlModuleLockMMR</name>
         <load_address>0x700478e0</load_address>
         <run_address>0x700478e0</run_address>
         <size>0x126</size>
         <input_file_ref idref="fl-33"/>
      </object_component>
      <object_component id="oc-251">
         <name>.text</name>
         <load_address>0x70047a08</load_address>
         <run_address>0x70047a08</run_address>
         <size>0x118</size>
         <input_file_ref idref="fl-b4"/>
      </object_component>
      <object_component id="oc-2bc">
         <name>.text.UART_divisorLatchWrite</name>
         <load_address>0x70047b20</load_address>
         <run_address>0x70047b20</run_address>
         <size>0x116</size>
         <input_file_ref idref="fl-35"/>
      </object_component>
      <object_component id="oc-298">
         <name>.text._ntoa_long</name>
         <load_address>0x70047c40</load_address>
         <run_address>0x70047c40</run_address>
         <size>0x114</size>
         <input_file_ref idref="fl-26"/>
      </object_component>
      <object_component id="oc-32b">
         <name>.text.SOC_rcmADPLLJGetFOut</name>
         <load_address>0x70047d60</load_address>
         <run_address>0x70047d60</run_address>
         <size>0x10e</size>
         <input_file_ref idref="fl-34"/>
      </object_component>
      <object_component id="oc-139">
         <name>.text.Drivers_eqepOpen</name>
         <load_address>0x70047e70</load_address>
         <run_address>0x70047e70</run_address>
         <size>0x10a</size>
         <input_file_ref idref="fl-4"/>
      </object_component>
      <object_component id="oc-22c">
         <name>.text.EQEP_setInputPolarity</name>
         <load_address>0x70047f80</load_address>
         <run_address>0x70047f80</run_address>
         <size>0x108</size>
         <input_file_ref idref="fl-2f"/>
      </object_component>
      <object_component id="oc-1a4">
         <name>.text.ADC_setPPBTripLimits</name>
         <load_address>0x70048090</load_address>
         <run_address>0x70048090</run_address>
         <size>0xf2</size>
         <input_file_ref idref="fl-2e"/>
      </object_component>
      <object_component id="oc-288">
         <name>.text.SemaphoreP_pend</name>
         <load_address>0x70048190</load_address>
         <run_address>0x70048190</run_address>
         <size>0xf0</size>
         <input_file_ref idref="fl-1e"/>
      </object_component>
      <object_component id="oc-317">
         <name>.text.SOC_rcmGetCoreFout</name>
         <load_address>0x70048280</load_address>
         <run_address>0x70048280</run_address>
         <size>0xea</size>
         <input_file_ref idref="fl-34"/>
      </object_component>
      <object_component id="oc-318">
         <name>.text.SOC_rcmGetPerFout</name>
         <load_address>0x70048370</load_address>
         <run_address>0x70048370</run_address>
         <size>0xea</size>
         <input_file_ref idref="fl-34"/>
      </object_component>
      <object_component id="oc-306">
         <name>.text.fputc</name>
         <load_address>0x7004845c</load_address>
         <run_address>0x7004845c</run_address>
         <size>0xe8</size>
         <input_file_ref idref="fl-44"/>
      </object_component>
      <object_component id="oc-25e">
         <name>.text.__TI_buff_read</name>
         <load_address>0x70048544</load_address>
         <run_address>0x70048544</run_address>
         <size>0xe4</size>
         <input_file_ref idref="fl-45"/>
      </object_component>
      <object_component id="oc-2ca">
         <name>.text.UART_intrEnable</name>
         <load_address>0x70048630</load_address>
         <run_address>0x70048630</run_address>
         <size>0xde</size>
         <input_file_ref idref="fl-35"/>
      </object_component>
      <object_component id="oc-2a9">
         <name>.text.UART_intrDisable</name>
         <load_address>0x70048710</load_address>
         <run_address>0x70048710</run_address>
         <size>0xda</size>
         <input_file_ref idref="fl-35"/>
      </object_component>
      <object_component id="oc-163">
         <name>.text._chkmbc</name>
         <load_address>0x700487ec</load_address>
         <run_address>0x700487ec</run_address>
         <size>0xd8</size>
         <input_file_ref idref="fl-42"/>
      </object_component>
      <object_component id="oc-164">
         <name>.text.fgetc</name>
         <load_address>0x700488c4</load_address>
         <run_address>0x700488c4</run_address>
         <size>0xd0</size>
         <input_file_ref idref="fl-43"/>
      </object_component>
      <object_component id="oc-2a8">
         <name>.text.UART_flushTxFifo</name>
         <load_address>0x700489a0</load_address>
         <run_address>0x700489a0</run_address>
         <size>0xcc</size>
         <input_file_ref idref="fl-35"/>
      </object_component>
      <object_component id="oc-334">
         <name>.text.getdevice</name>
         <load_address>0x70048a6c</load_address>
         <run_address>0x70048a6c</run_address>
         <size>0xcc</size>
         <input_file_ref idref="fl-b5"/>
      </object_component>
      <object_component id="oc-2e9">
         <name>.text.SOC_rcmGetPerHSDivOut</name>
         <load_address>0x70048b40</load_address>
         <run_address>0x70048b40</run_address>
         <size>0xc4</size>
         <input_file_ref idref="fl-34"/>
      </object_component>
      <object_component id="oc-244">
         <name>.text.SOC_xbarSelectInterruptXBarInputSource</name>
         <load_address>0x70048c10</load_address>
         <run_address>0x70048c10</run_address>
         <size>0xc4</size>
         <input_file_ref idref="fl-4"/>
      </object_component>
      <object_component id="oc-25b">
         <name>.text.ungetc</name>
         <load_address>0x70048cd4</load_address>
         <run_address>0x70048cd4</run_address>
         <size>0xc4</size>
         <input_file_ref idref="fl-48"/>
      </object_component>
      <object_component id="oc-31e">
         <name>.text.UART_writePolling</name>
         <load_address>0x70048da0</load_address>
         <run_address>0x70048da0</run_address>
         <size>0xc2</size>
         <input_file_ref idref="fl-35"/>
      </object_component>
      <object_component id="oc-1a6">
         <name>.text.ADC_setBurstModeConfig</name>
         <load_address>0x70048e70</load_address>
         <run_address>0x70048e70</run_address>
         <size>0xc0</size>
         <input_file_ref idref="fl-4"/>
      </object_component>
      <object_component id="oc-1e7">
         <name>.text.EPWM_setFallingEdgeDeadBandDelayInput</name>
         <load_address>0x70048f30</load_address>
         <run_address>0x70048f30</run_address>
         <size>0xc0</size>
         <input_file_ref idref="fl-4"/>
      </object_component>
      <object_component id="oc-2d1">
         <name>.text._out_rev</name>
         <load_address>0x70048ff0</load_address>
         <run_address>0x70048ff0</run_address>
         <size>0xc0</size>
         <input_file_ref idref="fl-26"/>
      </object_component>
      <object_component id="oc-2f9">
         <name>.text.ClockP_stop</name>
         <load_address>0x700490b0</load_address>
         <run_address>0x700490b0</run_address>
         <size>0xba</size>
         <input_file_ref idref="fl-1f"/>
      </object_component>
      <object_component id="oc-1ba">
         <name>.text.EPWM_setCounterCompareShadowLoadMode</name>
         <load_address>0x70049170</load_address>
         <run_address>0x70049170</run_address>
         <size>0xba</size>
         <input_file_ref idref="fl-4"/>
      </object_component>
      <object_component id="oc-134">
         <name>.text.UART_init</name>
         <load_address>0x70049230</load_address>
         <run_address>0x70049230</run_address>
         <size>0xba</size>
         <input_file_ref idref="fl-35"/>
      </object_component>
      <object_component id="oc-17d">
         <name>.text.ClockP_timerTickIsr</name>
         <load_address>0x700492f0</load_address>
         <run_address>0x700492f0</run_address>
         <size>0xb8</size>
         <input_file_ref idref="fl-1f"/>
      </object_component>
      <object_component id="oc-30d">
         <name>.text.__TI_closefile</name>
         <load_address>0x700493a8</load_address>
         <run_address>0x700493a8</run_address>
         <size>0xb4</size>
         <input_file_ref idref="fl-5b"/>
      </object_component>
      <object_component id="oc-26f">
         <name>.text.SOC_rcmSetPeripheralClock</name>
         <load_address>0x70049460</load_address>
         <run_address>0x70049460</run_address>
         <size>0xb0</size>
         <input_file_ref idref="fl-34"/>
      </object_component>
      <object_component id="oc-13b">
         <name>.text.Drivers_uartOpen</name>
         <load_address>0x70049510</load_address>
         <run_address>0x70049510</run_address>
         <size>0xae</size>
         <input_file_ref idref="fl-4"/>
      </object_component>
      <object_component id="oc-332">
         <name>.text.fseeko</name>
         <load_address>0x700495c0</load_address>
         <run_address>0x700495c0</run_address>
         <size>0xac</size>
         <input_file_ref idref="fl-55"/>
      </object_component>
      <object_component id="oc-1fd">
         <name>.text.EPWM_setADCTriggerEventPrescale</name>
         <load_address>0x70049670</load_address>
         <run_address>0x70049670</run_address>
         <size>0xaa</size>
         <input_file_ref idref="fl-4"/>
      </object_component>
      <object_component id="oc-241">
         <name>.text.EQEP_setCompareConfig</name>
         <load_address>0x70049720</load_address>
         <run_address>0x70049720</run_address>
         <size>0xaa</size>
         <input_file_ref idref="fl-2f"/>
      </object_component>
      <object_component id="oc-333">
         <name>.text.UART_fifoWrite</name>
         <load_address>0x700497d0</load_address>
         <run_address>0x700497d0</run_address>
         <size>0xaa</size>
         <input_file_ref idref="fl-35"/>
      </object_component>
      <object_component id="oc-268">
         <name>.text.ClockP_addToList</name>
         <load_address>0x70049880</load_address>
         <run_address>0x70049880</run_address>
         <size>0xa8</size>
         <input_file_ref idref="fl-1f"/>
      </object_component>
      <object_component id="oc-2b8">
         <name>.text.ClockP_destruct</name>
         <load_address>0x70049930</load_address>
         <run_address>0x70049930</run_address>
         <size>0xa8</size>
         <input_file_ref idref="fl-1f"/>
      </object_component>
      <object_component id="oc-f3">
         <name>.text.scanf</name>
         <load_address>0x700499d8</load_address>
         <run_address>0x700499d8</run_address>
         <size>0xa8</size>
         <input_file_ref idref="fl-42"/>
      </object_component>
      <object_component id="oc-320">
         <name>.text.split</name>
         <load_address>0x70049a80</load_address>
         <run_address>0x70049a80</run_address>
         <size>0xa4</size>
         <input_file_ref idref="fl-4e"/>
      </object_component>
      <object_component id="oc-2e7">
         <name>.text.SOC_rcmGetCoreHSDivOut</name>
         <load_address>0x70049b30</load_address>
         <run_address>0x70049b30</run_address>
         <size>0xa2</size>
         <input_file_ref idref="fl-34"/>
      </object_component>
      <object_component id="oc-314">
         <name>.text.HOSTrename</name>
         <load_address>0x70049bd4</load_address>
         <run_address>0x70049bd4</run_address>
         <size>0xa0</size>
         <input_file_ref idref="fl-aa"/>
      </object_component>
      <object_component id="oc-312">
         <name>.text.HOSTlseek</name>
         <load_address>0x70049c74</load_address>
         <run_address>0x70049c74</run_address>
         <size>0x98</size>
         <input_file_ref idref="fl-a7"/>
      </object_component>
      <object_component id="oc-319">
         <name>.text.__TI_wrt_ok</name>
         <load_address>0x70049d0c</load_address>
         <run_address>0x70049d0c</run_address>
         <size>0x98</size>
         <input_file_ref idref="fl-46"/>
      </object_component>
      <object_component id="oc-1ff">
         <name>.text.EPWM_setADCTriggerEventCountInitValue</name>
         <load_address>0x70049db0</load_address>
         <run_address>0x70049db0</run_address>
         <size>0x96</size>
         <input_file_ref idref="fl-4"/>
      </object_component>
      <object_component id="oc-bc">
         <name>.text.SOC_enableAdcReference</name>
         <load_address>0x70049e50</load_address>
         <run_address>0x70049e50</run_address>
         <size>0x96</size>
         <input_file_ref idref="fl-33"/>
      </object_component>
      <object_component id="oc-2fe">
         <name>.text.UART_subConfigTCRTLRModeEn</name>
         <load_address>0x70049ef0</load_address>
         <run_address>0x70049ef0</run_address>
         <size>0x96</size>
         <input_file_ref idref="fl-35"/>
      </object_component>
      <object_component id="oc-30e">
         <name>.text.HOSTopen</name>
         <load_address>0x70049f88</load_address>
         <run_address>0x70049f88</run_address>
         <size>0x94</size>
         <input_file_ref idref="fl-a8"/>
      </object_component>
      <object_component id="oc-31d">
         <name>.text.UART_writeCancelNoCB</name>
         <load_address>0x7004a020</load_address>
         <run_address>0x7004a020</run_address>
         <size>0x92</size>
         <input_file_ref idref="fl-35"/>
      </object_component>
      <object_component id="oc-195">
         <name>.text.ADC_setupSOC</name>
         <load_address>0x7004a0c0</load_address>
         <run_address>0x7004a0c0</run_address>
         <size>0x8c</size>
         <input_file_ref idref="fl-4"/>
      </object_component>
      <object_component id="oc-1c2">
         <name>.text.EPWM_setActionQualifierAction</name>
         <load_address>0x7004a150</load_address>
         <run_address>0x7004a150</run_address>
         <size>0x8a</size>
         <input_file_ref idref="fl-4"/>
      </object_component>
      <object_component id="oc-1d8">
         <name>.text.EPWM_setValleyTriggerEdgeCounts</name>
         <load_address>0x7004a1e0</load_address>
         <run_address>0x7004a1e0</run_address>
         <size>0x8a</size>
         <input_file_ref idref="fl-4"/>
      </object_component>
      <object_component id="oc-14f">
         <name>.text.ClockP_getTimeUsec</name>
         <load_address>0x7004a270</load_address>
         <run_address>0x7004a270</run_address>
         <size>0x88</size>
         <input_file_ref idref="fl-1f"/>
      </object_component>
      <object_component id="oc-300">
         <name>.text.UART_tcrTlrBitValRestore</name>
         <load_address>0x7004a300</load_address>
         <run_address>0x7004a300</run_address>
         <size>0x86</size>
         <input_file_ref idref="fl-35"/>
      </object_component>
      <object_component id="oc-310">
         <name>.text.HOSTread</name>
         <load_address>0x7004a388</load_address>
         <run_address>0x7004a388</run_address>
         <size>0x84</size>
         <input_file_ref idref="fl-a9"/>
      </object_component>
      <object_component id="oc-311">
         <name>.text.HOSTwrite</name>
         <load_address>0x7004a40c</load_address>
         <run_address>0x7004a40c</run_address>
         <size>0x84</size>
         <input_file_ref idref="fl-ac"/>
      </object_component>
      <object_component id="oc-32d">
         <name>.text.UART_dmaDisableChannel</name>
         <load_address>0x7004a490</load_address>
         <run_address>0x7004a490</run_address>
         <size>0x84</size>
         <input_file_ref idref="fl-36"/>
      </object_component>
      <object_component id="oc-322">
         <name>.text.close</name>
         <load_address>0x7004a514</load_address>
         <run_address>0x7004a514</run_address>
         <size>0x84</size>
         <input_file_ref idref="fl-a4"/>
      </object_component>
      <object_component id="oc-2ac">
         <name>.text.UART_dmaClose</name>
         <load_address>0x7004a5a0</load_address>
         <run_address>0x7004a5a0</run_address>
         <size>0x80</size>
         <input_file_ref idref="fl-36"/>
      </object_component>
      <object_component id="oc-2c9">
         <name>.text.UART_readData</name>
         <load_address>0x7004a620</load_address>
         <run_address>0x7004a620</run_address>
         <size>0x80</size>
         <input_file_ref idref="fl-35"/>
      </object_component>
      <object_component id="oc-2a6">
         <name>.text.__TI_doflush</name>
         <load_address>0x7004a6a0</load_address>
         <run_address>0x7004a6a0</run_address>
         <size>0x80</size>
         <input_file_ref idref="fl-53"/>
      </object_component>
      <object_component id="oc-289">
         <name>.text.UART_Params_init</name>
         <load_address>0x7004a720</load_address>
         <run_address>0x7004a720</run_address>
         <size>0x7a</size>
         <input_file_ref idref="fl-35"/>
      </object_component>
      <object_component id="oc-ec">
         <name>.text._DebugP_assert</name>
         <load_address>0x7004a7a0</load_address>
         <run_address>0x7004a7a0</run_address>
         <size>0x7a</size>
         <input_file_ref idref="fl-1c"/>
      </object_component>
      <object_component id="oc-ef">
         <name>.text.App_eqepIntrISR</name>
         <load_address>0x7004a820</load_address>
         <run_address>0x7004a820</run_address>
         <size>0x78</size>
         <input_file_ref idref="fl-1"/>
      </object_component>
      <object_component id="oc-1f8">
         <name>.text.EPWM_setInterruptEventCount</name>
         <load_address>0x7004a8a0</load_address>
         <run_address>0x7004a8a0</run_address>
         <size>0x78</size>
         <input_file_ref idref="fl-4"/>
      </object_component>
      <object_component id="oc-1e6">
         <name>.text.EPWM_setRisingEdgeDeadBandDelayInput</name>
         <load_address>0x7004a920</load_address>
         <run_address>0x7004a920</run_address>
         <size>0x78</size>
         <input_file_ref idref="fl-4"/>
      </object_component>
      <object_component id="oc-219">
         <name>.text.HRPWM_setHiResCounterCompareValue</name>
         <load_address>0x7004a9a0</load_address>
         <run_address>0x7004a9a0</run_address>
         <size>0x78</size>
         <input_file_ref idref="fl-4"/>
      </object_component>
      <object_component id="oc-2b5">
         <name>.text.ClockP_construct</name>
         <load_address>0x7004aa20</load_address>
         <run_address>0x7004aa20</run_address>
         <size>0x74</size>
         <input_file_ref idref="fl-1f"/>
      </object_component>
      <object_component id="oc-1ca">
         <name>.text.EPWM_enableTripZoneInterrupt</name>
         <load_address>0x7004aaa0</load_address>
         <run_address>0x7004aaa0</run_address>
         <size>0x74</size>
         <input_file_ref idref="fl-4"/>
      </object_component>
      <object_component id="oc-1bd">
         <name>.text.EPWM_setActionQualifierShadowLoadMode</name>
         <load_address>0x7004ab20</load_address>
         <run_address>0x7004ab20</run_address>
         <size>0x74</size>
         <input_file_ref idref="fl-4"/>
      </object_component>
      <object_component id="oc-198">
         <name>.text.ClockP_usleep</name>
         <load_address>0x7004aba0</load_address>
         <run_address>0x7004aba0</run_address>
         <size>0x72</size>
         <input_file_ref idref="fl-1f"/>
      </object_component>
      <object_component id="oc-1af">
         <name>.text.EPWM_disableGlobalLoadRegisters</name>
         <load_address>0x7004ac20</load_address>
         <run_address>0x7004ac20</run_address>
         <size>0x72</size>
         <input_file_ref idref="fl-4"/>
      </object_component>
      <object_component id="oc-1e3">
         <name>.text.EPWM_selectDigitalCompareCBCLatchClearEvent</name>
         <load_address>0x7004aca0</load_address>
         <run_address>0x7004aca0</run_address>
         <size>0x72</size>
         <input_file_ref idref="fl-4"/>
      </object_component>
      <object_component id="oc-1e2">
         <name>.text.EPWM_setDigitalCompareCBCLatchMode</name>
         <load_address>0x7004ad20</load_address>
         <run_address>0x7004ad20</run_address>
         <size>0x72</size>
         <input_file_ref idref="fl-4"/>
      </object_component>
      <object_component id="oc-1e0">
         <name>.text.EPWM_setDigitalCompareEventSyncMode</name>
         <load_address>0x7004ada0</load_address>
         <run_address>0x7004ada0</run_address>
         <size>0x72</size>
         <input_file_ref idref="fl-4"/>
      </object_component>
      <object_component id="oc-28c">
         <name>.text.UART_dmaOpen</name>
         <load_address>0x7004ae20</load_address>
         <run_address>0x7004ae20</run_address>
         <size>0x70</size>
         <input_file_ref idref="fl-36"/>
      </object_component>
      <object_component id="oc-25c">
         <name>.text.__TI_rd_ok</name>
         <load_address>0x7004ae90</load_address>
         <run_address>0x7004ae90</run_address>
         <size>0x70</size>
         <input_file_ref idref="fl-46"/>
      </object_component>
      <object_component id="oc-1e1">
         <name>.text.EPWM_setDigitalCompareEventSource</name>
         <load_address>0x7004af00</load_address>
         <run_address>0x7004af00</run_address>
         <size>0x6e</size>
         <input_file_ref idref="fl-4"/>
      </object_component>
      <object_component id="oc-313">
         <name>.text.HOSTunlink</name>
         <load_address>0x7004af70</load_address>
         <run_address>0x7004af70</run_address>
         <size>0x6c</size>
         <input_file_ref idref="fl-ab"/>
      </object_component>
      <object_component id="oc-f6">
         <name>.text.atoi</name>
         <load_address>0x7004afdc</load_address>
         <run_address>0x7004afdc</run_address>
         <size>0x6c</size>
         <input_file_ref idref="fl-4c"/>
      </object_component>
      <object_component id="oc-336">
         <name>.text.finddevice</name>
         <load_address>0x7004b048</load_address>
         <run_address>0x7004b048</run_address>
         <size>0x6c</size>
         <input_file_ref idref="fl-b5"/>
      </object_component>
      <object_component id="oc-c1">
         <name>.text.SOC_setEpwmTbClk</name>
         <load_address>0x7004b0c0</load_address>
         <run_address>0x7004b0c0</run_address>
         <size>0x6a</size>
         <input_file_ref idref="fl-33"/>
      </object_component>
      <object_component id="oc-19f">
         <name>.text.ADC_disablePPBEvent</name>
         <load_address>0x7004b130</load_address>
         <run_address>0x7004b130</run_address>
         <size>0x68</size>
         <input_file_ref idref="fl-4"/>
      </object_component>
      <object_component id="oc-1a0">
         <name>.text.ADC_disablePPBEventInterrupt</name>
         <load_address>0x7004b1a0</load_address>
         <run_address>0x7004b1a0</run_address>
         <size>0x68</size>
         <input_file_ref idref="fl-4"/>
      </object_component>
      <object_component id="oc-2bb">
         <name>.text.UART_divisorValCompute</name>
         <load_address>0x7004b210</load_address>
         <run_address>0x7004b210</run_address>
         <size>0x68</size>
         <input_file_ref idref="fl-35"/>
      </object_component>
      <object_component id="oc-206">
         <name>.text.EPWM_setXCMPShadowRepeatBufxCount</name>
         <load_address>0x7004b280</load_address>
         <run_address>0x7004b280</run_address>
         <size>0x66</size>
         <input_file_ref idref="fl-4"/>
      </object_component>
      <object_component id="oc-20c">
         <name>.text.EPWM_configureDiodeEmulationTripSources</name>
         <load_address>0x7004b2f0</load_address>
         <run_address>0x7004b2f0</run_address>
         <size>0x62</size>
         <input_file_ref idref="fl-4"/>
      </object_component>
      <object_component id="oc-1f3">
         <name>.text.EPWM_setChopperDutyCycle</name>
         <load_address>0x7004b360</load_address>
         <run_address>0x7004b360</run_address>
         <size>0x62</size>
         <input_file_ref idref="fl-4"/>
      </object_component>
      <object_component id="oc-1f5">
         <name>.text.EPWM_setChopperFirstPulseWidth</name>
         <load_address>0x7004b3d0</load_address>
         <run_address>0x7004b3d0</run_address>
         <size>0x62</size>
         <input_file_ref idref="fl-4"/>
      </object_component>
      <object_component id="oc-1f4">
         <name>.text.EPWM_setChopperFreq</name>
         <load_address>0x7004b440</load_address>
         <run_address>0x7004b440</run_address>
         <size>0x62</size>
         <input_file_ref idref="fl-4"/>
      </object_component>
      <object_component id="oc-212">
         <name>.text.EPWM_setDiodeEmulationMonitorModeStep</name>
         <load_address>0x7004b4b0</load_address>
         <run_address>0x7004b4b0</run_address>
         <size>0x62</size>
         <input_file_ref idref="fl-4"/>
      </object_component>
      <object_component id="oc-226">
         <name>.text.EPWM_setGlobalLoadEventPrescale</name>
         <load_address>0x7004b520</load_address>
         <run_address>0x7004b520</run_address>
         <size>0x62</size>
         <input_file_ref idref="fl-4"/>
      </object_component>
      <object_component id="oc-220">
         <name>.text.HRPWM_setHiResFallingEdgeDelayOnly</name>
         <load_address>0x7004b590</load_address>
         <run_address>0x7004b590</run_address>
         <size>0x62</size>
         <input_file_ref idref="fl-4"/>
      </object_component>
      <object_component id="oc-2b3">
         <name>.text.SOC_rcmInsert16</name>
         <load_address>0x7004b600</load_address>
         <run_address>0x7004b600</run_address>
         <size>0x62</size>
         <input_file_ref idref="fl-34"/>
      </object_component>
      <object_component id="oc-1ea">
         <name>.text.EPWM_setDeadBandOutputSwapMode</name>
         <load_address>0x7004b670</load_address>
         <run_address>0x7004b670</run_address>
         <size>0x60</size>
         <input_file_ref idref="fl-4"/>
      </object_component>
      <object_component id="oc-30f">
         <name>.text.HOSTclose</name>
         <load_address>0x7004b6d0</load_address>
         <run_address>0x7004b6d0</run_address>
         <size>0x60</size>
         <input_file_ref idref="fl-a6"/>
      </object_component>
      <object_component id="oc-2cb">
         <name>.text.UART_getChar</name>
         <load_address>0x7004b730</load_address>
         <run_address>0x7004b730</run_address>
         <size>0x60</size>
         <input_file_ref idref="fl-35"/>
      </object_component>
      <object_component id="oc-1fa">
         <name>.text.EPWM_setInterruptEventCountInitValue</name>
         <load_address>0x7004b790</load_address>
         <run_address>0x7004b790</run_address>
         <size>0x5e</size>
         <input_file_ref idref="fl-4"/>
      </object_component>
      <object_component id="oc-21e">
         <name>.text.HRPWM_setHiResRisingEdgeDelay</name>
         <load_address>0x7004b7f0</load_address>
         <run_address>0x7004b7f0</run_address>
         <size>0x5e</size>
         <input_file_ref idref="fl-4"/>
      </object_component>
      <object_component id="oc-2cc">
         <name>.text.UART_writeData</name>
         <load_address>0x7004b850</load_address>
         <run_address>0x7004b850</run_address>
         <size>0x5e</size>
         <input_file_ref idref="fl-35"/>
      </object_component>
      <object_component id="oc-1dc">
         <name>.text.EPWM_enableDigitalCompareTripCombinationInput</name>
         <load_address>0x7004b8b0</load_address>
         <run_address>0x7004b8b0</run_address>
         <size>0x5c</size>
         <input_file_ref idref="fl-4"/>
      </object_component>
      <object_component id="oc-1e9">
         <name>.text.EPWM_setDeadBandDelayMode</name>
         <load_address>0x7004b910</load_address>
         <run_address>0x7004b910</run_address>
         <size>0x5c</size>
         <input_file_ref idref="fl-4"/>
      </object_component>
      <object_component id="oc-123">
         <name>.text.Module_clockSetFrequency</name>
         <load_address>0x7004b970</load_address>
         <run_address>0x7004b970</run_address>
         <size>0x5c</size>
         <input_file_ref idref="fl-6"/>
      </object_component>
      <object_component id="oc-79">
         <name>.text:__TI_auto_init_nobinit_nopinit</name>
         <load_address>0x7004b9cc</load_address>
         <run_address>0x7004b9cc</run_address>
         <size>0x5c</size>
         <input_file_ref idref="fl-50"/>
      </object_component>
      <object_component id="oc-1b6">
         <name>.text.EPWM_enableSyncOutPulseSource</name>
         <load_address>0x7004ba30</load_address>
         <run_address>0x7004ba30</run_address>
         <size>0x5a</size>
         <input_file_ref idref="fl-4"/>
      </object_component>
      <object_component id="oc-157">
         <name>.text.SemaphoreP_post</name>
         <load_address>0x7004ba90</load_address>
         <run_address>0x7004ba90</run_address>
         <size>0x5a</size>
         <input_file_ref idref="fl-1e"/>
      </object_component>
      <object_component id="oc-2bd">
         <name>.text.UART_regConfigModeEnable</name>
         <load_address>0x7004baf0</load_address>
         <run_address>0x7004baf0</run_address>
         <size>0x5a</size>
         <input_file_ref idref="fl-35"/>
      </object_component>
      <object_component id="oc-20d">
         <name>.text.EPWM_selectDiodeEmulationPWMsignal</name>
         <load_address>0x7004bb50</load_address>
         <run_address>0x7004bb50</run_address>
         <size>0x58</size>
         <input_file_ref idref="fl-4"/>
      </object_component>
      <object_component id="oc-1c1">
         <name>.text.EPWM_setActionQualifierContSWForceAction</name>
         <load_address>0x7004bbb0</load_address>
         <run_address>0x7004bbb0</run_address>
         <size>0x58</size>
         <input_file_ref idref="fl-4"/>
      </object_component>
      <object_component id="oc-1c0">
         <name>.text.EPWM_setActionQualifierSWAction</name>
         <load_address>0x7004bc10</load_address>
         <run_address>0x7004bc10</run_address>
         <size>0x58</size>
         <input_file_ref idref="fl-4"/>
      </object_component>
      <object_component id="oc-216">
         <name>.text.HRPWM_setSyncPulseSource</name>
         <load_address>0x7004bc70</load_address>
         <run_address>0x7004bc70</run_address>
         <size>0x58</size>
         <input_file_ref idref="fl-4"/>
      </object_component>
      <object_component id="oc-2b1">
         <name>.text.SOC_rcmGetModuleClkDivVal</name>
         <load_address>0x7004bcd0</load_address>
         <run_address>0x7004bcd0</run_address>
         <size>0x58</size>
         <input_file_ref idref="fl-34"/>
      </object_component>
      <object_component id="oc-c2">
         <name>.text.SOC_setEpwmGroup</name>
         <load_address>0x7004bd30</load_address>
         <run_address>0x7004bd30</run_address>
         <size>0x58</size>
         <input_file_ref idref="fl-33"/>
      </object_component>
      <object_component id="oc-326">
         <name>.text.__TI_readmsg</name>
         <load_address>0x7004bd88</load_address>
         <run_address>0x7004bd88</run_address>
         <size>0x58</size>
         <input_file_ref idref="fl-ad"/>
      </object_component>
      <object_component id="oc-325">
         <name>.text.__TI_writemsg</name>
         <load_address>0x7004bde0</load_address>
         <run_address>0x7004bde0</run_address>
         <size>0x58</size>
         <input_file_ref idref="fl-ad"/>
      </object_component>
      <object_component id="oc-19b">
         <name>.text.ADC_setInterruptSource</name>
         <load_address>0x7004be40</load_address>
         <run_address>0x7004be40</run_address>
         <size>0x56</size>
         <input_file_ref idref="fl-4"/>
      </object_component>
      <object_component id="oc-20a">
         <name>.text.EPWM_setDiodeEmulationMode</name>
         <load_address>0x7004bea0</load_address>
         <run_address>0x7004bea0</run_address>
         <size>0x56</size>
         <input_file_ref idref="fl-4"/>
      </object_component>
      <object_component id="oc-203">
         <name>.text.EPWM_setXCMPLoadMode</name>
         <load_address>0x7004bf00</load_address>
         <run_address>0x7004bf00</run_address>
         <size>0x56</size>
         <input_file_ref idref="fl-4"/>
      </object_component>
      <object_component id="oc-14c">
         <name>.text.SemaphoreP_construct</name>
         <load_address>0x7004bf60</load_address>
         <run_address>0x7004bf60</run_address>
         <size>0x56</size>
         <input_file_ref idref="fl-1e"/>
      </object_component>
      <object_component id="oc-20e">
         <name>.text.EPWM_selectDiodeEmulationTripSignal</name>
         <load_address>0x7004bfc0</load_address>
         <run_address>0x7004bfc0</run_address>
         <size>0x54</size>
         <input_file_ref idref="fl-4"/>
      </object_component>
      <object_component id="oc-1c4">
         <name>.text.EPWM_setTripZoneAdvAction</name>
         <load_address>0x7004c020</load_address>
         <run_address>0x7004c020</run_address>
         <size>0x54</size>
         <input_file_ref idref="fl-4"/>
      </object_component>
      <object_component id="oc-1c5">
         <name>.text.EPWM_setTripZoneAdvDigitalCompareActionA</name>
         <load_address>0x7004c080</load_address>
         <run_address>0x7004c080</run_address>
         <size>0x54</size>
         <input_file_ref idref="fl-4"/>
      </object_component>
      <object_component id="oc-1c6">
         <name>.text.EPWM_setTripZoneAdvDigitalCompareActionB</name>
         <load_address>0x7004c0e0</load_address>
         <run_address>0x7004c0e0</run_address>
         <size>0x54</size>
         <input_file_ref idref="fl-4"/>
      </object_component>
      <object_component id="oc-31c">
         <name>.text.UART_writeInterruptDma</name>
         <load_address>0x7004c140</load_address>
         <run_address>0x7004c140</run_address>
         <size>0x54</size>
         <input_file_ref idref="fl-36"/>
      </object_component>
      <object_component id="oc-2d7">
         <name>.text.__TI_cleanup</name>
         <load_address>0x7004c194</load_address>
         <run_address>0x7004c194</run_address>
         <size>0x54</size>
         <input_file_ref idref="fl-54"/>
      </object_component>
      <object_component id="oc-95">
         <name>.text.exit</name>
         <load_address>0x7004c1e8</load_address>
         <run_address>0x7004c1e8</run_address>
         <size>0x54</size>
         <input_file_ref idref="fl-4a"/>
      </object_component>
      <object_component id="oc-169">
         <name>.text.Drivers_uartClose</name>
         <load_address>0x7004c240</load_address>
         <run_address>0x7004c240</run_address>
         <size>0x50</size>
         <input_file_ref idref="fl-4"/>
      </object_component>
      <object_component id="oc-1f0">
         <name>.text.EPWM_setFallingEdgeDelayCount</name>
         <load_address>0x7004c290</load_address>
         <run_address>0x7004c290</run_address>
         <size>0x50</size>
         <input_file_ref idref="fl-4"/>
      </object_component>
      <object_component id="oc-1ed">
         <name>.text.EPWM_setRisingEdgeDelayCount</name>
         <load_address>0x7004c2e0</load_address>
         <run_address>0x7004c2e0</run_address>
         <size>0x50</size>
         <input_file_ref idref="fl-4"/>
      </object_component>
      <object_component id="oc-127">
         <name>.text.Pinmux_config</name>
         <load_address>0x7004c330</load_address>
         <run_address>0x7004c330</run_address>
         <size>0x50</size>
         <input_file_ref idref="fl-32"/>
      </object_component>
      <object_component id="oc-e1">
         <name>.text.GPIO_setDirMode</name>
         <load_address>0x7004c380</load_address>
         <run_address>0x7004c380</run_address>
         <size>0x4e</size>
         <input_file_ref idref="fl-31"/>
      </object_component>
      <object_component id="oc-307">
         <name>.text.UART_getHandle</name>
         <load_address>0x7004c3d0</load_address>
         <run_address>0x7004c3d0</run_address>
         <size>0x4e</size>
         <input_file_ref idref="fl-35"/>
      </object_component>
      <object_component id="oc-1cd">
         <name>.text.EPWM_setDigitalCompareBlankingEvent</name>
         <load_address>0x7004c420</load_address>
         <run_address>0x7004c420</run_address>
         <size>0x4c</size>
[...]
      </symbol>
      <symbol id="sm-560">
         <name>EQEP_setInputPolarity</name>
         <value>0x70047f81</value>
         <object_component_ref idref="oc-22c"/>
      </symbol>
      <symbol id="sm-56f">
         <name>EPWM_setEmulationMode</name>
         <value>0x7004dcd1</value>
         <object_component_ref idref="oc-1a8"/>
      </symbol>
      <symbol id="sm-578">
         <name>GPIO_setDirMode</name>
         <value>0x7004c381</value>
         <object_component_ref idref="oc-e1"/>
      </symbol>
      <symbol id="sm-58a">
         <name>Pinmux_config</name>
         <value>0x7004c331</value>
         <object_component_ref idref="oc-127"/>
      </symbol>
      <symbol id="sm-5ab">
         <name>SOC_controlModuleLockMMR</name>
         <value>0x700478e1</value>
         <object_component_ref idref="oc-11c"/>
      </symbol>
      <symbol id="sm-5ac">
         <name>SOC_controlModuleUnlockMMR</name>
         <value>0x70047001</value>
         <object_component_ref idref="oc-11b"/>
      </symbol>
      <symbol id="sm-5ad">
         <name>SOC_enableAdcReference</name>
         <value>0x70049e51</value>
         <object_component_ref idref="oc-bc"/>
      </symbol>
      <symbol id="sm-5ae">
         <name>SOC_moduleClockEnable</name>
         <value>0x7004e9e1</value>
         <object_component_ref idref="oc-182"/>
      </symbol>
      <symbol id="sm-5af">
         <name>SOC_moduleSetClockFrequency</name>
         <value>0x7004d2c1</value>
         <object_component_ref idref="oc-184"/>
      </symbol>
      <symbol id="sm-5b0">
         <name>SOC_setEpwmGroup</name>
         <value>0x7004bd31</value>
         <object_component_ref idref="oc-c2"/>
      </symbol>
      <symbol id="sm-5b1">
         <name>SOC_setEpwmTbClk</name>
         <value>0x7004b0c1</value>
         <object_component_ref idref="oc-c1"/>
      </symbol>
      <symbol id="sm-624">
         <name>SOC_rcmEnablePeripheralClock</name>
         <value>0x70043111</value>
         <object_component_ref idref="oc-26a"/>
      </symbol>
      <symbol id="sm-625">
         <name>SOC_rcmGetPeripheralClockFrequency</name>
         <value>0x70047681</value>
         <object_component_ref idref="oc-2b0"/>
      </symbol>
      <symbol id="sm-626">
         <name>SOC_rcmSetPeripheralClock</name>
         <value>0x70049461</value>
         <object_component_ref idref="oc-26f"/>
      </symbol>
      <symbol id="sm-627">
         <name>gADPLLJConfigTbl</name>
         <value>0x70050730</value>
         <object_component_ref idref="oc-331"/>
      </symbol>
      <symbol id="sm-628">
         <name>gPeripheralClkSrcInfoMap</name>
         <value>0x7005078d</value>
         <object_component_ref idref="oc-2e5"/>
      </symbol>
      <symbol id="sm-629">
         <name>gXTALInfo</name>
         <value>0x700507c4</value>
         <object_component_ref idref="oc-2e6"/>
      </symbol>
      <symbol id="sm-6de">
         <name>UART_close</name>
         <value>0x70046831</value>
         <object_component_ref idref="oc-260"/>
      </symbol>
      <symbol id="sm-6df">
         <name>UART_deinit</name>
         <value>0x7004db81</value>
         <object_component_ref idref="oc-104"/>
      </symbol>
      <symbol id="sm-6e0">
         <name>UART_flushTxFifo</name>
         <value>0x700489a1</value>
         <object_component_ref idref="oc-2a8"/>
      </symbol>
      <symbol id="sm-6e1">
         <name>UART_getHandle</name>
         <value>0x7004c3d1</value>
         <object_component_ref idref="oc-307"/>
      </symbol>
      <symbol id="sm-6e2">
         <name>UART_init</name>
         <value>0x70049231</value>
         <object_component_ref idref="oc-134"/>
      </symbol>
      <symbol id="sm-6e3">
         <name>UART_open</name>
         <value>0x700448b1</value>
         <object_component_ref idref="oc-247"/>
      </symbol>
      <symbol id="sm-6e4">
         <name>UART_write</name>
         <value>0x70045f21</value>
         <object_component_ref idref="oc-309"/>
      </symbol>
      <symbol id="sm-6f7">
         <name>UART_dmaClose</name>
         <value>0x7004a5a1</value>
         <object_component_ref idref="oc-2ac"/>
      </symbol>
      <symbol id="sm-6f8">
         <name>UART_dmaDisableChannel</name>
         <value>0x7004a491</value>
         <object_component_ref idref="oc-32d"/>
      </symbol>
      <symbol id="sm-6f9">
         <name>UART_dmaOpen</name>
         <value>0x7004ae21</value>
         <object_component_ref idref="oc-28c"/>
      </symbol>
      <symbol id="sm-6fa">
         <name>UART_writeInterruptDma</name>
         <value>0x7004c141</value>
         <object_component_ref idref="oc-31c"/>
      </symbol>
      <symbol id="sm-709">
         <name>scanf</name>
         <value>0x700499d8</value>
         <object_component_ref idref="oc-f3"/>
      </symbol>
      <symbol id="sm-711">
         <name>fgetc</name>
         <value>0x700488c4</value>
         <object_component_ref idref="oc-164"/>
      </symbol>
      <symbol id="sm-712">
         <name>getchar</name>
         <value>0x70042b84</value>
         <object_component_ref idref="oc-f4"/>
      </symbol>
      <symbol id="sm-71a">
         <name>fputc</name>
         <value>0x7004845c</value>
         <object_component_ref idref="oc-306"/>
      </symbol>
      <symbol id="sm-71b">
         <name>putchar</name>
         <value>0x7004f0d0</value>
         <object_component_ref idref="oc-2cd"/>
      </symbol>
      <symbol id="sm-720">
         <name>__TI_buff_read</name>
         <value>0x70048544</value>
         <object_component_ref idref="oc-25e"/>
      </symbol>
      <symbol id="sm-726">
         <name>__TI_rd_ok</name>
         <value>0x7004ae90</value>
         <object_component_ref idref="oc-25c"/>
      </symbol>
      <symbol id="sm-727">
         <name>__TI_wrt_ok</name>
         <value>0x70049d0c</value>
         <object_component_ref idref="oc-319"/>
      </symbol>
      <symbol id="sm-72c">
         <name>setvbuf</name>
         <value>0x700472b0</value>
         <object_component_ref idref="oc-2a4"/>
      </symbol>
      <symbol id="sm-731">
         <name>ungetc</name>
         <value>0x70048cd4</value>
         <object_component_ref idref="oc-25b"/>
      </symbol>
      <symbol id="sm-732">
         <name>__aeabi_ctype_table_</name>
         <value>0x700501c0</value>
         <object_component_ref idref="oc-165"/>
      </symbol>
      <symbol id="sm-733">
         <name>__aeabi_ctype_table_C</name>
         <value>0x700501c0</value>
         <object_component_ref idref="oc-165"/>
      </symbol>
      <symbol id="sm-73b">
         <name>C$$EXIT</name>
         <value>0x7005f060</value>
         <object_component_ref idref="oc-94"/>
      </symbol>
      <symbol id="sm-73c">
         <name>__TI_cleanup_ptr</name>
         <value>0x7005f500</value>
         <object_component_ref idref="oc-10c"/>
      </symbol>
      <symbol id="sm-73d">
         <name>__TI_dtors_ptr</name>
         <value>0x7005f504</value>
         <object_component_ref idref="oc-10c"/>
      </symbol>
      <symbol id="sm-73e">
         <name>abort</name>
         <value>0x7005f060</value>
         <object_component_ref idref="oc-94"/>
      </symbol>
      <symbol id="sm-73f">
         <name>exit</name>
         <value>0x7004c1e8</value>
         <object_component_ref idref="oc-95"/>
      </symbol>
      <symbol id="sm-743">
         <name>_lock</name>
         <value>0x7005f530</value>
         <object_component_ref idref="oc-10b"/>
      </symbol>
      <symbol id="sm-744">
         <name>_nop</name>
         <value>0x70043658</value>
         <object_component_ref idref="oc-16e"/>
      </symbol>
      <symbol id="sm-745">
         <name>_unlock</name>
         <value>0x7005f534</value>
         <object_component_ref idref="oc-10d"/>
      </symbol>
      <symbol id="sm-74a">
         <name>atoi</name>
         <value>0x7004afdc</value>
         <object_component_ref idref="oc-f6"/>
      </symbol>
      <symbol id="sm-74c">
         <name>__TI_ft_end</name>
         <value>0x7005f528</value>
         <object_component_ref idref="oc-2a7"/>
      </symbol>
      <symbol id="sm-74d">
         <name>__TI_tmpnams</name>
         <value>0x70051b88</value>
      </symbol>
      <symbol id="sm-74e">
         <name>_ftable</name>
         <value>0x7005f068</value>
         <object_component_ref idref="oc-160"/>
      </symbol>
      <symbol id="sm-768">
         <name>_sys_memory</name>
         <value>0x70051d38</value>
         <object_component_ref idref="oc-40"/>
      </symbol>
      <symbol id="sm-769">
         <name>aligned_alloc</name>
         <value>0x700469e0</value>
         <object_component_ref idref="oc-30c"/>
      </symbol>
      <symbol id="sm-76a">
         <name>free</name>
         <value>0x70046674</value>
         <object_component_ref idref="oc-2d5"/>
      </symbol>
      <symbol id="sm-76b">
         <name>malloc</name>
         <value>0x70043104</value>
         <object_component_ref idref="oc-2d6"/>
      </symbol>
      <symbol id="sm-76c">
         <name>memalign</name>
         <value>0x700469e0</value>
         <object_component_ref idref="oc-30c"/>
      </symbol>
      <symbol id="sm-770">
         <name>strcmp</name>
         <value>0x7004e4d4</value>
         <object_component_ref idref="oc-f5"/>
      </symbol>
      <symbol id="sm-775">
         <name>__TI_auto_init_nobinit_nopinit</name>
         <value>0x7004b9cc</value>
         <object_component_ref idref="oc-79"/>
      </symbol>
      <symbol id="sm-78d">
         <name>__TI_scanfi</name>
         <value>0x70040000</value>
         <object_component_ref idref="oc-15f"/>
      </symbol>
      <symbol id="sm-791">
         <name>__TI_doflush</name>
         <value>0x7004a6a0</value>
         <object_component_ref idref="oc-2a6"/>
      </symbol>
      <symbol id="sm-796">
         <name>__TI_cleanup</name>
         <value>0x7004c194</value>
         <object_component_ref idref="oc-2d7"/>
      </symbol>
      <symbol id="sm-79d">
         <name>fseek</name>
         <value>0x7004365c</value>
         <object_component_ref idref="oc-32c"/>
      </symbol>
      <symbol id="sm-79e">
         <name>fseeko</name>
         <value>0x700495c0</value>
         <object_component_ref idref="oc-332"/>
      </symbol>
      <symbol id="sm-7a7">
         <name>strtod</name>
         <value>0x70043b88</value>
         <object_component_ref idref="oc-254"/>
      </symbol>
      <symbol id="sm-7a8">
         <name>strtold</name>
         <value>0x70043b88</value>
         <object_component_ref idref="oc-254"/>
      </symbol>
      <symbol id="sm-7ad">
         <name>strtol</name>
         <value>0x70045928</value>
         <object_component_ref idref="oc-256"/>
      </symbol>
      <symbol id="sm-7b2">
         <name>strtoll</name>
         <value>0x70044b38</value>
         <object_component_ref idref="oc-258"/>
      </symbol>
      <symbol id="sm-7b7">
         <name>strtoul</name>
         <value>0x70046110</value>
         <object_component_ref idref="oc-253"/>
      </symbol>
      <symbol id="sm-7bc">
         <name>strtoull</name>
         <value>0x70045708</value>
         <object_component_ref idref="oc-257"/>
      </symbol>
      <symbol id="sm-7c1">
         <name>__TI_closefile</name>
         <value>0x700493a8</value>
         <object_component_ref idref="oc-30d"/>
      </symbol>
      <symbol id="sm-7c6">
         <name>ldexp</name>
         <value>0x700473f8</value>
         <object_component_ref idref="oc-2a0"/>
      </symbol>
      <symbol id="sm-7c7">
         <name>ldexpl</name>
         <value>0x700473f8</value>
         <object_component_ref idref="oc-2a0"/>
      </symbol>
      <symbol id="sm-7c8">
         <name>scalbn</name>
         <value>0x700473f8</value>
         <object_component_ref idref="oc-2a0"/>
      </symbol>
      <symbol id="sm-7c9">
         <name>scalbnl</name>
         <value>0x700473f8</value>
         <object_component_ref idref="oc-2a0"/>
      </symbol>
      <symbol id="sm-7ce">
         <name>__aeabi_errno</name>
         <value>0x7005f52c</value>
         <object_component_ref idref="oc-2d4"/>
      </symbol>
      <symbol id="sm-7cf">
         <name>__aeabi_errno_addr</name>
         <value>0x700413b4</value>
         <object_component_ref idref="oc-29f"/>
      </symbol>
      <symbol id="sm-7dc">
         <name>write</name>
         <value>0x7004d69c</value>
         <object_component_ref idref="oc-2d9"/>
      </symbol>
      <symbol id="sm-7de">
         <name>_device</name>
         <value>0x7005f1f4</value>
         <object_component_ref idref="oc-2d8"/>
      </symbol>
      <symbol id="sm-7df">
         <name>_stream</name>
         <value>0x7005f318</value>
         <object_component_ref idref="oc-2a5"/>
      </symbol>
      <symbol id="sm-7e3">
         <name>remove</name>
         <value>0x7004404c</value>
         <object_component_ref idref="oc-323"/>
      </symbol>
      <symbol id="sm-7e8">
         <name>read</name>
         <value>0x7004d668</value>
         <object_component_ref idref="oc-25d"/>
      </symbol>
      <symbol id="sm-7ee">
         <name>lseek</name>
         <value>0x7004d634</value>
         <object_component_ref idref="oc-335"/>
      </symbol>
      <symbol id="sm-7f3">
         <name>close</name>
         <value>0x7004a514</value>
         <object_component_ref idref="oc-322"/>
      </symbol>
      <symbol id="sm-7f8">
         <name>unlink</name>
         <value>0x7004c918</value>
         <object_component_ref idref="oc-32f"/>
      </symbol>
      <symbol id="sm-7fd">
         <name>HOSTclose</name>
         <value>0x7004b6d0</value>
         <object_component_ref idref="oc-30f"/>
      </symbol>
      <symbol id="sm-802">
         <name>HOSTlseek</name>
         <value>0x70049c74</value>
         <object_component_ref idref="oc-312"/>
      </symbol>
      <symbol id="sm-807">
         <name>HOSTopen</name>
         <value>0x70049f88</value>
         <object_component_ref idref="oc-30e"/>
      </symbol>
      <symbol id="sm-808">
         <name>parmbuf</name>
         <value>0x70051d18</value>
      </symbol>
      <symbol id="sm-80d">
         <name>HOSTread</name>
         <value>0x7004a388</value>
         <object_component_ref idref="oc-310"/>
      </symbol>
      <symbol id="sm-818">
         <name>HOSTrename</name>
         <value>0x70049bd4</value>
         <object_component_ref idref="oc-314"/>
      </symbol>
      <symbol id="sm-81d">
         <name>HOSTunlink</name>
         <value>0x7004af70</value>
         <object_component_ref idref="oc-313"/>
      </symbol>
      <symbol id="sm-822">
         <name>HOSTwrite</name>
         <value>0x7004a40c</value>
         <object_component_ref idref="oc-311"/>
      </symbol>
      <symbol id="sm-82a">
         <name>C$$IO$$</name>
         <value>0x7004be2c</value>
         <object_component_ref idref="oc-325"/>
      </symbol>
      <symbol id="sm-82b">
         <name>__CIOBUF_</name>
         <value>0x70051a68</value>
         <object_component_ref idref="oc-330"/>
      </symbol>
      <symbol id="sm-82c">
         <name>__TI_readmsg</name>
         <value>0x7004bd88</value>
         <object_component_ref idref="oc-326"/>
      </symbol>
      <symbol id="sm-82d">
         <name>__TI_writemsg</name>
         <value>0x7004bde0</value>
         <object_component_ref idref="oc-325"/>
      </symbol>
      <symbol id="sm-82f">
         <name>__aeabi_uidiv</name>
         <value>0x700462e0</value>
         <object_component_ref idref="oc-29e"/>
      </symbol>
      <symbol id="sm-830">
         <name>__udivsi3</name>
         <value>0x700462e0</value>
         <object_component_ref idref="oc-29e"/>
      </symbol>
      <symbol id="sm-836">
         <name>__aeabi_idiv0</name>
         <value>0x7004f190</value>
         <object_component_ref idref="oc-2d3"/>
      </symbol>
      <symbol id="sm-837">
         <name>__aeabi_ldiv0</name>
         <value>0x7004f1a0</value>
         <object_component_ref idref="oc-29d"/>
      </symbol>
      <symbol id="sm-839">
         <name>__aeabi_memcpy</name>
         <value>0x700444c8</value>
         <object_component_ref idref="oc-114"/>
      </symbol>
      <symbol id="sm-83a">
         <name>__aeabi_memcpy4</name>
         <value>0x700444c8</value>
         <object_component_ref idref="oc-114"/>
      </symbol>
      <symbol id="sm-83b">
         <name>__aeabi_memcpy8</name>
         <value>0x700444c8</value>
         <object_component_ref idref="oc-114"/>
      </symbol>
      <symbol id="sm-83d">
         <name>__aeabi_memclr</name>
         <value>0x7004eac4</value>
         <object_component_ref idref="oc-76"/>
      </symbol>
      <symbol id="sm-83e">
         <name>__aeabi_memclr4</name>
         <value>0x7004eac4</value>
         <object_component_ref idref="oc-76"/>
      </symbol>
      <symbol id="sm-83f">
         <name>__aeabi_memclr8</name>
         <value>0x7004eac4</value>
         <object_component_ref idref="oc-76"/>
      </symbol>
      <symbol id="sm-840">
         <name>__aeabi_memset</name>
         <value>0x7004eab4</value>
         <object_component_ref idref="oc-76"/>
      </symbol>
      <symbol id="sm-841">
         <name>__aeabi_memset4</name>
         <value>0x7004eab4</value>
         <object_component_ref idref="oc-76"/>
      </symbol>
      <symbol id="sm-842">
         <name>__aeabi_memset8</name>
         <value>0x7004eab4</value>
         <object_component_ref idref="oc-76"/>
      </symbol>
      <symbol id="sm-844">
         <name>__aeabi_uldivmod</name>
         <value>0x7004e4f8</value>
         <object_component_ref idref="oc-154"/>
      </symbol>
      <symbol id="sm-846">
         <name>__udivmoddi4</name>
         <value>0x70047a08</value>
         <object_component_ref idref="oc-251"/>
      </symbol>
      <symbol id="sm-84e">
         <name>finddevice</name>
         <value>0x7004b048</value>
         <object_component_ref idref="oc-336"/>
      </symbol>
      <symbol id="sm-84f">
         <name>getdevice</name>
         <value>0x70048a6c</value>
         <object_component_ref idref="oc-334"/>
      </symbol>
      <symbol id="sm-852">
         <name>TI_memcpy_small</name>
         <value>0x7004ea98</value>
         <object_component_ref idref="oc-261"/>
      </symbol>
      <symbol id="sm-855">
         <name>TI_memset_small</name>
         <value>0x7004ec88</value>
         <object_component_ref idref="oc-112"/>
      </symbol>
      <symbol id="sm-85e">
         <name>TaskP_yield</name>
         <value>0x7004f1f1</value>
         <object_component_ref idref="oc-2dc"/>
      </symbol>
      <symbol id="sm-85f">
         <name>_system_post_cinit</name>
         <value>0x0</value>
      </symbol>
      <symbol id="sm-860">
         <name>__TI_Handler_Table_Limit</name>
         <value>0x0</value>
      </symbol>
      <symbol id="sm-861">
         <name>__TI_Handler_Table_Base</name>
         <value>0x0</value>
      </symbol>
      <symbol id="sm-862">
         <name>__TI_CINIT_Base</name>
         <value>0x0</value>
      </symbol>
      <symbol id="sm-863">
         <name>__TI_CINIT_Limit</name>
         <value>0x0</value>
      </symbol>
   </symbol_table>
   <title>Link successful</title>
</link_info>
